198.27.82.210 - - [12/Jun/2019:09:42:17 +0000] "POST /xmlrpc.php HTTP/1.0" 200 607 "-" "Mozilla/5.0 (Windows NT 10.0; WOW64) AppleWebKit/537.36 (KHTML, like Gecko) Chrome/63.0.3239.132 Safari/537.36"
198.27.82.210 - - [12/Jun/2019:09:42:31 +0000] "POST /xmlrpc.php HTTP/1.0" 200 607 "-" "Mozilla/5.0 (Windows NT 10.0; WOW64) AppleWebKit/537.36 (KHTML, like Gecko) Chrome/63.0.3239.132 Safari/537.36"
198.27.82.210 - - [12/Jun/2019:09:42:45 +0000] "POST /xmlrpc.php HTTP/1.0" 200 607 "-" "Mozilla/5.0 (Windows NT 10.0; WOW64) AppleWebKit/537.36 (KHTML, like Gecko) Chrome/63.0.3239.132 Safari/537.36"
198.27.82.210 - - [12/Jun/2019:09:43:00 +0000] "POST /xmlrpc.php HTTP/1.0" 200 607 "-" "Mozilla/5.0 (Windows NT 10.0; WOW64) AppleWebKit/537.36 (KHTML, like Gecko) Chrome/63.0.3239.132 Safari/537.36"
198.27.82.210 - - [12/Jun/2019:09:43:14 +0000] "POST /xmlrpc.php HTTP/1.0" 200 607 "-" "Mozilla/5.0 (Windows NT 10.0; WOW64) AppleWebKit/537.36 (KHTML, like Gecko) Chrome/63.0.3239.132 Safari/537.36"
198.27.82.210 - - [12/Jun/2019:09:43:28 +0000] "POST /xmlrpc.php HTTP/1.0" 200 607 "-" "Mozilla/5.0 (Windows NT 10.0; WOW64) AppleWebKit/537.36 (KHTML, like Gecko) Chrome/63.0.3239.132 Safari/537.36"
198.27.82.210 - - [12/Jun/2019:09:43:43 +0000] "POST /xmlrpc.php HTTP/1.0" 200 607 "-" "Mozilla/5.0 (Windows NT 10.0; WOW64) AppleWebKit/537.36 (KHTML, like Gecko) Chrome/63.0.3239.132 Safari/537.36"
198.27.82.210 - - [12/Jun/2019:09:43:57 +0000] "POST /xmlrpc.php HTTP/1.0" 200 607 "-" "Mozilla/5.0 (Windows NT 10.0; WOW64) AppleWebKit/537.36 (KHTML, like Gecko) Chrome/63.0.3239.132 Safari/537.36"
198.27.82.210 - - [12/Jun/2019:09:44:11 +0000] "POST /xmlrpc.php HTTP/1.0" 200 607 "-" "Mozilla/5.0 (Windows NT 10.0; WOW64) AppleWebKit/537.36 (KHTML, like Gecko) Chrome/63.0.3239.132 Safari/537.36"
198.27.82.210 - - [12/Jun/2019:09:44:26 +0000] "POST /xmlrpc.php HTTP/1.0" 200 607 "-" "Mozilla/5.0 (Windows NT 10.0; WOW64) AppleWebKit/537.36 (KHTML, like Gecko) Chrome/63.0.3239.132 Safari/537.36"
198.27.82.210 - - [12/Jun/2019:09:44:40 +0000] "POST /xmlrpc.php HTTP/1.0" 200 607 "-" "Mozilla/5.0 (Windows NT 10.0; WOW64) AppleWebKit/537.36 (KHTML, like Gecko) Chrome/63.0.3239.132 Safari/537.36"
198.27.82.210 - - [12/Jun/2019:09:44:55 +0000] "POST /xmlrpc.php HTTP/1.0" 200 607 "-" "Mozilla/5.0 (Windows NT 10.0; WOW64) AppleWebKit/537.36 (KHTML, like Gecko) Chrome/63.0.3239.132 Safari/537.36"
198.27.82.210 - - [12/Jun/2019:09:45:09 +0000] "POST /xmlrpc.php HTTP/1.0" 200 607 "-" "Mozilla/5.0 (Windows NT 10.0; WOW64) AppleWebKit/537.36 (KHTML, like Gecko) Chrome/63.0.3239.132 Safari/537.36"
198.27.82.210 - - [12/Jun/2019:09:45:23 +0000] "POST /xmlrpc.php HTTP/1.0" 200 607 "-" "Mozilla/5.0 (Windows NT 10.0; WOW64) AppleWebKit/537.36 (KHTML, like Gecko) Chrome/63.0.3239.132 Safari/537.36"
46.229.168.154 - - [12/Jun/2019:09:45:30 +0000] "GET /tag/pascoa/ HTTP/1.0" 200 10429 "-" "Mozilla/5.0 (compatible; SemrushBot/3~bl; +http://www.semrush.com/bot.html)"
198.27.82.210 - - [12/Jun/2019:09:45:37 +0000] "POST /xmlrpc.php HTTP/1.0" 200 607 "-" "Mozilla/5.0 (Windows NT 10.0; WOW64) AppleWebKit/537.36 (KHTML, like Gecko) Chrome/63.0.3239.132 Safari/537.36"
198.27.82.210 - - [12/Jun/2019:09:45:52 +0000] "POST /xmlrpc.php HTTP/1.0" 200 607 "-" "Mozilla/5.0 (Windows NT 10.0; WOW64) AppleWebKit/537.36 (KHTML, like Gecko) Chrome/63.0.3239.132 Safari/537.36"
198.27.82.210 - - [12/Jun/2019:09:46:07 +0000] "POST /xmlrpc.php HTTP/1.0" 200 607 "-" "Mozilla/5.0 (Windows NT 10.0; WOW64) AppleWebKit/537.36 (KHTML, like Gecko) Chrome/63.0.3239.132 Safari/537.36"
198.27.82.210 - - [12/Jun/2019:09:46:21 +0000] "POST /xmlrpc.php HTTP/1.0" 200 607 "-" "Mozilla/5.0 (Windows NT 10.0; WOW64) AppleWebKit/537.36 (KHTML, like Gecko) Chrome/63.0.3239.132 Safari/537.36"
63.143.42.247 - - [12/Jun/2019:09:46:33 +0000] "HEAD / HTTP/1.0" 200 282 "https://simplydesignlife.com/" "Mozilla/5.0+(compatible; UptimeRobot/2.0; http://www.uptimerobot.com/)"
198.27.82.210 - - [12/Jun/2019:09:46:35 +0000] "POST /xmlrpc.php HTTP/1.0" 200 607 "-" "Mozilla/5.0 (Windows NT 10.0; WOW64) AppleWebKit/537.36 (KHTML, like Gecko) Chrome/63.0.3239.132 Safari/537.36"
198.27.82.210 - - [12/Jun/2019:09:46:50 +0000] "POST /xmlrpc.php HTTP/1.0" 200 607 "-" "Mozilla/5.0 (Windows NT 10.0; WOW64) AppleWebKit/537.36 (KHTML, like Gecko) Chrome/63.0.3239.132 Safari/537.36"
198.27.82.210 - - [12/Jun/2019:09:47:04 +0000] "POST /xmlrpc.php HTTP/1.0" 200 607 "-" "Mozilla/5.0 (Windows NT 10.0; WOW64) AppleWebKit/537.36 (KHTML, like Gecko) Chrome/63.0.3239.132 Safari/537.36"
198.27.82.210 - - [12/Jun/2019:09:47:18 +0000] "POST /xmlrpc.php HTTP/1.0" 200 607 "-" "Mozilla/5.0 (Windows NT 10.0; WOW64) AppleWebKit/537.36 (KHTML, like Gecko) Chrome/63.0.3239.132 Safari/537.36"
198.27.82.210 - - [12/Jun/2019:09:47:33 +0000] "POST /xmlrpc.php HTTP/1.0" 200 607 "-" "Mozilla/5.0 (Windows NT 10.0; WOW64) AppleWebKit/537.36 (KHTML, like Gecko) Chrome/63.0.3239.132 Safari/537.36"
198.27.82.210 - - [12/Jun/2019:09:47:47 +0000] "POST /xmlrpc.php HTTP/1.0" 200 607 "-" "Mozilla/5.0 (Windows NT 10.0; WOW64) AppleWebKit/537.36 (KHTML, like Gecko) Chrome/63.0.3239.132 Safari/537.36"
198.27.82.210 - - [12/Jun/2019:09:48:01 +0000] "POST /xmlrpc.php HTTP/1.0" 200 607 "-" "Mozilla/5.0 (Windows NT 10.0; WOW64) AppleWebKit/537.36 (KHTML, like Gecko) Chrome/63.0.3239.132 Safari/537.36"
83.223.227.211 - - [12/Jun/2019:09:48:22 +0000] "GET /?sccss=1&ver=c85f8a2759c0d44743bd6c393a4d53c1 HTTP/1.0" 200 1260 "https://homesweethome.com.pt/2017/02/02/fabulous-rooms-2/" "Mozilla/5.0 (Linux; Android 8.1.0; DUB-LX1) AppleWebKit/537.36 (KHTML, like Gecko) Chrome/73.0.3683.90 Mobile Safari/537.36"
83.223.227.211 - - [12/Jun/2019:09:48:22 +0000] "GET /?wordfence_syncAttackData=1560332898.9059 HTTP/1.0" 200 266 "https://homesweethome.com.pt/2017/02/02/fabulous-rooms-2/" "Mozilla/5.0 (Linux; Android 8.1.0; DUB-LX1) AppleWebKit/537.36 (KHTML, like Gecko) Chrome/73.0.3683.90 Mobile Safari/537.36"
83.223.227.211 - - [12/Jun/2019:09:48:25 +0000] "GET /?wordfence_lh=1&hid=DA5090C83ACD2C2F2FF407D76A8E6D47&r=0.27299259993356007 HTTP/1.0" 200 362 "https://homesweethome.com.pt/2017/02/02/fabulous-rooms-2/" "Mozilla/5.0 (Linux; Android 8.1.0; DUB-LX1) AppleWebKit/537.36 (KHTML, like Gecko) Chrome/73.0.3683.90 Mobile Safari/537.36"
198.27.82.210 - - [12/Jun/2019:09:48:16 +0000] "POST /xmlrpc.php HTTP/1.0" 200 607 "-" "Mozilla/5.0 (Windows NT 10.0; WOW64) AppleWebKit/537.36 (KHTML, like Gecko) Chrome/63.0.3239.132 Safari/537.36"
198.27.82.210 - - [12/Jun/2019:09:48:30 +0000] "POST /xmlrpc.php HTTP/1.0" 200 607 "-" "Mozilla/5.0 (Windows NT 10.0; WOW64) AppleWebKit/537.36 (KHTML, like Gecko) Chrome/63.0.3239.132 Safari/537.36"
167.99.92.90 - - [12/Jun/2019:09:48:45 +0000] "POST /wp-cron.php?doing_wp_cron=1560332925.0562229156494140625000 HTTP/1.0" 200 255 "http://simplydesignlife.com/wp-cron.php?doing_wp_cron=1560332925.0562229156494140625000" "WordPress/5.2.1; https://simplydesignlife.com"
198.27.82.210 - - [12/Jun/2019:09:48:44 +0000] "POST /xmlrpc.php HTTP/1.0" 200 607 "-" "Mozilla/5.0 (Windows NT 10.0; WOW64) AppleWebKit/537.36 (KHTML, like Gecko) Chrome/63.0.3239.132 Safari/537.36"
198.27.82.210 - - [12/Jun/2019:09:48:59 +0000] "POST /xmlrpc.php HTTP/1.0" 200 607 "-" "Mozilla/5.0 (Windows NT 10.0; WOW64) AppleWebKit/537.36 (KHTML, like Gecko) Chrome/63.0.3239.132 Safari/537.36"
198.27.82.210 - - [12/Jun/2019:09:49:13 +0000] "POST /xmlrpc.php HTTP/1.0" 200 607 "-" "Mozilla/5.0 (Windows NT 10.0; WOW64) AppleWebKit/537.36 (KHTML, like Gecko) Chrome/63.0.3239.132 Safari/537.36"
198.27.82.210 - - [12/Jun/2019:09:49:27 +0000] "POST /xmlrpc.php HTTP/1.0" 200 607 "-" "Mozilla/5.0 (Windows NT 10.0; WOW64) AppleWebKit/537.36 (KHTML, like Gecko) Chrome/63.0.3239.132 Safari/537.36"
198.27.82.210 - - [12/Jun/2019:09:49:42 +0000] "POST /xmlrpc.php HTTP/1.0" 200 607 "-" "Mozilla/5.0 (Windows NT 10.0; WOW64) AppleWebKit/537.36 (KHTML, like Gecko) Chrome/63.0.3239.132 Safari/537.36"
198.27.82.210 - - [12/Jun/2019:09:49:56 +0000] "POST /xmlrpc.php HTTP/1.0" 200 607 "-" "Mozilla/5.0 (Windows NT 10.0; WOW64) AppleWebKit/537.36 (KHTML, like Gecko) Chrome/63.0.3239.132 Safari/537.36"
198.27.82.210 - - [12/Jun/2019:09:50:10 +0000] "POST /xmlrpc.php HTTP/1.0" 200 607 "-" "Mozilla/5.0 (Windows NT 10.0; WOW64) AppleWebKit/537.36 (KHTML, like Gecko) Chrome/63.0.3239.132 Safari/537.36"
198.27.82.210 - - [12/Jun/2019:09:50:24 +0000] "POST /xmlrpc.php HTTP/1.0" 200 607 "-" "Mozilla/5.0 (Windows NT 10.0; WOW64) AppleWebKit/537.36 (KHTML, like Gecko) Chrome/63.0.3239.132 Safari/537.36"
198.27.82.210 - - [12/Jun/2019:09:50:38 +0000] "POST /xmlrpc.php HTTP/1.0" 200 607 "-" "Mozilla/5.0 (Windows NT 10.0; WOW64) AppleWebKit/537.36 (KHTML, like Gecko) Chrome/63.0.3239.132 Safari/537.36"
198.27.82.210 - - [12/Jun/2019:09:50:53 +0000] "POST /xmlrpc.php HTTP/1.0" 200 607 "-" "Mozilla/5.0 (Windows NT 10.0; WOW64) AppleWebKit/537.36 (KHTML, like Gecko) Chrome/63.0.3239.132 Safari/537.36"
198.27.82.210 - - [12/Jun/2019:09:51:07 +0000] "POST /xmlrpc.php HTTP/1.0" 200 607 "-" "Mozilla/5.0 (Windows NT 10.0; WOW64) AppleWebKit/537.36 (KHTML, like Gecko) Chrome/63.0.3239.132 Safari/537.36"
198.27.82.210 - - [12/Jun/2019:09:51:22 +0000] "POST /xmlrpc.php HTTP/1.0" 200 607 "-" "Mozilla/5.0 (Windows NT 10.0; WOW64) AppleWebKit/537.36 (KHTML, like Gecko) Chrome/63.0.3239.132 Safari/537.36"
63.143.42.247 - - [12/Jun/2019:09:51:33 +0000] "HEAD / HTTP/1.0" 200 282 "https://simplydesignlife.com/" "Mozilla/5.0+(compatible; UptimeRobot/2.0; http://www.uptimerobot.com/)"
198.27.82.210 - - [12/Jun/2019:09:51:36 +0000] "POST /xmlrpc.php HTTP/1.0" 200 607 "-" "Mozilla/5.0 (Windows NT 10.0; WOW64) AppleWebKit/537.36 (KHTML, like Gecko) Chrome/63.0.3239.132 Safari/537.36"
198.27.82.210 - - [12/Jun/2019:09:51:50 +0000] "POST /xmlrpc.php HTTP/1.0" 200 607 "-" "Mozilla/5.0 (Windows NT 10.0; WOW64) AppleWebKit/537.36 (KHTML, like Gecko) Chrome/63.0.3239.132 Safari/537.36"
198.27.82.210 - - [12/Jun/2019:09:52:04 +0000] "POST /xmlrpc.php HTTP/1.0" 200 607 "-" "Mozilla/5.0 (Windows NT 10.0; WOW64) AppleWebKit/537.36 (KHTML, like Gecko) Chrome/63.0.3239.132 Safari/537.36"
198.27.82.210 - - [12/Jun/2019:09:52:19 +0000] "POST /xmlrpc.php HTTP/1.0" 200 607 "-" "Mozilla/5.0 (Windows NT 10.0; WOW64) AppleWebKit/537.36 (KHTML, like Gecko) Chrome/63.0.3239.132 Safari/537.36"
198.27.82.210 - - [12/Jun/2019:09:52:33 +0000] "POST /xmlrpc.php HTTP/1.0" 200 607 "-" "Mozilla/5.0 (Windows NT 10.0; WOW64) AppleWebKit/537.36 (KHTML, like Gecko) Chrome/63.0.3239.132 Safari/537.36"
198.27.82.210 - - [12/Jun/2019:09:52:47 +0000] "POST /xmlrpc.php HTTP/1.0" 200 607 "-" "Mozilla/5.0 (Windows NT 10.0; WOW64) AppleWebKit/537.36 (KHTML, like Gecko) Chrome/63.0.3239.132 Safari/537.36"
198.27.82.210 - - [12/Jun/2019:09:53:02 +0000] "POST /xmlrpc.php HTTP/1.0" 200 607 "-" "Mozilla/5.0 (Windows NT 10.0; WOW64) AppleWebKit/537.36 (KHTML, like Gecko) Chrome/63.0.3239.132 Safari/537.36"
198.27.82.210 - - [12/Jun/2019:09:53:16 +0000] "POST /xmlrpc.php HTTP/1.0" 200 607 "-" "Mozilla/5.0 (Windows NT 10.0; WOW64) AppleWebKit/537.36 (KHTML, like Gecko) Chrome/63.0.3239.132 Safari/537.36"
198.27.82.210 - - [12/Jun/2019:09:53:30 +0000] "POST /xmlrpc.php HTTP/1.0" 200 607 "-" "Mozilla/5.0 (Windows NT 10.0; WOW64) AppleWebKit/537.36 (KHTML, like Gecko) Chrome/63.0.3239.132 Safari/537.36"
202.47.49.95 - - [12/Jun/2019:09:53:45 +0000] "GET /page/11/ HTTP/1.0" 200 17870 "https://gitscrum.com/zulzan-2/simply-design-life/issues/resize-the-image" "Mozilla/5.0 (Windows NT 10.0; Win64; x64) AppleWebKit/537.36 (KHTML, like Gecko) Chrome/74.0.3729.169 Safari/537.36"
202.47.49.95 - - [12/Jun/2019:09:53:48 +0000] "POST /wp-admin/admin-ajax.php HTTP/1.0" 200 20925 "https://simplydesignlife.com/page/11/" "Mozilla/5.0 (Windows NT 10.0; Win64; x64) AppleWebKit/537.36 (KHTML, like Gecko) Chrome/74.0.3729.169 Safari/537.36"
198.27.82.210 - - [12/Jun/2019:09:53:45 +0000] "POST /xmlrpc.php HTTP/1.0" 200 607 "-" "Mozilla/5.0 (Windows NT 10.0; WOW64) AppleWebKit/537.36 (KHTML, like Gecko) Chrome/63.0.3239.132 Safari/537.36"
198.27.82.210 - - [12/Jun/2019:09:53:59 +0000] "POST /xmlrpc.php HTTP/1.0" 200 607 "-" "Mozilla/5.0 (Windows NT 10.0; WOW64) AppleWebKit/537.36 (KHTML, like Gecko) Chrome/63.0.3239.132 Safari/537.36"
198.27.82.210 - - [12/Jun/2019:09:54:13 +0000] "POST /xmlrpc.php HTTP/1.0" 200 607 "-" "Mozilla/5.0 (Windows NT 10.0; WOW64) AppleWebKit/537.36 (KHTML, like Gecko) Chrome/63.0.3239.132 Safari/537.36"
198.27.82.210 - - [12/Jun/2019:09:54:28 +0000] "POST /xmlrpc.php HTTP/1.0" 200 607 "-" "Mozilla/5.0 (Windows NT 10.0; WOW64) AppleWebKit/537.36 (KHTML, like Gecko) Chrome/63.0.3239.132 Safari/537.36"
198.27.82.210 - - [12/Jun/2019:09:54:42 +0000] "POST /xmlrpc.php HTTP/1.0" 200 607 "-" "Mozilla/5.0 (Windows NT 10.0; WOW64) AppleWebKit/537.36 (KHTML, like Gecko) Chrome/63.0.3239.132 Safari/537.36"
31.13.127.9 - - [12/Jun/2019:09:54:49 +0000] "GET / HTTP/1.0" 206 12922 "-" "facebookexternalhit/1.1 (+http://www.facebook.com/externalhit_uatext.php)"
31.13.127.1 - - [12/Jun/2019:09:54:49 +0000] "GET / HTTP/1.0" 206 12922 "-" "facebookexternalhit/1.1 (+http://www.facebook.com/externalhit_uatext.php)"
31.13.127.19 - - [12/Jun/2019:09:54:49 +0000] "GET / HTTP/1.0" 206 12921 "-" "facebookexternalhit/1.1 (+http://www.facebook.com/externalhit_uatext.php)"
31.13.127.9 - - [12/Jun/2019:09:54:49 +0000] "GET / HTTP/1.0" 206 12922 "-" "facebookexternalhit/1.1 (+http://www.facebook.com/externalhit_uatext.php)"
31.13.127.34 - - [12/Jun/2019:09:54:49 +0000] "GET / HTTP/1.0" 206 12922 "-" "facebookexternalhit/1.1 (+http://www.facebook.com/externalhit_uatext.php)"
31.13.127.6 - - [12/Jun/2019:09:54:49 +0000] "GET / HTTP/1.0" 206 12921 "-" "facebookexternalhit/1.1 (+http://www.facebook.com/externalhit_uatext.php)"
31.13.127.34 - - [12/Jun/2019:09:54:49 +0000] "GET / HTTP/1.0" 206 12922 "-" "facebookexternalhit/1.1 (+http://www.facebook.com/externalhit_uatext.php)"
31.13.127.19 - - [12/Jun/2019:09:54:49 +0000] "GET / HTTP/1.0" 206 12922 "-" "facebookexternalhit/1.1 (+http://www.facebook.com/externalhit_uatext.php)"
31.13.127.35 - - [12/Jun/2019:09:54:51 +0000] "GET / HTTP/1.0" 206 12921 "-" "facebookexternalhit/1.1 (+http://www.facebook.com/externalhit_uatext.php)"
31.13.127.27 - - [12/Jun/2019:09:54:50 +0000] "GET / HTTP/1.0" 206 12921 "-" "facebookexternalhit/1.1 (+http://www.facebook.com/externalhit_uatext.php)"
31.13.127.22 - - [12/Jun/2019:09:54:50 +0000] "GET / HTTP/1.0" 206 12921 "-" "facebookexternalhit/1.1 (+http://www.facebook.com/externalhit_uatext.php)"
31.13.127.3 - - [12/Jun/2019:09:54:50 +0000] "GET / HTTP/1.0" 206 12921 "-" "facebookexternalhit/1.1 (+http://www.facebook.com/externalhit_uatext.php)"
31.13.127.22 - - [12/Jun/2019:09:54:51 +0000] "GET / HTTP/1.0" 206 12920 "-" "facebookexternalhit/1.1 (+http://www.facebook.com/externalhit_uatext.php)"
31.13.127.29 - - [12/Jun/2019:09:54:51 +0000] "GET / HTTP/1.0" 206 12922 "-" "facebookexternalhit/1.1 (+http://www.facebook.com/externalhit_uatext.php)"
31.13.127.5 - - [12/Jun/2019:09:54:51 +0000] "GET / HTTP/1.0" 206 12922 "-" "facebookexternalhit/1.1 (+http://www.facebook.com/externalhit_uatext.php)"
31.13.127.7 - - [12/Jun/2019:09:54:51 +0000] "GET / HTTP/1.0" 206 12920 "-" "facebookexternalhit/1.1 (+http://www.facebook.com/externalhit_uatext.php)"
31.13.127.38 - - [12/Jun/2019:09:54:52 +0000] "GET / HTTP/1.0" 206 12922 "-" "facebookexternalhit/1.1 (+http://www.facebook.com/externalhit_uatext.php)"
31.13.127.29 - - [12/Jun/2019:09:54:52 +0000] "GET / HTTP/1.0" 206 12920 "-" "facebookexternalhit/1.1 (+http://www.facebook.com/externalhit_uatext.php)"
31.13.127.42 - - [12/Jun/2019:09:54:52 +0000] "GET / HTTP/1.0" 206 12921 "-" "facebookexternalhit/1.1 (+http://www.facebook.com/externalhit_uatext.php)"
31.13.127.7 - - [12/Jun/2019:09:54:52 +0000] "GET / HTTP/1.0" 206 12923 "-" "facebookexternalhit/1.1 (+http://www.facebook.com/externalhit_uatext.php)"
31.13.127.22 - - [12/Jun/2019:09:54:51 +0000] "GET / HTTP/1.0" 206 12921 "-" "facebookexternalhit/1.1 (+http://www.facebook.com/externalhit_uatext.php)"
31.13.127.20 - - [12/Jun/2019:09:54:53 +0000] "GET /contact HTTP/1.0" 301 344 "-" "facebookexternalhit/1.1 (+http://www.facebook.com/externalhit_uatext.php)"
31.13.127.7 - - [12/Jun/2019:09:54:52 +0000] "GET / HTTP/1.0" 206 12923 "-" "facebookexternalhit/1.1 (+http://www.facebook.com/externalhit_uatext.php)"
31.13.127.29 - - [12/Jun/2019:09:54:52 +0000] "GET / HTTP/1.0" 206 12922 "-" "facebookexternalhit/1.1 (+http://www.facebook.com/externalhit_uatext.php)"
31.13.127.33 - - [12/Jun/2019:09:54:52 +0000] "GET / HTTP/1.0" 206 12924 "-" "facebookexternalhit/1.1 (+http://www.facebook.com/externalhit_uatext.php)"
31.13.127.42 - - [12/Jun/2019:09:54:53 +0000] "GET / HTTP/1.0" 206 12921 "-" "facebookexternalhit/1.1 (+http://www.facebook.com/externalhit_uatext.php)"
31.13.127.19 - - [12/Jun/2019:09:54:54 +0000] "GET /contact HTTP/1.0" 301 344 "-" "facebookexternalhit/1.1 (+http://www.facebook.com/externalhit_uatext.php)"
31.13.127.15 - - [12/Jun/2019:09:54:54 +0000] "GET /contact HTTP/1.0" 301 344 "-" "facebookexternalhit/1.1 (+http://www.facebook.com/externalhit_uatext.php)"
31.13.127.8 - - [12/Jun/2019:09:54:54 +0000] "GET /contact HTTP/1.0" 301 344 "-" "facebookexternalhit/1.1 (+http://www.facebook.com/externalhit_uatext.php)"
31.13.127.11 - - [12/Jun/2019:09:54:53 +0000] "GET / HTTP/1.0" 206 12921 "-" "facebookexternalhit/1.1 (+http://www.facebook.com/externalhit_uatext.php)"
31.13.127.1 - - [12/Jun/2019:09:54:54 +0000] "GET /contact HTTP/1.0" 301 344 "-" "facebookexternalhit/1.1 (+http://www.facebook.com/externalhit_uatext.php)"
31.13.127.11 - - [12/Jun/2019:09:54:53 +0000] "GET / HTTP/1.0" 206 12922 "-" "facebookexternalhit/1.1 (+http://www.facebook.com/externalhit_uatext.php)"
31.13.127.34 - - [12/Jun/2019:09:54:54 +0000] "GET /contact HTTP/1.0" 301 344 "-" "facebookexternalhit/1.1 (+http://www.facebook.com/externalhit_uatext.php)"
31.13.127.13 - - [12/Jun/2019:09:54:53 +0000] "GET / HTTP/1.0" 206 12922 "-" "facebookexternalhit/1.1 (+http://www.facebook.com/externalhit_uatext.php)"
31.13.127.16 - - [12/Jun/2019:09:54:53 +0000] "GET / HTTP/1.0" 206 12924 "-" "facebookexternalhit/1.1 (+http://www.facebook.com/externalhit_uatext.php)"
31.13.127.12 - - [12/Jun/2019:09:54:53 +0000] "GET / HTTP/1.0" 206 12922 "-" "facebookexternalhit/1.1 (+http://www.facebook.com/externalhit_uatext.php)"
31.13.127.28 - - [12/Jun/2019:09:54:54 +0000] "GET / HTTP/1.0" 206 12921 "-" "facebookexternalhit/1.1 (+http://www.facebook.com/externalhit_uatext.php)"
31.13.127.16 - - [12/Jun/2019:09:54:53 +0000] "GET / HTTP/1.0" 206 12922 "-" "facebookexternalhit/1.1 (+http://www.facebook.com/externalhit_uatext.php)"
31.13.127.27 - - [12/Jun/2019:09:54:54 +0000] "GET /contact HTTP/1.0" 301 344 "-" "facebookexternalhit/1.1 (+http://www.facebook.com/externalhit_uatext.php)"
31.13.127.43 - - [12/Jun/2019:09:54:54 +0000] "GET / HTTP/1.0" 206 12923 "-" "facebookexternalhit/1.1 (+http://www.facebook.com/externalhit_uatext.php)"
31.13.127.6 - - [12/Jun/2019:09:54:54 +0000] "GET /contact HTTP/1.0" 301 344 "-" "facebookexternalhit/1.1 (+http://www.facebook.com/externalhit_uatext.php)"
31.13.127.27 - - [12/Jun/2019:09:54:55 +0000] "GET /contact HTTP/1.0" 301 344 "-" "facebookexternalhit/1.1 (+http://www.facebook.com/externalhit_uatext.php)"
31.13.127.27 - - [12/Jun/2019:09:54:54 +0000] "GET /contact HTTP/1.0" 301 344 "-" "facebookexternalhit/1.1 (+http://www.facebook.com/externalhit_uatext.php)"
31.13.127.15 - - [12/Jun/2019:09:54:54 +0000] "GET /contact HTTP/1.0" 301 344 "-" "facebookexternalhit/1.1 (+http://www.facebook.com/externalhit_uatext.php)"
31.13.127.33 - - [12/Jun/2019:09:54:56 +0000] "GET /contact HTTP/1.0" 301 344 "-" "facebookexternalhit/1.1 (+http://www.facebook.com/externalhit_uatext.php)"
31.13.127.45 - - [12/Jun/2019:09:54:56 +0000] "GET /contact HTTP/1.0" 301 344 "-" "facebookexternalhit/1.1 (+http://www.facebook.com/externalhit_uatext.php)"
31.13.127.7 - - [12/Jun/2019:09:54:56 +0000] "GET /contact HTTP/1.0" 301 344 "-" "facebookexternalhit/1.1 (+http://www.facebook.com/externalhit_uatext.php)"
31.13.127.27 - - [12/Jun/2019:09:54:55 +0000] "GET /contact HTTP/1.0" 301 344 "-" "facebookexternalhit/1.1 (+http://www.facebook.com/externalhit_uatext.php)"
31.13.127.13 - - [12/Jun/2019:09:54:56 +0000] "GET / HTTP/1.0" 206 12923 "-" "facebookexternalhit/1.1 (+http://www.facebook.com/externalhit_uatext.php)"
31.13.127.21 - - [12/Jun/2019:09:54:56 +0000] "GET /contact HTTP/1.0" 301 344 "-" "facebookexternalhit/1.1 (+http://www.facebook.com/externalhit_uatext.php)"
31.13.127.18 - - [12/Jun/2019:09:54:56 +0000] "GET / HTTP/1.0" 206 12923 "-" "facebookexternalhit/1.1 (+http://www.facebook.com/externalhit_uatext.php)"
31.13.127.42 - - [12/Jun/2019:09:54:57 +0000] "GET /contact HTTP/1.0" 301 344 "-" "facebookexternalhit/1.1 (+http://www.facebook.com/externalhit_uatext.php)"
31.13.127.7 - - [12/Jun/2019:09:54:57 +0000] "GET /contact HTTP/1.0" 301 344 "-" "facebookexternalhit/1.1 (+http://www.facebook.com/externalhit_uatext.php)"
31.13.127.9 - - [12/Jun/2019:09:54:56 +0000] "GET / HTTP/1.0" 206 12922 "-" "facebookexternalhit/1.1 (+http://www.facebook.com/externalhit_uatext.php)"
31.13.127.11 - - [12/Jun/2019:09:54:56 +0000] "GET /contact HTTP/1.0" 301 344 "-" "facebookexternalhit/1.1 (+http://www.facebook.com/externalhit_uatext.php)"
31.13.127.16 - - [12/Jun/2019:09:54:56 +0000] "GET / HTTP/1.0" 206 12924 "-" "facebookexternalhit/1.1 (+http://www.facebook.com/externalhit_uatext.php)"
31.13.127.27 - - [12/Jun/2019:09:54:57 +0000] "GET /contact HTTP/1.0" 301 344 "-" "facebookexternalhit/1.1 (+http://www.facebook.com/externalhit_uatext.php)"
31.13.127.1 - - [12/Jun/2019:09:54:56 +0000] "GET / HTTP/1.0" 206 12925 "-" "facebookexternalhit/1.1 (+http://www.facebook.com/externalhit_uatext.php)"
31.13.127.38 - - [12/Jun/2019:09:54:57 +0000] "GET /contact HTTP/1.0" 301 344 "-" "facebookexternalhit/1.1 (+http://www.facebook.com/externalhit_uatext.php)"
31.13.127.38 - - [12/Jun/2019:09:54:58 +0000] "GET /contact HTTP/1.0" 301 344 "-" "facebookexternalhit/1.1 (+http://www.facebook.com/externalhit_uatext.php)"
31.13.127.31 - - [12/Jun/2019:09:54:56 +0000] "GET / HTTP/1.0" 206 12922 "-" "facebookexternalhit/1.1 (+http://www.facebook.com/externalhit_uatext.php)"
31.13.127.7 - - [12/Jun/2019:09:54:58 +0000] "GET /contact HTTP/1.0" 301 344 "-" "facebookexternalhit/1.1 (+http://www.facebook.com/externalhit_uatext.php)"
31.13.127.31 - - [12/Jun/2019:09:54:56 +0000] "GET / HTTP/1.0" 206 12922 "-" "facebookexternalhit/1.1 (+http://www.facebook.com/externalhit_uatext.php)"
31.13.127.9 - - [12/Jun/2019:09:54:56 +0000] "GET / HTTP/1.0" 206 12922 "-" "facebookexternalhit/1.1 (+http://www.facebook.com/externalhit_uatext.php)"
31.13.127.20 - - [12/Jun/2019:09:54:57 +0000] "GET /contact/ HTTP/1.0" 206 15120 "-" "facebookexternalhit/1.1 (+http://www.facebook.com/externalhit_uatext.php)"
31.13.127.30 - - [12/Jun/2019:09:54:59 +0000] "GET /contact HTTP/1.0" 301 344 "-" "facebookexternalhit/1.1 (+http://www.facebook.com/externalhit_uatext.php)"
31.13.127.28 - - [12/Jun/2019:09:54:59 +0000] "GET /contact HTTP/1.0" 301 344 "-" "facebookexternalhit/1.1 (+http://www.facebook.com/externalhit_uatext.php)"
31.13.127.22 - - [12/Jun/2019:09:54:59 +0000] "GET /contact HTTP/1.0" 301 344 "-" "facebookexternalhit/1.1 (+http://www.facebook.com/externalhit_uatext.php)"
31.13.127.19 - - [12/Jun/2019:09:54:58 +0000] "GET /contact/ HTTP/1.0" 206 15118 "-" "facebookexternalhit/1.1 (+http://www.facebook.com/externalhit_uatext.php)"
31.13.127.38 - - [12/Jun/2019:09:54:59 +0000] "GET /contact HTTP/1.0" 301 344 "-" "facebookexternalhit/1.1 (+http://www.facebook.com/externalhit_uatext.php)"
31.13.127.13 - - [12/Jun/2019:09:54:59 +0000] "GET /contact HTTP/1.0" 301 344 "-" "facebookexternalhit/1.1 (+http://www.facebook.com/externalhit_uatext.php)"
31.13.127.15 - - [12/Jun/2019:09:54:59 +0000] "GET /contact/ HTTP/1.0" 206 15118 "-" "facebookexternalhit/1.1 (+http://www.facebook.com/externalhit_uatext.php)"
31.13.127.12 - - [12/Jun/2019:09:54:53 +0000] "GET / HTTP/1.0" 206 12921 "-" "facebookexternalhit/1.1 (+http://www.facebook.com/externalhit_uatext.php)"
31.13.127.1 - - [12/Jun/2019:09:54:59 +0000] "GET /contact/ HTTP/1.0" 206 15115 "-" "facebookexternalhit/1.1 (+http://www.facebook.com/externalhit_uatext.php)"
31.13.127.34 - - [12/Jun/2019:09:54:59 +0000] "GET /contact/ HTTP/1.0" 206 15117 "-" "facebookexternalhit/1.1 (+http://www.facebook.com/externalhit_uatext.php)"
31.13.127.33 - - [12/Jun/2019:09:55:00 +0000] "GET /contact HTTP/1.0" 301 344 "-" "facebookexternalhit/1.1 (+http://www.facebook.com/externalhit_uatext.php)"
31.13.127.8 - - [12/Jun/2019:09:54:59 +0000] "GET /contact/ HTTP/1.0" 206 15116 "-" "facebookexternalhit/1.1 (+http://www.facebook.com/externalhit_uatext.php)"
31.13.127.42 - - [12/Jun/2019:09:55:00 +0000] "GET /contact HTTP/1.0" 301 344 "-" "facebookexternalhit/1.1 (+http://www.facebook.com/externalhit_uatext.php)"
31.13.127.33 - - [12/Jun/2019:09:55:00 +0000] "GET /contact HTTP/1.0" 301 344 "-" "facebookexternalhit/1.1 (+http://www.facebook.com/externalhit_uatext.php)"
31.13.127.30 - - [12/Jun/2019:09:55:01 +0000] "GET /contact HTTP/1.0" 301 344 "-" "facebookexternalhit/1.1 (+http://www.facebook.com/externalhit_uatext.php)"
31.13.127.27 - - [12/Jun/2019:09:55:00 +0000] "GET /contact/ HTTP/1.0" 206 15116 "-" "facebookexternalhit/1.1 (+http://www.facebook.com/externalhit_uatext.php)"
31.13.127.27 - - [12/Jun/2019:09:55:01 +0000] "GET /contact/ HTTP/1.0" 206 15113 "-" "facebookexternalhit/1.1 (+http://www.facebook.com/externalhit_uatext.php)"
31.13.127.27 - - [12/Jun/2019:09:55:01 +0000] "GET /contact/ HTTP/1.0" 206 15118 "-" "facebookexternalhit/1.1 (+http://www.facebook.com/externalhit_uatext.php)"
31.13.127.33 - - [12/Jun/2019:09:55:01 +0000] "GET /contact/ HTTP/1.0" 206 15115 "-" "facebookexternalhit/1.1 (+http://www.facebook.com/externalhit_uatext.php)"
31.13.127.21 - - [12/Jun/2019:09:55:03 +0000] "GET /contact/ HTTP/1.0" 206 15115 "-" "facebookexternalhit/1.1 (+http://www.facebook.com/externalhit_uatext.php)"
31.13.127.27 - - [12/Jun/2019:09:55:02 +0000] "GET /contact/ HTTP/1.0" 206 15117 "-" "facebookexternalhit/1.1 (+http://www.facebook.com/externalhit_uatext.php)"
31.13.127.7 - - [12/Jun/2019:09:55:02 +0000] "GET /contact/ HTTP/1.0" 206 15116 "-" "facebookexternalhit/1.1 (+http://www.facebook.com/externalhit_uatext.php)"
31.13.127.45 - - [12/Jun/2019:09:55:02 +0000] "GET /contact/ HTTP/1.0" 206 15115 "-" "facebookexternalhit/1.1 (+http://www.facebook.com/externalhit_uatext.php)"
31.13.127.11 - - [12/Jun/2019:09:55:03 +0000] "GET /contact/ HTTP/1.0" 206 15116 "-" "facebookexternalhit/1.1 (+http://www.facebook.com/externalhit_uatext.php)"
31.13.127.7 - - [12/Jun/2019:09:55:03 +0000] "GET /contact/ HTTP/1.0" 206 15119 "-" "facebookexternalhit/1.1 (+http://www.facebook.com/externalhit_uatext.php)"
31.13.127.38 - - [12/Jun/2019:09:55:05 +0000] "GET /contact/ HTTP/1.0" 206 15120 "-" "facebookexternalhit/1.1 (+http://www.facebook.com/externalhit_uatext.php)"
31.13.127.7 - - [12/Jun/2019:09:55:05 +0000] "GET /contact/ HTTP/1.0" 206 15120 "-" "facebookexternalhit/1.1 (+http://www.facebook.com/externalhit_uatext.php)"
31.13.127.42 - - [12/Jun/2019:09:55:03 +0000] "GET /contact/ HTTP/1.0" 206 15119 "-" "facebookexternalhit/1.1 (+http://www.facebook.com/externalhit_uatext.php)"
31.13.127.38 - - [12/Jun/2019:09:55:05 +0000] "GET /contact/ HTTP/1.0" 206 15114 "-" "facebookexternalhit/1.1 (+http://www.facebook.com/externalhit_uatext.php)"
31.13.127.27 - - [12/Jun/2019:09:55:04 +0000] "GET /contact/ HTTP/1.0" 206 15116 "-" "facebookexternalhit/1.1 (+http://www.facebook.com/externalhit_uatext.php)"
31.13.127.1 - - [12/Jun/2019:09:55:05 +0000] "GET / HTTP/1.0" 206 12920 "-" "facebookexternalhit/1.1 (+http://www.facebook.com/externalhit_uatext.php)"
31.13.127.9 - - [12/Jun/2019:09:55:05 +0000] "GET / HTTP/1.0" 206 12922 "-" "facebookexternalhit/1.1 (+http://www.facebook.com/externalhit_uatext.php)"
31.13.127.13 - - [12/Jun/2019:09:55:05 +0000] "GET / HTTP/1.0" 206 12923 "-" "facebookexternalhit/1.1 (+http://www.facebook.com/externalhit_uatext.php)"
31.13.127.18 - - [12/Jun/2019:09:55:05 +0000] "GET / HTTP/1.0" 206 12922 "-" "facebookexternalhit/1.1 (+http://www.facebook.com/externalhit_uatext.php)"
31.13.127.1 - - [12/Jun/2019:09:55:05 +0000] "GET / HTTP/1.0" 206 12923 "-" "facebookexternalhit/1.1 (+http://www.facebook.com/externalhit_uatext.php)"
31.13.127.1 - - [12/Jun/2019:09:55:05 +0000] "GET / HTTP/1.0" 206 12923 "-" "facebookexternalhit/1.1 (+http://www.facebook.com/externalhit_uatext.php)"
31.13.127.13 - - [12/Jun/2019:09:55:05 +0000] "GET / HTTP/1.0" 206 12920 "-" "facebookexternalhit/1.1 (+http://www.facebook.com/externalhit_uatext.php)"
31.13.127.30 - - [12/Jun/2019:09:55:06 +0000] "GET /contact/ HTTP/1.0" 206 15118 "-" "facebookexternalhit/1.1 (+http://www.facebook.com/externalhit_uatext.php)"
198.27.82.210 - - [12/Jun/2019:09:54:57 +0000] "POST /xmlrpc.php HTTP/1.0" 200 607 "-" "Mozilla/5.0 (Windows NT 10.0; WOW64) AppleWebKit/537.36 (KHTML, like Gecko) Chrome/63.0.3239.132 Safari/537.36"
31.13.127.9 - - [12/Jun/2019:09:55:06 +0000] "GET / HTTP/1.0" 206 12920 "-" "facebookexternalhit/1.1 (+http://www.facebook.com/externalhit_uatext.php)"
31.13.127.13 - - [12/Jun/2019:09:55:05 +0000] "GET / HTTP/1.0" 206 12920 "-" "facebookexternalhit/1.1 (+http://www.facebook.com/externalhit_uatext.php)"
31.13.127.19 - - [12/Jun/2019:09:55:06 +0000] "GET / HTTP/1.0" 206 12922 "-" "facebookexternalhit/1.1 (+http://www.facebook.com/externalhit_uatext.php)"
31.13.127.34 - - [12/Jun/2019:09:55:06 +0000] "GET / HTTP/1.0" 206 12921 "-" "facebookexternalhit/1.1 (+http://www.facebook.com/externalhit_uatext.php)"
31.13.127.42 - - [12/Jun/2019:09:55:08 +0000] "GET /contact/ HTTP/1.0" 206 15118 "-" "facebookexternalhit/1.1 (+http://www.facebook.com/externalhit_uatext.php)"
31.13.127.28 - - [12/Jun/2019:09:55:06 +0000] "GET /contact/ HTTP/1.0" 206 15116 "-" "facebookexternalhit/1.1 (+http://www.facebook.com/externalhit_uatext.php)"
31.13.127.30 - - [12/Jun/2019:09:55:08 +0000] "GET /contact/ HTTP/1.0" 206 15117 "-" "facebookexternalhit/1.1 (+http://www.facebook.com/externalhit_uatext.php)"
31.13.127.38 - - [12/Jun/2019:09:55:07 +0000] "GET /contact/ HTTP/1.0" 206 15115 "-" "facebookexternalhit/1.1 (+http://www.facebook.com/externalhit_uatext.php)"
31.13.127.22 - - [12/Jun/2019:09:55:06 +0000] "GET /contact/ HTTP/1.0" 206 15116 "-" "facebookexternalhit/1.1 (+http://www.facebook.com/externalhit_uatext.php)"
31.13.127.33 - - [12/Jun/2019:09:55:08 +0000] "GET /contact/ HTTP/1.0" 206 15116 "-" "facebookexternalhit/1.1 (+http://www.facebook.com/externalhit_uatext.php)"
31.13.127.33 - - [12/Jun/2019:09:55:08 +0000] "GET /contact/ HTTP/1.0" 206 15116 "-" "facebookexternalhit/1.1 (+http://www.facebook.com/externalhit_uatext.php)"
31.13.127.4 - - [12/Jun/2019:09:55:18 +0000] "GET / HTTP/1.0" 206 12921 "-" "facebookexternalhit/1.1 (+http://www.facebook.com/externalhit_uatext.php)"
31.13.127.20 - - [12/Jun/2019:09:55:18 +0000] "GET / HTTP/1.0" 206 12920 "-" "facebookexternalhit/1.1 (+http://www.facebook.com/externalhit_uatext.php)"
31.13.127.4 - - [12/Jun/2019:09:55:18 +0000] "GET / HTTP/1.0" 206 12921 "-" "facebookexternalhit/1.1 (+http://www.facebook.com/externalhit_uatext.php)"
31.13.127.6 - - [12/Jun/2019:09:55:18 +0000] "GET / HTTP/1.0" 206 12920 "-" "facebookexternalhit/1.1 (+http://www.facebook.com/externalhit_uatext.php)"
31.13.127.4 - - [12/Jun/2019:09:55:17 +0000] "GET / HTTP/1.0" 206 12921 "-" "facebookexternalhit/1.1 (+http://www.facebook.com/externalhit_uatext.php)"
202.47.49.95 - - [12/Jun/2019:09:55:23 +0000] "GET /page/12/ HTTP/1.0" 200 17704 "https://gitscrum.com/zulzan-2/simply-design-life/issues/resize-the-image" "Mozilla/5.0 (Windows NT 10.0; Win64; x64) AppleWebKit/537.36 (KHTML, like Gecko) Chrome/74.0.3729.169 Safari/537.36"
198.27.82.210 - - [12/Jun/2019:09:55:10 +0000] "POST /xmlrpc.php HTTP/1.0" 200 607 "-" "Mozilla/5.0 (Windows NT 10.0; WOW64) AppleWebKit/537.36 (KHTML, like Gecko) Chrome/63.0.3239.132 Safari/537.36"
202.47.49.95 - - [12/Jun/2019:09:55:26 +0000] "POST /wp-admin/admin-ajax.php HTTP/1.0" 200 20925 "https://simplydesignlife.com/page/12/" "Mozilla/5.0 (Windows NT 10.0; Win64; x64) AppleWebKit/537.36 (KHTML, like Gecko) Chrome/74.0.3729.169 Safari/537.36"
198.27.82.210 - - [12/Jun/2019:09:55:25 +0000] "POST /xmlrpc.php HTTP/1.0" 200 607 "-" "Mozilla/5.0 (Windows NT 10.0; WOW64) AppleWebKit/537.36 (KHTML, like Gecko) Chrome/63.0.3239.132 Safari/537.36"
198.27.82.210 - - [12/Jun/2019:09:55:39 +0000] "POST /xmlrpc.php HTTP/1.0" 200 607 "-" "Mozilla/5.0 (Windows NT 10.0; WOW64) AppleWebKit/537.36 (KHTML, like Gecko) Chrome/63.0.3239.132 Safari/537.36"
198.27.82.210 - - [12/Jun/2019:09:55:53 +0000] "POST /xmlrpc.php HTTP/1.0" 200 607 "-" "Mozilla/5.0 (Windows NT 10.0; WOW64) AppleWebKit/537.36 (KHTML, like Gecko) Chrome/63.0.3239.132 Safari/537.36"
198.27.82.210 - - [12/Jun/2019:09:56:08 +0000] "POST /xmlrpc.php HTTP/1.0" 200 607 "-" "Mozilla/5.0 (Windows NT 10.0; WOW64) AppleWebKit/537.36 (KHTML, like Gecko) Chrome/63.0.3239.132 Safari/537.36"
63.143.42.247 - - [12/Jun/2019:09:56:33 +0000] "HEAD / HTTP/1.0" 200 282 "https://simplydesignlife.com/" "Mozilla/5.0+(compatible; UptimeRobot/2.0; http://www.uptimerobot.com/)"
198.27.82.210 - - [12/Jun/2019:09:56:22 +0000] "POST /xmlrpc.php HTTP/1.0" 200 607 "-" "Mozilla/5.0 (Windows NT 10.0; WOW64) AppleWebKit/537.36 (KHTML, like Gecko) Chrome/63.0.3239.132 Safari/537.36"
198.27.82.210 - - [12/Jun/2019:09:56:37 +0000] "POST /xmlrpc.php HTTP/1.0" 200 607 "-" "Mozilla/5.0 (Windows NT 10.0; WOW64) AppleWebKit/537.36 (KHTML, like Gecko) Chrome/63.0.3239.132 Safari/537.36"
198.27.82.210 - - [12/Jun/2019:09:56:51 +0000] "POST /xmlrpc.php HTTP/1.0" 200 607 "-" "Mozilla/5.0 (Windows NT 10.0; WOW64) AppleWebKit/537.36 (KHTML, like Gecko) Chrome/63.0.3239.132 Safari/537.36"
198.27.82.210 - - [12/Jun/2019:09:57:06 +0000] "POST /xmlrpc.php HTTP/1.0" 200 607 "-" "Mozilla/5.0 (Windows NT 10.0; WOW64) AppleWebKit/537.36 (KHTML, like Gecko) Chrome/63.0.3239.132 Safari/537.36"
198.27.82.210 - - [12/Jun/2019:09:57:20 +0000] "POST /xmlrpc.php HTTP/1.0" 200 607 "-" "Mozilla/5.0 (Windows NT 10.0; WOW64) AppleWebKit/537.36 (KHTML, like Gecko) Chrome/63.0.3239.132 Safari/537.36"
198.27.82.210 - - [12/Jun/2019:09:57:34 +0000] "POST /xmlrpc.php HTTP/1.0" 200 607 "-" "Mozilla/5.0 (Windows NT 10.0; WOW64) AppleWebKit/537.36 (KHTML, like Gecko) Chrome/63.0.3239.132 Safari/537.36"
198.27.82.210 - - [12/Jun/2019:09:57:48 +0000] "POST /xmlrpc.php HTTP/1.0" 200 607 "-" "Mozilla/5.0 (Windows NT 10.0; WOW64) AppleWebKit/537.36 (KHTML, like Gecko) Chrome/63.0.3239.132 Safari/537.36"
198.27.82.210 - - [12/Jun/2019:09:58:03 +0000] "POST /xmlrpc.php HTTP/1.0" 200 607 "-" "Mozilla/5.0 (Windows NT 10.0; WOW64) AppleWebKit/537.36 (KHTML, like Gecko) Chrome/63.0.3239.132 Safari/537.36"
198.27.82.210 - - [12/Jun/2019:09:58:17 +0000] "POST /xmlrpc.php HTTP/1.0" 200 607 "-" "Mozilla/5.0 (Windows NT 10.0; WOW64) AppleWebKit/537.36 (KHTML, like Gecko) Chrome/63.0.3239.132 Safari/537.36"
167.99.92.90 - - [12/Jun/2019:09:58:32 +0000] "POST /wp-cron.php?doing_wp_cron=1560333512.1035609245300292968750 HTTP/1.0" 200 255 "http://simplydesignlife.com/wp-cron.php?doing_wp_cron=1560333512.1035609245300292968750" "WordPress/5.2.1; https://simplydesignlife.com"
198.27.82.210 - - [12/Jun/2019:09:58:31 +0000] "POST /xmlrpc.php HTTP/1.0" 200 607 "-" "Mozilla/5.0 (Windows NT 10.0; WOW64) AppleWebKit/537.36 (KHTML, like Gecko) Chrome/63.0.3239.132 Safari/537.36"
198.27.82.210 - - [12/Jun/2019:09:58:46 +0000] "POST /xmlrpc.php HTTP/1.0" 200 607 "-" "Mozilla/5.0 (Windows NT 10.0; WOW64) AppleWebKit/537.36 (KHTML, like Gecko) Chrome/63.0.3239.132 Safari/537.36"
198.27.82.210 - - [12/Jun/2019:09:59:00 +0000] "POST /xmlrpc.php HTTP/1.0" 200 607 "-" "Mozilla/5.0 (Windows NT 10.0; WOW64) AppleWebKit/537.36 (KHTML, like Gecko) Chrome/63.0.3239.132 Safari/537.36"
198.27.82.210 - - [12/Jun/2019:09:59:14 +0000] "POST /xmlrpc.php HTTP/1.0" 200 607 "-" "Mozilla/5.0 (Windows NT 10.0; WOW64) AppleWebKit/537.36 (KHTML, like Gecko) Chrome/63.0.3239.132 Safari/537.36"
198.27.82.210 - - [12/Jun/2019:09:59:29 +0000] "POST /xmlrpc.php HTTP/1.0" 200 607 "-" "Mozilla/5.0 (Windows NT 10.0; WOW64) AppleWebKit/537.36 (KHTML, like Gecko) Chrome/63.0.3239.132 Safari/537.36"
198.27.82.210 - - [12/Jun/2019:09:59:43 +0000] "POST /xmlrpc.php HTTP/1.0" 200 607 "-" "Mozilla/5.0 (Windows NT 10.0; WOW64) AppleWebKit/537.36 (KHTML, like Gecko) Chrome/63.0.3239.132 Safari/537.36"
198.27.82.210 - - [12/Jun/2019:09:59:57 +0000] "POST /xmlrpc.php HTTP/1.0" 200 607 "-" "Mozilla/5.0 (Windows NT 10.0; WOW64) AppleWebKit/537.36 (KHTML, like Gecko) Chrome/63.0.3239.132 Safari/537.36"
178.128.194.144 - - [12/Jun/2019:10:00:12 +0000] "GET / HTTP/1.0" 200 12865 "-" "'Mozilla/5.0 (Windows NT 10.0; Win64; x64) AppleWebKit/537.36 (KHTML, like Gecko) Chrome/68.0.3440.106 Safari/537.36'"
198.27.82.210 - - [12/Jun/2019:10:00:11 +0000] "POST /xmlrpc.php HTTP/1.0" 200 607 "-" "Mozilla/5.0 (Windows NT 10.0; WOW64) AppleWebKit/537.36 (KHTML, like Gecko) Chrome/63.0.3239.132 Safari/537.36"
198.27.82.210 - - [12/Jun/2019:10:00:26 +0000] "POST /xmlrpc.php HTTP/1.0" 200 607 "-" "Mozilla/5.0 (Windows NT 10.0; WOW64) AppleWebKit/537.36 (KHTML, like Gecko) Chrome/63.0.3239.132 Safari/537.36"
198.27.82.210 - - [12/Jun/2019:10:00:40 +0000] "POST /xmlrpc.php HTTP/1.0" 200 607 "-" "Mozilla/5.0 (Windows NT 10.0; WOW64) AppleWebKit/537.36 (KHTML, like Gecko) Chrome/63.0.3239.132 Safari/537.36"
198.27.82.210 - - [12/Jun/2019:10:00:54 +0000] "POST /xmlrpc.php HTTP/1.0" 200 607 "-" "Mozilla/5.0 (Windows NT 10.0; WOW64) AppleWebKit/537.36 (KHTML, like Gecko) Chrome/63.0.3239.132 Safari/537.36"
198.27.82.210 - - [12/Jun/2019:10:01:09 +0000] "POST /xmlrpc.php HTTP/1.0" 200 607 "-" "Mozilla/5.0 (Windows NT 10.0; WOW64) AppleWebKit/537.36 (KHTML, like Gecko) Chrome/63.0.3239.132 Safari/537.36"
63.143.42.247 - - [12/Jun/2019:10:01:33 +0000] "HEAD / HTTP/1.0" 200 282 "https://simplydesignlife.com/" "Mozilla/5.0+(compatible; UptimeRobot/2.0; http://www.uptimerobot.com/)"
198.27.82.210 - - [12/Jun/2019:10:01:23 +0000] "POST /xmlrpc.php HTTP/1.0" 200 607 "-" "Mozilla/5.0 (Windows NT 10.0; WOW64) AppleWebKit/537.36 (KHTML, like Gecko) Chrome/63.0.3239.132 Safari/537.36"
207.46.13.205 - - [12/Jun/2019:10:01:39 +0000] "GET /wp-content/cache/busting/google-tracking/ga-415daebee6888069f0c30e43134edf98.js HTTP/1.0" 404 10279 "-" "Mozilla/5.0 (compatible; bingbot/2.0; +http://www.bing.com/bingbot.htm)"
198.27.82.210 - - [12/Jun/2019:10:01:37 +0000] "POST /xmlrpc.php HTTP/1.0" 200 607 "-" "Mozilla/5.0 (Windows NT 10.0; WOW64) AppleWebKit/537.36 (KHTML, like Gecko) Chrome/63.0.3239.132 Safari/537.36"
198.27.82.210 - - [12/Jun/2019:10:01:51 +0000] "POST /xmlrpc.php HTTP/1.0" 200 607 "-" "Mozilla/5.0 (Windows NT 10.0; WOW64) AppleWebKit/537.36 (KHTML, like Gecko) Chrome/63.0.3239.132 Safari/537.36"
198.27.82.210 - - [12/Jun/2019:10:02:06 +0000] "POST /xmlrpc.php HTTP/1.0" 200 607 "-" "Mozilla/5.0 (Windows NT 10.0; WOW64) AppleWebKit/537.36 (KHTML, like Gecko) Chrome/63.0.3239.132 Safari/537.36"
198.27.82.210 - - [12/Jun/2019:10:02:20 +0000] "POST /xmlrpc.php HTTP/1.0" 200 607 "-" "Mozilla/5.0 (Windows NT 10.0; WOW64) AppleWebKit/537.36 (KHTML, like Gecko) Chrome/63.0.3239.132 Safari/537.36"
198.27.82.210 - - [12/Jun/2019:10:02:34 +0000] "POST /xmlrpc.php HTTP/1.0" 200 607 "-" "Mozilla/5.0 (Windows NT 10.0; WOW64) AppleWebKit/537.36 (KHTML, like Gecko) Chrome/63.0.3239.132 Safari/537.36"
198.27.82.210 - - [12/Jun/2019:10:02:48 +0000] "POST /xmlrpc.php HTTP/1.0" 200 607 "-" "Mozilla/5.0 (Windows NT 10.0; WOW64) AppleWebKit/537.36 (KHTML, like Gecko) Chrome/63.0.3239.132 Safari/537.36"
198.27.82.210 - - [12/Jun/2019:10:03:03 +0000] "POST /xmlrpc.php HTTP/1.0" 200 607 "-" "Mozilla/5.0 (Windows NT 10.0; WOW64) AppleWebKit/537.36 (KHTML, like Gecko) Chrome/63.0.3239.132 Safari/537.36"
198.27.82.210 - - [12/Jun/2019:10:03:18 +0000] "POST /xmlrpc.php HTTP/1.0" 200 607 "-" "Mozilla/5.0 (Windows NT 10.0; WOW64) AppleWebKit/537.36 (KHTML, like Gecko) Chrome/63.0.3239.132 Safari/537.36"
198.27.82.210 - - [12/Jun/2019:10:03:33 +0000] "POST /xmlrpc.php HTTP/1.0" 200 607 "-" "Mozilla/5.0 (Windows NT 10.0; WOW64) AppleWebKit/537.36 (KHTML, like Gecko) Chrome/63.0.3239.132 Safari/537.36"
198.27.82.210 - - [12/Jun/2019:10:03:49 +0000] "POST /xmlrpc.php HTTP/1.0" 200 607 "-" "Mozilla/5.0 (Windows NT 10.0; WOW64) AppleWebKit/537.36 (KHTML, like Gecko) Chrome/63.0.3239.132 Safari/537.36"
94.60.41.178 - - [12/Jun/2019:10:03:53 +0000] "GET /?fbclid=IwAR330qXztFRmtn4mr31653wFy928TiVgPixiZVNL1x2vAkL9S8LkcGe_qvQ HTTP/1.0" 200 18850 "http://l.facebook.com/l.php?u=http%3A%2F%2Fsimplydesignlife.com%2F%3Ffbclid%3DIwAR330qXztFRmtn4mr31653wFy928TiVgPixiZVNL1x2vAkL9S8LkcGe_qvQ&h=AT1S2CcrO4k9Zz3m6kJX2MGVqwuQFRmMY23_pu4GbJsY662SsMvUFeN3CGrV0erPSTKAh8iYuwpDhb9cMlkule2ED8_2YN4CnfT7MsZvGWCoyWNtDmqtosMlWCRzvM7fnxa9UQs" "Mozilla/5.0 (Windows NT 6.3; WOW64; Trident/7.0; rv:11.0) like Gecko"
94.60.41.178 - - [12/Jun/2019:10:03:55 +0000] "GET /wp-includes/fonts/dashicons.eot?50db0456fde2a241f005968eede3f987 HTTP/1.0" 200 26538 "http://simplydesignlife.com/?fbclid=IwAR330qXztFRmtn4mr31653wFy928TiVgPixiZVNL1x2vAkL9S8LkcGe_qvQ" "Mozilla/5.0 (Windows NT 6.3; WOW64; Trident/7.0; rv:11.0) like Gecko"
94.60.41.178 - - [12/Jun/2019:10:03:55 +0000] "POST /wp-admin/admin-ajax.php HTTP/1.0" 200 20924 "http://simplydesignlife.com/?fbclid=IwAR330qXztFRmtn4mr31653wFy928TiVgPixiZVNL1x2vAkL9S8LkcGe_qvQ" "Mozilla/5.0 (Windows NT 6.3; WOW64; Trident/7.0; rv:11.0) like Gecko"
94.60.41.178 - - [12/Jun/2019:10:03:55 +0000] "GET /wp-content/plugins/social-warfare/assets/fonts/sw-icon-font.eot?ver=3.6.1 HTTP/1.0" 200 4984 "http://simplydesignlife.com/?fbclid=IwAR330qXztFRmtn4mr31653wFy928TiVgPixiZVNL1x2vAkL9S8LkcGe_qvQ" "Mozilla/5.0 (Windows NT 6.3; WOW64; Trident/7.0; rv:11.0) like Gecko"
198.27.82.210 - - [12/Jun/2019:10:04:04 +0000] "POST /xmlrpc.php HTTP/1.0" 200 607 "-" "Mozilla/5.0 (Windows NT 10.0; WOW64) AppleWebKit/537.36 (KHTML, like Gecko) Chrome/63.0.3239.132 Safari/537.36"
198.27.82.210 - - [12/Jun/2019:10:04:19 +0000] "POST /xmlrpc.php HTTP/1.0" 200 607 "-" "Mozilla/5.0 (Windows NT 10.0; WOW64) AppleWebKit/537.36 (KHTML, like Gecko) Chrome/63.0.3239.132 Safari/537.36"
198.27.82.210 - - [12/Jun/2019:10:04:35 +0000] "POST /xmlrpc.php HTTP/1.0" 200 607 "-" "Mozilla/5.0 (Windows NT 10.0; WOW64) AppleWebKit/537.36 (KHTML, like Gecko) Chrome/63.0.3239.132 Safari/537.36"
198.27.82.210 - - [12/Jun/2019:10:04:50 +0000] "POST /xmlrpc.php HTTP/1.0" 200 607 "-" "Mozilla/5.0 (Windows NT 10.0; WOW64) AppleWebKit/537.36 (KHTML, like Gecko) Chrome/63.0.3239.132 Safari/537.36"
198.27.82.210 - - [12/Jun/2019:10:05:06 +0000] "POST /xmlrpc.php HTTP/1.0" 200 607 "-" "Mozilla/5.0 (Windows NT 10.0; WOW64) AppleWebKit/537.36 (KHTML, like Gecko) Chrome/63.0.3239.132 Safari/537.36"
198.27.82.210 - - [12/Jun/2019:10:05:21 +0000] "POST /xmlrpc.php HTTP/1.0" 200 607 "-" "Mozilla/5.0 (Windows NT 10.0; WOW64) AppleWebKit/537.36 (KHTML, like Gecko) Chrome/63.0.3239.132 Safari/537.36"
198.27.82.210 - - [12/Jun/2019:10:05:36 +0000] "POST /xmlrpc.php HTTP/1.0" 200 607 "-" "Mozilla/5.0 (Windows NT 10.0; WOW64) AppleWebKit/537.36 (KHTML, like Gecko) Chrome/63.0.3239.132 Safari/537.36"
198.27.82.210 - - [12/Jun/2019:10:05:51 +0000] "POST /xmlrpc.php HTTP/1.0" 200 607 "-" "Mozilla/5.0 (Windows NT 10.0; WOW64) AppleWebKit/537.36 (KHTML, like Gecko) Chrome/63.0.3239.132 Safari/537.36"
198.27.82.210 - - [12/Jun/2019:10:06:07 +0000] "POST /xmlrpc.php HTTP/1.0" 200 607 "-" "Mozilla/5.0 (Windows NT 10.0; WOW64) AppleWebKit/537.36 (KHTML, like Gecko) Chrome/63.0.3239.132 Safari/537.36"
198.27.82.210 - - [12/Jun/2019:10:06:22 +0000] "POST /xmlrpc.php HTTP/1.0" 200 607 "-" "Mozilla/5.0 (Windows NT 10.0; WOW64) AppleWebKit/537.36 (KHTML, like Gecko) Chrome/63.0.3239.132 Safari/537.36"
63.143.42.247 - - [12/Jun/2019:10:06:33 +0000] "HEAD / HTTP/1.0" 200 282 "https://simplydesignlife.com/" "Mozilla/5.0+(compatible; UptimeRobot/2.0; http://www.uptimerobot.com/)"
198.27.82.210 - - [12/Jun/2019:10:06:37 +0000] "POST /xmlrpc.php HTTP/1.0" 200 607 "-" "Mozilla/5.0 (Windows NT 10.0; WOW64) AppleWebKit/537.36 (KHTML, like Gecko) Chrome/63.0.3239.132 Safari/537.36"
198.27.82.210 - - [12/Jun/2019:10:06:52 +0000] "POST /xmlrpc.php HTTP/1.0" 200 607 "-" "Mozilla/5.0 (Windows NT 10.0; WOW64) AppleWebKit/537.36 (KHTML, like Gecko) Chrome/63.0.3239.132 Safari/537.36"
198.27.82.210 - - [12/Jun/2019:10:07:08 +0000] "POST /xmlrpc.php HTTP/1.0" 200 607 "-" "Mozilla/5.0 (Windows NT 10.0; WOW64) AppleWebKit/537.36 (KHTML, like Gecko) Chrome/63.0.3239.132 Safari/537.36"
198.27.82.210 - - [12/Jun/2019:10:07:23 +0000] "POST /xmlrpc.php HTTP/1.0" 200 607 "-" "Mozilla/5.0 (Windows NT 10.0; WOW64) AppleWebKit/537.36 (KHTML, like Gecko) Chrome/63.0.3239.132 Safari/537.36"
198.27.82.210 - - [12/Jun/2019:10:07:38 +0000] "POST /xmlrpc.php HTTP/1.0" 200 607 "-" "Mozilla/5.0 (Windows NT 10.0; WOW64) AppleWebKit/537.36 (KHTML, like Gecko) Chrome/63.0.3239.132 Safari/537.36"
198.27.82.210 - - [12/Jun/2019:10:07:53 +0000] "POST /xmlrpc.php HTTP/1.0" 200 607 "-" "Mozilla/5.0 (Windows NT 10.0; WOW64) AppleWebKit/537.36 (KHTML, like Gecko) Chrome/63.0.3239.132 Safari/537.36"
202.47.49.95 - - [12/Jun/2019:10:08:10 +0000] "GET / HTTP/1.0" 200 18858 "https://simplydesignlife.com/wp-admin/theme-editor.php?file=functions.php&theme=restored316-captivating" "Mozilla/5.0 (Windows NT 10.0; Win64; x64) AppleWebKit/537.36 (KHTML, like Gecko) Chrome/74.0.3729.169 Safari/537.36"
202.47.49.95 - - [12/Jun/2019:10:08:14 +0000] "POST /wp-admin/admin-ajax.php HTTP/1.0" 200 20925 "https://simplydesignlife.com/" "Mozilla/5.0 (Windows NT 10.0; Win64; x64) AppleWebKit/537.36 (KHTML, like Gecko) Chrome/74.0.3729.169 Safari/537.36"
198.27.82.210 - - [12/Jun/2019:10:08:08 +0000] "POST /xmlrpc.php HTTP/1.0" 200 607 "-" "Mozilla/5.0 (Windows NT 10.0; WOW64) AppleWebKit/537.36 (KHTML, like Gecko) Chrome/63.0.3239.132 Safari/537.36"
202.47.49.95 - - [12/Jun/2019:10:08:22 +0000] "GET / HTTP/1.0" 200 18858 "https://simplydesignlife.com/wp-admin/theme-editor.php?file=functions.php&theme=restored316-captivating" "Mozilla/5.0 (Windows NT 10.0; Win64; x64) AppleWebKit/537.36 (KHTML, like Gecko) Chrome/74.0.3729.169 Safari/537.36"
198.27.82.210 - - [12/Jun/2019:10:08:23 +0000] "POST /xmlrpc.php HTTP/1.0" 200 607 "-" "Mozilla/5.0 (Windows NT 10.0; WOW64) AppleWebKit/537.36 (KHTML, like Gecko) Chrome/63.0.3239.132 Safari/537.36"
202.47.49.95 - - [12/Jun/2019:10:08:30 +0000] "GET /wp-content/plugins/social-warfare/assets/fonts/sw-icon-font.woff?ver=3.6.1 HTTP/1.0" 200 5246 "https://simplydesignlife.com/" "Mozilla/5.0 (Windows NT 10.0; Win64; x64) AppleWebKit/537.36 (KHTML, like Gecko) Chrome/74.0.3729.169 Safari/537.36"
202.47.49.95 - - [12/Jun/2019:10:08:33 +0000] "POST /wp-admin/admin-ajax.php HTTP/1.0" 200 20925 "https://simplydesignlife.com/" "Mozilla/5.0 (Windows NT 10.0; Win64; x64) AppleWebKit/537.36 (KHTML, like Gecko) Chrome/74.0.3729.169 Safari/537.36"
202.47.49.95 - - [12/Jun/2019:10:08:42 +0000] "GET /wp-content/plugins/wp-rocket/assets/js/lazyload/11.0.6/lazyload.min.js.map HTTP/1.0" 200 7139 "-" "Mozilla/5.0 (Windows NT 10.0; Win64; x64) AppleWebKit/537.36 (KHTML, like Gecko) Chrome/74.0.3729.169 Safari/537.36"
198.27.82.210 - - [12/Jun/2019:10:08:38 +0000] "POST /xmlrpc.php HTTP/1.0" 200 607 "-" "Mozilla/5.0 (Windows NT 10.0; WOW64) AppleWebKit/537.36 (KHTML, like Gecko) Chrome/63.0.3239.132 Safari/537.36"
198.27.82.210 - - [12/Jun/2019:10:08:54 +0000] "POST /xmlrpc.php HTTP/1.0" 200 607 "-" "Mozilla/5.0 (Windows NT 10.0; WOW64) AppleWebKit/537.36 (KHTML, like Gecko) Chrome/63.0.3239.132 Safari/537.36"
198.27.82.210 - - [12/Jun/2019:10:09:09 +0000] "POST /xmlrpc.php HTTP/1.0" 200 607 "-" "Mozilla/5.0 (Windows NT 10.0; WOW64) AppleWebKit/537.36 (KHTML, like Gecko) Chrome/63.0.3239.132 Safari/537.36"
198.27.82.210 - - [12/Jun/2019:10:09:24 +0000] "POST /xmlrpc.php HTTP/1.0" 200 607 "-" "Mozilla/5.0 (Windows NT 10.0; WOW64) AppleWebKit/537.36 (KHTML, like Gecko) Chrome/63.0.3239.132 Safari/537.36"
198.27.82.210 - - [12/Jun/2019:10:09:39 +0000] "POST /xmlrpc.php HTTP/1.0" 200 607 "-" "Mozilla/5.0 (Windows NT 10.0; WOW64) AppleWebKit/537.36 (KHTML, like Gecko) Chrome/63.0.3239.132 Safari/537.36"
198.27.82.210 - - [12/Jun/2019:10:09:55 +0000] "POST /xmlrpc.php HTTP/1.0" 200 607 "-" "Mozilla/5.0 (Windows NT 10.0; WOW64) AppleWebKit/537.36 (KHTML, like Gecko) Chrome/63.0.3239.132 Safari/537.36"
198.27.82.210 - - [12/Jun/2019:10:10:09 +0000] "POST /xmlrpc.php HTTP/1.0" 200 607 "-" "Mozilla/5.0 (Windows NT 10.0; WOW64) AppleWebKit/537.36 (KHTML, like Gecko) Chrome/63.0.3239.132 Safari/537.36"
198.27.82.210 - - [12/Jun/2019:10:10:24 +0000] "POST /xmlrpc.php HTTP/1.0" 200 607 "-" "Mozilla/5.0 (Windows NT 10.0; WOW64) AppleWebKit/537.36 (KHTML, like Gecko) Chrome/63.0.3239.132 Safari/537.36"
198.27.82.210 - - [12/Jun/2019:10:10:39 +0000] "POST /xmlrpc.php HTTP/1.0" 200 607 "-" "Mozilla/5.0 (Windows NT 10.0; WOW64) AppleWebKit/537.36 (KHTML, like Gecko) Chrome/63.0.3239.132 Safari/537.36"
198.27.82.210 - - [12/Jun/2019:10:10:54 +0000] "POST /xmlrpc.php HTTP/1.0" 200 607 "-" "Mozilla/5.0 (Windows NT 10.0; WOW64) AppleWebKit/537.36 (KHTML, like Gecko) Chrome/63.0.3239.132 Safari/537.36"
198.27.82.210 - - [12/Jun/2019:10:11:09 +0000] "POST /xmlrpc.php HTTP/1.0" 200 607 "-" "Mozilla/5.0 (Windows NT 10.0; WOW64) AppleWebKit/537.36 (KHTML, like Gecko) Chrome/63.0.3239.132 Safari/537.36"
198.27.82.210 - - [12/Jun/2019:10:11:24 +0000] "POST /xmlrpc.php HTTP/1.0" 200 607 "-" "Mozilla/5.0 (Windows NT 10.0; WOW64) AppleWebKit/537.36 (KHTML, like Gecko) Chrome/63.0.3239.132 Safari/537.36"
