198.27.82.210 - - [12/Jun/2019:07:39:26 +0000] "POST /xmlrpc.php HTTP/1.0" 200 607 "-" "Mozilla/5.0 (Windows NT 10.0; WOW64) AppleWebKit/537.36 (KHTML, like Gecko) Chrome/63.0.3239.132 Safari/537.36"
167.99.92.90 - - [12/Jun/2019:07:39:41 +0000] "POST /wp-cron.php?doing_wp_cron=1560325181.2035329341888427734375 HTTP/1.0" 200 255 "http://simplydesignlife.com/wp-cron.php?doing_wp_cron=1560325181.2035329341888427734375" "WordPress/5.2.1; https://simplydesignlife.com"
198.27.82.210 - - [12/Jun/2019:07:39:41 +0000] "POST /xmlrpc.php HTTP/1.0" 200 607 "-" "Mozilla/5.0 (Windows NT 10.0; WOW64) AppleWebKit/537.36 (KHTML, like Gecko) Chrome/63.0.3239.132 Safari/537.36"
198.27.82.210 - - [12/Jun/2019:07:39:55 +0000] "POST /xmlrpc.php HTTP/1.0" 200 607 "-" "Mozilla/5.0 (Windows NT 10.0; WOW64) AppleWebKit/537.36 (KHTML, like Gecko) Chrome/63.0.3239.132 Safari/537.36"
198.27.82.210 - - [12/Jun/2019:07:40:09 +0000] "POST /xmlrpc.php HTTP/1.0" 200 607 "-" "Mozilla/5.0 (Windows NT 10.0; WOW64) AppleWebKit/537.36 (KHTML, like Gecko) Chrome/63.0.3239.132 Safari/537.36"
198.27.82.210 - - [12/Jun/2019:07:40:23 +0000] "POST /xmlrpc.php HTTP/1.0" 200 607 "-" "Mozilla/5.0 (Windows NT 10.0; WOW64) AppleWebKit/537.36 (KHTML, like Gecko) Chrome/63.0.3239.132 Safari/537.36"
34.231.5.82 - - [12/Jun/2019:07:40:38 +0000] "HEAD /vila-joya-boutique-hotel/ HTTP/1.0" 200 282 "-" "Blackboard Safeassign"
34.231.5.82 - - [12/Jun/2019:07:40:38 +0000] "GET /vila-joya-boutique-hotel/ HTTP/1.0" 200 15368 "-" "Blackboard Safeassign"
198.27.82.210 - - [12/Jun/2019:07:40:37 +0000] "POST /xmlrpc.php HTTP/1.0" 200 607 "-" "Mozilla/5.0 (Windows NT 10.0; WOW64) AppleWebKit/537.36 (KHTML, like Gecko) Chrome/63.0.3239.132 Safari/537.36"
198.27.82.210 - - [12/Jun/2019:07:40:51 +0000] "POST /xmlrpc.php HTTP/1.0" 200 607 "-" "Mozilla/5.0 (Windows NT 10.0; WOW64) AppleWebKit/537.36 (KHTML, like Gecko) Chrome/63.0.3239.132 Safari/537.36"
198.27.82.210 - - [12/Jun/2019:07:41:06 +0000] "POST /xmlrpc.php HTTP/1.0" 200 607 "-" "Mozilla/5.0 (Windows NT 10.0; WOW64) AppleWebKit/537.36 (KHTML, like Gecko) Chrome/63.0.3239.132 Safari/537.36"
198.27.82.210 - - [12/Jun/2019:07:41:20 +0000] "POST /xmlrpc.php HTTP/1.0" 200 607 "-" "Mozilla/5.0 (Windows NT 10.0; WOW64) AppleWebKit/537.36 (KHTML, like Gecko) Chrome/63.0.3239.132 Safari/537.36"
63.143.42.247 - - [12/Jun/2019:07:41:34 +0000] "HEAD / HTTP/1.0" 200 282 "https://simplydesignlife.com/" "Mozilla/5.0+(compatible; UptimeRobot/2.0; http://www.uptimerobot.com/)"
198.27.82.210 - - [12/Jun/2019:07:41:34 +0000] "POST /xmlrpc.php HTTP/1.0" 200 607 "-" "Mozilla/5.0 (Windows NT 10.0; WOW64) AppleWebKit/537.36 (KHTML, like Gecko) Chrome/63.0.3239.132 Safari/537.36"
198.27.82.210 - - [12/Jun/2019:07:41:48 +0000] "POST /xmlrpc.php HTTP/1.0" 200 607 "-" "Mozilla/5.0 (Windows NT 10.0; WOW64) AppleWebKit/537.36 (KHTML, like Gecko) Chrome/63.0.3239.132 Safari/537.36"
198.27.82.210 - - [12/Jun/2019:07:42:03 +0000] "POST /xmlrpc.php HTTP/1.0" 200 607 "-" "Mozilla/5.0 (Windows NT 10.0; WOW64) AppleWebKit/537.36 (KHTML, like Gecko) Chrome/63.0.3239.132 Safari/537.36"
198.27.82.210 - - [12/Jun/2019:07:42:17 +0000] "POST /xmlrpc.php HTTP/1.0" 200 607 "-" "Mozilla/5.0 (Windows NT 10.0; WOW64) AppleWebKit/537.36 (KHTML, like Gecko) Chrome/63.0.3239.132 Safari/537.36"
198.27.82.210 - - [12/Jun/2019:07:42:31 +0000] "POST /xmlrpc.php HTTP/1.0" 200 607 "-" "Mozilla/5.0 (Windows NT 10.0; WOW64) AppleWebKit/537.36 (KHTML, like Gecko) Chrome/63.0.3239.132 Safari/537.36"
198.27.82.210 - - [12/Jun/2019:07:42:46 +0000] "POST /xmlrpc.php HTTP/1.0" 200 607 "-" "Mozilla/5.0 (Windows NT 10.0; WOW64) AppleWebKit/537.36 (KHTML, like Gecko) Chrome/63.0.3239.132 Safari/537.36"
198.27.82.210 - - [12/Jun/2019:07:43:00 +0000] "POST /xmlrpc.php HTTP/1.0" 200 607 "-" "Mozilla/5.0 (Windows NT 10.0; WOW64) AppleWebKit/537.36 (KHTML, like Gecko) Chrome/63.0.3239.132 Safari/537.36"
198.27.82.210 - - [12/Jun/2019:07:43:14 +0000] "POST /xmlrpc.php HTTP/1.0" 200 607 "-" "Mozilla/5.0 (Windows NT 10.0; WOW64) AppleWebKit/537.36 (KHTML, like Gecko) Chrome/63.0.3239.132 Safari/537.36"
198.27.82.210 - - [12/Jun/2019:07:43:29 +0000] "POST /xmlrpc.php HTTP/1.0" 200 607 "-" "Mozilla/5.0 (Windows NT 10.0; WOW64) AppleWebKit/537.36 (KHTML, like Gecko) Chrome/63.0.3239.132 Safari/537.36"
198.27.82.210 - - [12/Jun/2019:07:43:43 +0000] "POST /xmlrpc.php HTTP/1.0" 200 607 "-" "Mozilla/5.0 (Windows NT 10.0; WOW64) AppleWebKit/537.36 (KHTML, like Gecko) Chrome/63.0.3239.132 Safari/537.36"
198.27.82.210 - - [12/Jun/2019:07:43:58 +0000] "POST /xmlrpc.php HTTP/1.0" 200 607 "-" "Mozilla/5.0 (Windows NT 10.0; WOW64) AppleWebKit/537.36 (KHTML, like Gecko) Chrome/63.0.3239.132 Safari/537.36"
198.27.82.210 - - [12/Jun/2019:07:44:12 +0000] "POST /xmlrpc.php HTTP/1.0" 200 607 "-" "Mozilla/5.0 (Windows NT 10.0; WOW64) AppleWebKit/537.36 (KHTML, like Gecko) Chrome/63.0.3239.132 Safari/537.36"
198.27.82.210 - - [12/Jun/2019:07:44:27 +0000] "POST /xmlrpc.php HTTP/1.0" 200 607 "-" "Mozilla/5.0 (Windows NT 10.0; WOW64) AppleWebKit/537.36 (KHTML, like Gecko) Chrome/63.0.3239.132 Safari/537.36"
198.27.82.210 - - [12/Jun/2019:07:44:41 +0000] "POST /xmlrpc.php HTTP/1.0" 200 607 "-" "Mozilla/5.0 (Windows NT 10.0; WOW64) AppleWebKit/537.36 (KHTML, like Gecko) Chrome/63.0.3239.132 Safari/537.36"
198.27.82.210 - - [12/Jun/2019:07:44:55 +0000] "POST /xmlrpc.php HTTP/1.0" 200 607 "-" "Mozilla/5.0 (Windows NT 10.0; WOW64) AppleWebKit/537.36 (KHTML, like Gecko) Chrome/63.0.3239.132 Safari/537.36"
198.27.82.210 - - [12/Jun/2019:07:45:08 +0000] "POST /xmlrpc.php HTTP/1.0" 200 607 "-" "Mozilla/5.0 (Windows NT 10.0; WOW64) AppleWebKit/537.36 (KHTML, like Gecko) Chrome/63.0.3239.132 Safari/537.36"
198.27.82.210 - - [12/Jun/2019:07:45:22 +0000] "POST /xmlrpc.php HTTP/1.0" 200 607 "-" "Mozilla/5.0 (Windows NT 10.0; WOW64) AppleWebKit/537.36 (KHTML, like Gecko) Chrome/63.0.3239.132 Safari/537.36"
198.27.82.210 - - [12/Jun/2019:07:45:37 +0000] "POST /xmlrpc.php HTTP/1.0" 200 607 "-" "Mozilla/5.0 (Windows NT 10.0; WOW64) AppleWebKit/537.36 (KHTML, like Gecko) Chrome/63.0.3239.132 Safari/537.36"
198.27.82.210 - - [12/Jun/2019:07:45:51 +0000] "POST /xmlrpc.php HTTP/1.0" 200 607 "-" "Mozilla/5.0 (Windows NT 10.0; WOW64) AppleWebKit/537.36 (KHTML, like Gecko) Chrome/63.0.3239.132 Safari/537.36"
198.27.82.210 - - [12/Jun/2019:07:46:06 +0000] "POST /xmlrpc.php HTTP/1.0" 200 607 "-" "Mozilla/5.0 (Windows NT 10.0; WOW64) AppleWebKit/537.36 (KHTML, like Gecko) Chrome/63.0.3239.132 Safari/537.36"
198.27.82.210 - - [12/Jun/2019:07:46:20 +0000] "POST /xmlrpc.php HTTP/1.0" 200 607 "-" "Mozilla/5.0 (Windows NT 10.0; WOW64) AppleWebKit/537.36 (KHTML, like Gecko) Chrome/63.0.3239.132 Safari/537.36"
63.143.42.247 - - [12/Jun/2019:07:46:33 +0000] "HEAD / HTTP/1.0" 200 282 "https://simplydesignlife.com/" "Mozilla/5.0+(compatible; UptimeRobot/2.0; http://www.uptimerobot.com/)"
198.27.82.210 - - [12/Jun/2019:07:46:34 +0000] "POST /xmlrpc.php HTTP/1.0" 200 607 "-" "Mozilla/5.0 (Windows NT 10.0; WOW64) AppleWebKit/537.36 (KHTML, like Gecko) Chrome/63.0.3239.132 Safari/537.36"
198.27.82.210 - - [12/Jun/2019:07:46:49 +0000] "POST /xmlrpc.php HTTP/1.0" 200 607 "-" "Mozilla/5.0 (Windows NT 10.0; WOW64) AppleWebKit/537.36 (KHTML, like Gecko) Chrome/63.0.3239.132 Safari/537.36"
193.106.30.98 - - [12/Jun/2019:07:47:12 +0000] "GET /wp-content/themes/sketch/wp-console.php HTTP/1.0" 404 9452 "-" "Mozilla/5.0 (Windows NT 6.1; Win64; x64) AppleWebKit/537.36 (KHTML, like Gecko) Chrome/73.0.3683.103 Safari/537.36"
198.27.82.210 - - [12/Jun/2019:07:47:03 +0000] "POST /xmlrpc.php HTTP/1.0" 200 607 "-" "Mozilla/5.0 (Windows NT 10.0; WOW64) AppleWebKit/537.36 (KHTML, like Gecko) Chrome/63.0.3239.132 Safari/537.36"
198.27.82.210 - - [12/Jun/2019:07:47:18 +0000] "POST /xmlrpc.php HTTP/1.0" 200 607 "-" "Mozilla/5.0 (Windows NT 10.0; WOW64) AppleWebKit/537.36 (KHTML, like Gecko) Chrome/63.0.3239.132 Safari/537.36"
198.27.82.210 - - [12/Jun/2019:07:47:32 +0000] "POST /xmlrpc.php HTTP/1.0" 200 607 "-" "Mozilla/5.0 (Windows NT 10.0; WOW64) AppleWebKit/537.36 (KHTML, like Gecko) Chrome/63.0.3239.132 Safari/537.36"
157.55.39.84 - - [12/Jun/2019:07:47:52 +0000] "GET /page/2/ HTTP/1.0" 200 17921 "-" "Mozilla/5.0 (compatible; bingbot/2.0; +http://www.bing.com/bingbot.htm)"
198.27.82.210 - - [12/Jun/2019:07:47:46 +0000] "POST /xmlrpc.php HTTP/1.0" 200 607 "-" "Mozilla/5.0 (Windows NT 10.0; WOW64) AppleWebKit/537.36 (KHTML, like Gecko) Chrome/63.0.3239.132 Safari/537.36"
198.27.82.210 - - [12/Jun/2019:07:48:01 +0000] "POST /xmlrpc.php HTTP/1.0" 200 607 "-" "Mozilla/5.0 (Windows NT 10.0; WOW64) AppleWebKit/537.36 (KHTML, like Gecko) Chrome/63.0.3239.132 Safari/537.36"
198.27.82.210 - - [12/Jun/2019:07:48:15 +0000] "POST /xmlrpc.php HTTP/1.0" 200 607 "-" "Mozilla/5.0 (Windows NT 10.0; WOW64) AppleWebKit/537.36 (KHTML, like Gecko) Chrome/63.0.3239.132 Safari/537.36"
198.27.82.210 - - [12/Jun/2019:07:48:30 +0000] "POST /xmlrpc.php HTTP/1.0" 200 607 "-" "Mozilla/5.0 (Windows NT 10.0; WOW64) AppleWebKit/537.36 (KHTML, like Gecko) Chrome/63.0.3239.132 Safari/537.36"
167.99.92.90 - - [12/Jun/2019:07:48:44 +0000] "POST /wp-cron.php?doing_wp_cron=1560325724.7617669105529785156250 HTTP/1.0" 200 255 "http://simplydesignlife.com/wp-cron.php?doing_wp_cron=1560325724.7617669105529785156250" "WordPress/5.2.1; https://simplydesignlife.com"
198.27.82.210 - - [12/Jun/2019:07:48:44 +0000] "POST /xmlrpc.php HTTP/1.0" 200 607 "-" "Mozilla/5.0 (Windows NT 10.0; WOW64) AppleWebKit/537.36 (KHTML, like Gecko) Chrome/63.0.3239.132 Safari/537.36"
198.27.82.210 - - [12/Jun/2019:07:48:59 +0000] "POST /xmlrpc.php HTTP/1.0" 200 607 "-" "Mozilla/5.0 (Windows NT 10.0; WOW64) AppleWebKit/537.36 (KHTML, like Gecko) Chrome/63.0.3239.132 Safari/537.36"
198.27.82.210 - - [12/Jun/2019:07:49:13 +0000] "POST /xmlrpc.php HTTP/1.0" 200 607 "-" "Mozilla/5.0 (Windows NT 10.0; WOW64) AppleWebKit/537.36 (KHTML, like Gecko) Chrome/63.0.3239.132 Safari/537.36"
198.27.82.210 - - [12/Jun/2019:07:49:27 +0000] "POST /xmlrpc.php HTTP/1.0" 200 607 "-" "Mozilla/5.0 (Windows NT 10.0; WOW64) AppleWebKit/537.36 (KHTML, like Gecko) Chrome/63.0.3239.132 Safari/537.36"
198.27.82.210 - - [12/Jun/2019:07:49:42 +0000] "POST /xmlrpc.php HTTP/1.0" 200 607 "-" "Mozilla/5.0 (Windows NT 10.0; WOW64) AppleWebKit/537.36 (KHTML, like Gecko) Chrome/63.0.3239.132 Safari/537.36"
198.27.82.210 - - [12/Jun/2019:07:49:56 +0000] "POST /xmlrpc.php HTTP/1.0" 200 607 "-" "Mozilla/5.0 (Windows NT 10.0; WOW64) AppleWebKit/537.36 (KHTML, like Gecko) Chrome/63.0.3239.132 Safari/537.36"
198.27.82.210 - - [12/Jun/2019:07:50:11 +0000] "POST /xmlrpc.php HTTP/1.0" 200 607 "-" "Mozilla/5.0 (Windows NT 10.0; WOW64) AppleWebKit/537.36 (KHTML, like Gecko) Chrome/63.0.3239.132 Safari/537.36"
198.27.82.210 - - [12/Jun/2019:07:50:25 +0000] "POST /xmlrpc.php HTTP/1.0" 200 607 "-" "Mozilla/5.0 (Windows NT 10.0; WOW64) AppleWebKit/537.36 (KHTML, like Gecko) Chrome/63.0.3239.132 Safari/537.36"
198.27.82.210 - - [12/Jun/2019:07:50:39 +0000] "POST /xmlrpc.php HTTP/1.0" 200 607 "-" "Mozilla/5.0 (Windows NT 10.0; WOW64) AppleWebKit/537.36 (KHTML, like Gecko) Chrome/63.0.3239.132 Safari/537.36"
198.27.82.210 - - [12/Jun/2019:07:50:54 +0000] "POST /xmlrpc.php HTTP/1.0" 200 607 "-" "Mozilla/5.0 (Windows NT 10.0; WOW64) AppleWebKit/537.36 (KHTML, like Gecko) Chrome/63.0.3239.132 Safari/537.36"
198.27.82.210 - - [12/Jun/2019:07:51:08 +0000] "POST /xmlrpc.php HTTP/1.0" 200 607 "-" "Mozilla/5.0 (Windows NT 10.0; WOW64) AppleWebKit/537.36 (KHTML, like Gecko) Chrome/63.0.3239.132 Safari/537.36"
63.143.42.247 - - [12/Jun/2019:07:51:33 +0000] "HEAD / HTTP/1.0" 200 282 "https://simplydesignlife.com/" "Mozilla/5.0+(compatible; UptimeRobot/2.0; http://www.uptimerobot.com/)"
198.27.82.210 - - [12/Jun/2019:07:51:23 +0000] "POST /xmlrpc.php HTTP/1.0" 200 607 "-" "Mozilla/5.0 (Windows NT 10.0; WOW64) AppleWebKit/537.36 (KHTML, like Gecko) Chrome/63.0.3239.132 Safari/537.36"
198.27.82.210 - - [12/Jun/2019:07:51:37 +0000] "POST /xmlrpc.php HTTP/1.0" 200 607 "-" "Mozilla/5.0 (Windows NT 10.0; WOW64) AppleWebKit/537.36 (KHTML, like Gecko) Chrome/63.0.3239.132 Safari/537.36"
198.27.82.210 - - [12/Jun/2019:07:51:51 +0000] "POST /xmlrpc.php HTTP/1.0" 200 607 "-" "Mozilla/5.0 (Windows NT 10.0; WOW64) AppleWebKit/537.36 (KHTML, like Gecko) Chrome/63.0.3239.132 Safari/537.36"
198.27.82.210 - - [12/Jun/2019:07:52:06 +0000] "POST /xmlrpc.php HTTP/1.0" 200 607 "-" "Mozilla/5.0 (Windows NT 10.0; WOW64) AppleWebKit/537.36 (KHTML, like Gecko) Chrome/63.0.3239.132 Safari/537.36"
198.27.82.210 - - [12/Jun/2019:07:52:20 +0000] "POST /xmlrpc.php HTTP/1.0" 200 607 "-" "Mozilla/5.0 (Windows NT 10.0; WOW64) AppleWebKit/537.36 (KHTML, like Gecko) Chrome/63.0.3239.132 Safari/537.36"
198.27.82.210 - - [12/Jun/2019:07:52:49 +0000] "POST /xmlrpc.php HTTP/1.0" 200 282 "-" "Mozilla/5.0 (Windows NT 10.0; WOW64) AppleWebKit/537.36 (KHTML, like Gecko) Chrome/63.0.3239.132 Safari/537.36"
198.27.82.210 - - [12/Jun/2019:07:53:03 +0000] "POST /xmlrpc.php HTTP/1.0" 200 282 "-" "Mozilla/5.0 (Windows NT 10.0; WOW64) AppleWebKit/537.36 (KHTML, like Gecko) Chrome/63.0.3239.132 Safari/537.36"
198.27.82.210 - - [12/Jun/2019:07:52:35 +0000] "POST /xmlrpc.php HTTP/1.0" 200 1040 "-" "Mozilla/5.0 (Windows NT 10.0; WOW64) AppleWebKit/537.36 (KHTML, like Gecko) Chrome/63.0.3239.132 Safari/537.36"
198.27.82.210 - - [12/Jun/2019:07:53:16 +0000] "POST /xmlrpc.php HTTP/1.0" 200 607 "-" "Mozilla/5.0 (Windows NT 10.0; WOW64) AppleWebKit/537.36 (KHTML, like Gecko) Chrome/63.0.3239.132 Safari/537.36"
198.27.82.210 - - [12/Jun/2019:07:53:31 +0000] "POST /xmlrpc.php HTTP/1.0" 200 607 "-" "Mozilla/5.0 (Windows NT 10.0; WOW64) AppleWebKit/537.36 (KHTML, like Gecko) Chrome/63.0.3239.132 Safari/537.36"
198.27.82.210 - - [12/Jun/2019:07:53:45 +0000] "POST /xmlrpc.php HTTP/1.0" 200 607 "-" "Mozilla/5.0 (Windows NT 10.0; WOW64) AppleWebKit/537.36 (KHTML, like Gecko) Chrome/63.0.3239.132 Safari/537.36"
198.27.82.210 - - [12/Jun/2019:07:54:00 +0000] "POST /xmlrpc.php HTTP/1.0" 200 607 "-" "Mozilla/5.0 (Windows NT 10.0; WOW64) AppleWebKit/537.36 (KHTML, like Gecko) Chrome/63.0.3239.132 Safari/537.36"
198.27.82.210 - - [12/Jun/2019:07:54:14 +0000] "POST /xmlrpc.php HTTP/1.0" 200 607 "-" "Mozilla/5.0 (Windows NT 10.0; WOW64) AppleWebKit/537.36 (KHTML, like Gecko) Chrome/63.0.3239.132 Safari/537.36"
198.27.82.210 - - [12/Jun/2019:07:54:29 +0000] "POST /xmlrpc.php HTTP/1.0" 200 607 "-" "Mozilla/5.0 (Windows NT 10.0; WOW64) AppleWebKit/537.36 (KHTML, like Gecko) Chrome/63.0.3239.132 Safari/537.36"
198.27.82.210 - - [12/Jun/2019:07:54:43 +0000] "POST /xmlrpc.php HTTP/1.0" 200 607 "-" "Mozilla/5.0 (Windows NT 10.0; WOW64) AppleWebKit/537.36 (KHTML, like Gecko) Chrome/63.0.3239.132 Safari/537.36"
198.27.82.210 - - [12/Jun/2019:07:54:58 +0000] "POST /xmlrpc.php HTTP/1.0" 200 607 "-" "Mozilla/5.0 (Windows NT 10.0; WOW64) AppleWebKit/537.36 (KHTML, like Gecko) Chrome/63.0.3239.132 Safari/537.36"
198.27.82.210 - - [12/Jun/2019:07:55:12 +0000] "POST /xmlrpc.php HTTP/1.0" 200 607 "-" "Mozilla/5.0 (Windows NT 10.0; WOW64) AppleWebKit/537.36 (KHTML, like Gecko) Chrome/63.0.3239.132 Safari/537.36"
198.27.82.210 - - [12/Jun/2019:07:55:26 +0000] "POST /xmlrpc.php HTTP/1.0" 200 607 "-" "Mozilla/5.0 (Windows NT 10.0; WOW64) AppleWebKit/537.36 (KHTML, like Gecko) Chrome/63.0.3239.132 Safari/537.36"
198.27.82.210 - - [12/Jun/2019:07:55:40 +0000] "POST /xmlrpc.php HTTP/1.0" 200 607 "-" "Mozilla/5.0 (Windows NT 10.0; WOW64) AppleWebKit/537.36 (KHTML, like Gecko) Chrome/63.0.3239.132 Safari/537.36"
198.27.82.210 - - [12/Jun/2019:07:55:55 +0000] "POST /xmlrpc.php HTTP/1.0" 200 607 "-" "Mozilla/5.0 (Windows NT 10.0; WOW64) AppleWebKit/537.36 (KHTML, like Gecko) Chrome/63.0.3239.132 Safari/537.36"
198.27.82.210 - - [12/Jun/2019:07:56:09 +0000] "POST /xmlrpc.php HTTP/1.0" 200 607 "-" "Mozilla/5.0 (Windows NT 10.0; WOW64) AppleWebKit/537.36 (KHTML, like Gecko) Chrome/63.0.3239.132 Safari/537.36"
198.27.82.210 - - [12/Jun/2019:07:56:23 +0000] "POST /xmlrpc.php HTTP/1.0" 200 607 "-" "Mozilla/5.0 (Windows NT 10.0; WOW64) AppleWebKit/537.36 (KHTML, like Gecko) Chrome/63.0.3239.132 Safari/537.36"
63.143.42.247 - - [12/Jun/2019:07:56:33 +0000] "HEAD / HTTP/1.0" 200 282 "https://simplydesignlife.com/" "Mozilla/5.0+(compatible; UptimeRobot/2.0; http://www.uptimerobot.com/)"
198.27.82.210 - - [12/Jun/2019:07:56:38 +0000] "POST /xmlrpc.php HTTP/1.0" 200 607 "-" "Mozilla/5.0 (Windows NT 10.0; WOW64) AppleWebKit/537.36 (KHTML, like Gecko) Chrome/63.0.3239.132 Safari/537.36"
198.27.82.210 - - [12/Jun/2019:07:56:52 +0000] "POST /xmlrpc.php HTTP/1.0" 200 607 "-" "Mozilla/5.0 (Windows NT 10.0; WOW64) AppleWebKit/537.36 (KHTML, like Gecko) Chrome/63.0.3239.132 Safari/537.36"
198.27.82.210 - - [12/Jun/2019:07:57:07 +0000] "POST /xmlrpc.php HTTP/1.0" 200 607 "-" "Mozilla/5.0 (Windows NT 10.0; WOW64) AppleWebKit/537.36 (KHTML, like Gecko) Chrome/63.0.3239.132 Safari/537.36"
198.27.82.210 - - [12/Jun/2019:07:57:21 +0000] "POST /xmlrpc.php HTTP/1.0" 200 607 "-" "Mozilla/5.0 (Windows NT 10.0; WOW64) AppleWebKit/537.36 (KHTML, like Gecko) Chrome/63.0.3239.132 Safari/537.36"
198.27.82.210 - - [12/Jun/2019:07:57:35 +0000] "POST /xmlrpc.php HTTP/1.0" 200 607 "-" "Mozilla/5.0 (Windows NT 10.0; WOW64) AppleWebKit/537.36 (KHTML, like Gecko) Chrome/63.0.3239.132 Safari/537.36"
198.27.82.210 - - [12/Jun/2019:07:58:04 +0000] "POST /xmlrpc.php HTTP/1.0" 200 282 "-" "Mozilla/5.0 (Windows NT 10.0; WOW64) AppleWebKit/537.36 (KHTML, like Gecko) Chrome/63.0.3239.132 Safari/537.36"
198.27.82.210 - - [12/Jun/2019:07:57:49 +0000] "POST /xmlrpc.php HTTP/1.0" 200 1040 "-" "Mozilla/5.0 (Windows NT 10.0; WOW64) AppleWebKit/537.36 (KHTML, like Gecko) Chrome/63.0.3239.132 Safari/537.36"
198.27.82.210 - - [12/Jun/2019:07:58:17 +0000] "POST /xmlrpc.php HTTP/1.0" 200 282 "-" "Mozilla/5.0 (Windows NT 10.0; WOW64) AppleWebKit/537.36 (KHTML, like Gecko) Chrome/63.0.3239.132 Safari/537.36"
198.27.82.210 - - [12/Jun/2019:07:58:31 +0000] "POST /xmlrpc.php HTTP/1.0" 200 282 "-" "Mozilla/5.0 (Windows NT 10.0; WOW64) AppleWebKit/537.36 (KHTML, like Gecko) Chrome/63.0.3239.132 Safari/537.36"
167.99.92.90 - - [12/Jun/2019:07:58:45 +0000] "POST /wp-cron.php?doing_wp_cron=1560326325.5180950164794921875000 HTTP/1.0" 200 255 "http://simplydesignlife.com/wp-cron.php?doing_wp_cron=1560326325.5180950164794921875000" "WordPress/5.2.1; https://simplydesignlife.com"
198.27.82.210 - - [12/Jun/2019:07:58:44 +0000] "POST /xmlrpc.php HTTP/1.0" 200 607 "-" "Mozilla/5.0 (Windows NT 10.0; WOW64) AppleWebKit/537.36 (KHTML, like Gecko) Chrome/63.0.3239.132 Safari/537.36"
198.27.82.210 - - [12/Jun/2019:07:58:59 +0000] "POST /xmlrpc.php HTTP/1.0" 200 607 "-" "Mozilla/5.0 (Windows NT 10.0; WOW64) AppleWebKit/537.36 (KHTML, like Gecko) Chrome/63.0.3239.132 Safari/537.36"
198.27.82.210 - - [12/Jun/2019:07:59:13 +0000] "POST /xmlrpc.php HTTP/1.0" 200 607 "-" "Mozilla/5.0 (Windows NT 10.0; WOW64) AppleWebKit/537.36 (KHTML, like Gecko) Chrome/63.0.3239.132 Safari/537.36"
198.27.82.210 - - [12/Jun/2019:07:59:27 +0000] "POST /xmlrpc.php HTTP/1.0" 200 607 "-" "Mozilla/5.0 (Windows NT 10.0; WOW64) AppleWebKit/537.36 (KHTML, like Gecko) Chrome/63.0.3239.132 Safari/537.36"
198.27.82.210 - - [12/Jun/2019:07:59:42 +0000] "POST /xmlrpc.php HTTP/1.0" 200 607 "-" "Mozilla/5.0 (Windows NT 10.0; WOW64) AppleWebKit/537.36 (KHTML, like Gecko) Chrome/63.0.3239.132 Safari/537.36"
198.27.82.210 - - [12/Jun/2019:07:59:57 +0000] "POST /xmlrpc.php HTTP/1.0" 200 607 "-" "Mozilla/5.0 (Windows NT 10.0; WOW64) AppleWebKit/537.36 (KHTML, like Gecko) Chrome/63.0.3239.132 Safari/537.36"
202.47.49.95 - - [12/Jun/2019:08:00:13 +0000] "GET /page/28/ HTTP/1.0" 200 17400 "https://simplydesignlife.com/page/27/" "Mozilla/5.0 (Windows NT 10.0; Win64; x64) AppleWebKit/537.36 (KHTML, like Gecko) Chrome/74.0.3729.169 Safari/537.36"
198.27.82.210 - - [12/Jun/2019:08:00:11 +0000] "POST /xmlrpc.php HTTP/1.0" 200 607 "-" "Mozilla/5.0 (Windows NT 10.0; WOW64) AppleWebKit/537.36 (KHTML, like Gecko) Chrome/63.0.3239.132 Safari/537.36"
202.47.49.95 - - [12/Jun/2019:08:00:16 +0000] "POST /wp-admin/admin-ajax.php HTTP/1.0" 200 20923 "https://simplydesignlife.com/page/28/" "Mozilla/5.0 (Windows NT 10.0; Win64; x64) AppleWebKit/537.36 (KHTML, like Gecko) Chrome/74.0.3729.169 Safari/537.36"
198.27.82.210 - - [12/Jun/2019:08:00:25 +0000] "POST /xmlrpc.php HTTP/1.0" 200 607 "-" "Mozilla/5.0 (Windows NT 10.0; WOW64) AppleWebKit/537.36 (KHTML, like Gecko) Chrome/63.0.3239.132 Safari/537.36"
198.27.82.210 - - [12/Jun/2019:08:00:40 +0000] "POST /xmlrpc.php HTTP/1.0" 200 607 "-" "Mozilla/5.0 (Windows NT 10.0; WOW64) AppleWebKit/537.36 (KHTML, like Gecko) Chrome/63.0.3239.132 Safari/537.36"
198.27.82.210 - - [12/Jun/2019:08:00:54 +0000] "POST /xmlrpc.php HTTP/1.0" 200 607 "-" "Mozilla/5.0 (Windows NT 10.0; WOW64) AppleWebKit/537.36 (KHTML, like Gecko) Chrome/63.0.3239.132 Safari/537.36"
198.27.82.210 - - [12/Jun/2019:08:01:09 +0000] "POST /xmlrpc.php HTTP/1.0" 200 607 "-" "Mozilla/5.0 (Windows NT 10.0; WOW64) AppleWebKit/537.36 (KHTML, like Gecko) Chrome/63.0.3239.132 Safari/537.36"
63.143.42.247 - - [12/Jun/2019:08:01:33 +0000] "HEAD / HTTP/1.0" 200 282 "https://simplydesignlife.com/" "Mozilla/5.0+(compatible; UptimeRobot/2.0; http://www.uptimerobot.com/)"
198.27.82.210 - - [12/Jun/2019:08:01:23 +0000] "POST /xmlrpc.php HTTP/1.0" 200 607 "-" "Mozilla/5.0 (Windows NT 10.0; WOW64) AppleWebKit/537.36 (KHTML, like Gecko) Chrome/63.0.3239.132 Safari/537.36"
198.27.82.210 - - [12/Jun/2019:08:01:37 +0000] "POST /xmlrpc.php HTTP/1.0" 200 607 "-" "Mozilla/5.0 (Windows NT 10.0; WOW64) AppleWebKit/537.36 (KHTML, like Gecko) Chrome/63.0.3239.132 Safari/537.36"
198.27.82.210 - - [12/Jun/2019:08:01:51 +0000] "POST /xmlrpc.php HTTP/1.0" 200 607 "-" "Mozilla/5.0 (Windows NT 10.0; WOW64) AppleWebKit/537.36 (KHTML, like Gecko) Chrome/63.0.3239.132 Safari/537.36"
198.27.82.210 - - [12/Jun/2019:08:02:05 +0000] "POST /xmlrpc.php HTTP/1.0" 200 607 "-" "Mozilla/5.0 (Windows NT 10.0; WOW64) AppleWebKit/537.36 (KHTML, like Gecko) Chrome/63.0.3239.132 Safari/537.36"
213.22.30.93 - - [12/Jun/2019:08:02:19 +0000] "GET / HTTP/1.0" 200 18909 "-" "Mozilla/5.0 (iPhone; CPU iPhone OS 12_3_1 like Mac OS X) AppleWebKit/605.1.15 (KHTML, like Gecko) Version/12.1.1 Mobile/15E148 Safari/604.1"
213.22.30.93 - - [12/Jun/2019:08:02:20 +0000] "GET /wp-content/plugins/social-warfare/assets/fonts/sw-icon-font.woff?ver=3.6.1 HTTP/1.0" 200 5246 "https://simplydesignlife.com/" "Mozilla/5.0 (iPhone; CPU iPhone OS 12_3_1 like Mac OS X) AppleWebKit/605.1.15 (KHTML, like Gecko) Version/12.1.1 Mobile/15E148 Safari/604.1"
213.22.30.93 - - [12/Jun/2019:08:02:21 +0000] "POST /wp-admin/admin-ajax.php HTTP/1.0" 200 20923 "https://simplydesignlife.com/" "Mozilla/5.0 (iPhone; CPU iPhone OS 12_3_1 like Mac OS X) AppleWebKit/605.1.15 (KHTML, like Gecko) Version/12.1.1 Mobile/15E148 Safari/604.1"
198.27.82.210 - - [12/Jun/2019:08:02:20 +0000] "POST /xmlrpc.php HTTP/1.0" 200 607 "-" "Mozilla/5.0 (Windows NT 10.0; WOW64) AppleWebKit/537.36 (KHTML, like Gecko) Chrome/63.0.3239.132 Safari/537.36"
213.22.30.93 - - [12/Jun/2019:08:02:31 +0000] "GET / HTTP/1.0" 304 222 "https://www.google.pt/" "Mozilla/5.0 (iPhone; CPU iPhone OS 12_3_1 like Mac OS X) AppleWebKit/605.1.15 (KHTML, like Gecko) Version/12.1.1 Mobile/15E148 Safari/604.1"
213.22.30.93 - - [12/Jun/2019:08:02:32 +0000] "POST /wp-admin/admin-ajax.php HTTP/1.0" 200 20923 "https://simplydesignlife.com/" "Mozilla/5.0 (iPhone; CPU iPhone OS 12_3_1 like Mac OS X) AppleWebKit/605.1.15 (KHTML, like Gecko) Version/12.1.1 Mobile/15E148 Safari/604.1"
198.27.82.210 - - [12/Jun/2019:08:02:34 +0000] "POST /xmlrpc.php HTTP/1.0" 200 607 "-" "Mozilla/5.0 (Windows NT 10.0; WOW64) AppleWebKit/537.36 (KHTML, like Gecko) Chrome/63.0.3239.132 Safari/537.36"
198.27.82.210 - - [12/Jun/2019:08:02:48 +0000] "POST /xmlrpc.php HTTP/1.0" 200 607 "-" "Mozilla/5.0 (Windows NT 10.0; WOW64) AppleWebKit/537.36 (KHTML, like Gecko) Chrome/63.0.3239.132 Safari/537.36"
213.22.30.93 - - [12/Jun/2019:08:02:59 +0000] "GET /shop-here/ HTTP/1.0" 200 15545 "-" "Mozilla/5.0 (iPhone; CPU iPhone OS 12_3_1 like Mac OS X) AppleWebKit/605.1.15 (KHTML, like Gecko) Version/12.1.1 Mobile/15E148 Safari/604.1"
213.22.30.93 - - [12/Jun/2019:08:03:00 +0000] "GET /wp-content/plugins/social-warfare/assets/fonts/sw-icon-font.woff?ver=3.6.1 HTTP/1.0" 200 5246 "http://simplydesignlife.com/shop-here/" "Mozilla/5.0 (iPhone; CPU iPhone OS 12_3_1 like Mac OS X) AppleWebKit/605.1.15 (KHTML, like Gecko) Version/12.1.1 Mobile/15E148 Safari/604.1"
213.22.30.93 - - [12/Jun/2019:08:03:00 +0000] "POST /wp-admin/admin-ajax.php HTTP/1.0" 200 20922 "http://simplydesignlife.com/shop-here/" "Mozilla/5.0 (iPhone; CPU iPhone OS 12_3_1 like Mac OS X) AppleWebKit/605.1.15 (KHTML, like Gecko) Version/12.1.1 Mobile/15E148 Safari/604.1"
198.27.82.210 - - [12/Jun/2019:08:03:03 +0000] "POST /xmlrpc.php HTTP/1.0" 200 607 "-" "Mozilla/5.0 (Windows NT 10.0; WOW64) AppleWebKit/537.36 (KHTML, like Gecko) Chrome/63.0.3239.132 Safari/537.36"
203.143.6.70 - - [12/Jun/2019:08:03:22 +0000] "GET / HTTP/1.0" 200 63911 "-" "Mozilla/5.0 (Windows NT 6.1; WOW64) AppleWebKit/537.36 (KHTML, like Gecko) Chrome/51.0.2704.103 Safari/537.36"
198.27.82.210 - - [12/Jun/2019:08:03:18 +0000] "POST /xmlrpc.php HTTP/1.0" 200 607 "-" "Mozilla/5.0 (Windows NT 10.0; WOW64) AppleWebKit/537.36 (KHTML, like Gecko) Chrome/63.0.3239.132 Safari/537.36"
198.27.82.210 - - [12/Jun/2019:08:03:32 +0000] "POST /xmlrpc.php HTTP/1.0" 200 607 "-" "Mozilla/5.0 (Windows NT 10.0; WOW64) AppleWebKit/537.36 (KHTML, like Gecko) Chrome/63.0.3239.132 Safari/537.36"
198.27.82.210 - - [12/Jun/2019:08:03:46 +0000] "POST /xmlrpc.php HTTP/1.0" 200 607 "-" "Mozilla/5.0 (Windows NT 10.0; WOW64) AppleWebKit/537.36 (KHTML, like Gecko) Chrome/63.0.3239.132 Safari/537.36"
198.27.82.210 - - [12/Jun/2019:08:04:01 +0000] "POST /xmlrpc.php HTTP/1.0" 200 607 "-" "Mozilla/5.0 (Windows NT 10.0; WOW64) AppleWebKit/537.36 (KHTML, like Gecko) Chrome/63.0.3239.132 Safari/537.36"
198.27.82.210 - - [12/Jun/2019:08:04:15 +0000] "POST /xmlrpc.php HTTP/1.0" 200 607 "-" "Mozilla/5.0 (Windows NT 10.0; WOW64) AppleWebKit/537.36 (KHTML, like Gecko) Chrome/63.0.3239.132 Safari/537.36"
198.27.82.210 - - [12/Jun/2019:08:04:29 +0000] "POST /xmlrpc.php HTTP/1.0" 200 607 "-" "Mozilla/5.0 (Windows NT 10.0; WOW64) AppleWebKit/537.36 (KHTML, like Gecko) Chrome/63.0.3239.132 Safari/537.36"
202.47.49.95 - - [12/Jun/2019:08:04:42 +0000] "GET / HTTP/1.0" 200 18057 "-" "Mozilla/5.0 (Macintosh; Intel Mac OS X 10_14_5) AppleWebKit/537.36 (KHTML, like Gecko) Chrome/74.0.3729.169 Safari/537.36"
202.47.49.95 - - [12/Jun/2019:08:04:45 +0000] "POST /wp-admin/admin-ajax.php HTTP/1.0" 200 20923 "https://simplydesignlife.com/" "Mozilla/5.0 (Macintosh; Intel Mac OS X 10_14_5) AppleWebKit/537.36 (KHTML, like Gecko) Chrome/74.0.3729.169 Safari/537.36"
198.27.82.210 - - [12/Jun/2019:08:04:44 +0000] "POST /xmlrpc.php HTTP/1.0" 200 607 "-" "Mozilla/5.0 (Windows NT 10.0; WOW64) AppleWebKit/537.36 (KHTML, like Gecko) Chrome/63.0.3239.132 Safari/537.36"
198.27.82.210 - - [12/Jun/2019:08:04:58 +0000] "POST /xmlrpc.php HTTP/1.0" 200 607 "-" "Mozilla/5.0 (Windows NT 10.0; WOW64) AppleWebKit/537.36 (KHTML, like Gecko) Chrome/63.0.3239.132 Safari/537.36"
198.27.82.210 - - [12/Jun/2019:08:05:12 +0000] "POST /xmlrpc.php HTTP/1.0" 200 607 "-" "Mozilla/5.0 (Windows NT 10.0; WOW64) AppleWebKit/537.36 (KHTML, like Gecko) Chrome/63.0.3239.132 Safari/537.36"
198.27.82.210 - - [12/Jun/2019:08:05:26 +0000] "POST /xmlrpc.php HTTP/1.0" 200 607 "-" "Mozilla/5.0 (Windows NT 10.0; WOW64) AppleWebKit/537.36 (KHTML, like Gecko) Chrome/63.0.3239.132 Safari/537.36"
198.27.82.210 - - [12/Jun/2019:08:05:40 +0000] "POST /xmlrpc.php HTTP/1.0" 200 607 "-" "Mozilla/5.0 (Windows NT 10.0; WOW64) AppleWebKit/537.36 (KHTML, like Gecko) Chrome/63.0.3239.132 Safari/537.36"
198.27.82.210 - - [12/Jun/2019:08:05:54 +0000] "POST /xmlrpc.php HTTP/1.0" 200 607 "-" "Mozilla/5.0 (Windows NT 10.0; WOW64) AppleWebKit/537.36 (KHTML, like Gecko) Chrome/63.0.3239.132 Safari/537.36"
198.27.82.210 - - [12/Jun/2019:08:06:09 +0000] "POST /xmlrpc.php HTTP/1.0" 200 607 "-" "Mozilla/5.0 (Windows NT 10.0; WOW64) AppleWebKit/537.36 (KHTML, like Gecko) Chrome/63.0.3239.132 Safari/537.36"
63.143.42.247 - - [12/Jun/2019:08:06:33 +0000] "HEAD / HTTP/1.0" 200 282 "https://simplydesignlife.com/" "Mozilla/5.0+(compatible; UptimeRobot/2.0; http://www.uptimerobot.com/)"
198.27.82.210 - - [12/Jun/2019:08:06:23 +0000] "POST /xmlrpc.php HTTP/1.0" 200 607 "-" "Mozilla/5.0 (Windows NT 10.0; WOW64) AppleWebKit/537.36 (KHTML, like Gecko) Chrome/63.0.3239.132 Safari/537.36"
45.41.134.149 - - [12/Jun/2019:08:06:48 +0000] "GET /wp-admin/ HTTP/1.0" 302 434 "-" "Mozilla/5.0 (Windows NT 10.0; Win64; x64) AppleWebKit/537.36 (KHTML, like Gecko) Chrome/74.0.3729.169 Safari/537.36"
45.41.134.149 - - [12/Jun/2019:08:06:49 +0000] "GET /wp-login.php?redirect_to=https%3A%2F%2Fsimplydesignlife.com%2Fwp-admin%2F&reauth=1 HTTP/1.0" 200 3725 "-" "Mozilla/5.0 (Windows NT 10.0; Win64; x64) AppleWebKit/537.36 (KHTML, like Gecko) Chrome/74.0.3729.169 Safari/537.36"
198.27.82.210 - - [12/Jun/2019:08:06:37 +0000] "POST /xmlrpc.php HTTP/1.0" 200 607 "-" "Mozilla/5.0 (Windows NT 10.0; WOW64) AppleWebKit/537.36 (KHTML, like Gecko) Chrome/63.0.3239.132 Safari/537.36"
198.27.82.210 - - [12/Jun/2019:08:06:52 +0000] "POST /xmlrpc.php HTTP/1.0" 200 607 "-" "Mozilla/5.0 (Windows NT 10.0; WOW64) AppleWebKit/537.36 (KHTML, like Gecko) Chrome/63.0.3239.132 Safari/537.36"
45.41.134.149 - - [12/Jun/2019:08:07:03 +0000] "POST /wp-login.php HTTP/1.0" 302 1262 "https://simplydesignlife.com/wp-login.php?redirect_to=https%3A%2F%2Fsimplydesignlife.com%2Fwp-admin%2F&reauth=1" "Mozilla/5.0 (Windows NT 10.0; Win64; x64) AppleWebKit/537.36 (KHTML, like Gecko) Chrome/74.0.3729.169 Safari/537.36"
45.41.134.149 - - [12/Jun/2019:08:07:04 +0000] "GET /wp-admin/ HTTP/1.0" 200 31598 "https://simplydesignlife.com/wp-login.php?redirect_to=https%3A%2F%2Fsimplydesignlife.com%2Fwp-admin%2F&reauth=1" "Mozilla/5.0 (Windows NT 10.0; Win64; x64) AppleWebKit/537.36 (KHTML, like Gecko) Chrome/74.0.3729.169 Safari/537.36"
45.41.134.149 - - [12/Jun/2019:08:07:07 +0000] "GET /wp-admin/load-scripts.php?c=0&load%5B%5D=hoverIntent,common,admin-bar,jquery-ui-widget,jquery-ui-position,wp-pointer,wp-ajax-response,jquery-color,wp-lists,quicktags,jqu&load%5B%5D=ery-query,admin-comments,jquery-ui-core,jquery-ui-mouse,jquery-ui-sortable,postbox,underscore,wp-util,wp-a11y,dashboard,thickbox&load%5B%5D=,plugin-install,updates,shortcode,media-upload,svg-painter&ver=273259ae9179de08035c9340a4134752 HTTP/1.0" 200 61834 "https://simplydesignlife.com/wp-admin/" "Mozilla/5.0 (Windows NT 10.0; Win64; x64) AppleWebKit/537.36 (KHTML, like Gecko) Chrome/74.0.3729.169 Safari/537.36"
45.41.134.149 - - [12/Jun/2019:08:07:08 +0000] "GET /wp-json/wp/v2/ HTTP/1.0" 200 5474 "https://simplydesignlife.com/wp-admin/" "Mozilla/5.0 (Windows NT 10.0; Win64; x64) AppleWebKit/537.36 (KHTML, like Gecko) Chrome/74.0.3729.169 Safari/537.36"
167.99.92.90 - - [12/Jun/2019:08:07:14 +0000] "POST /wp-cron.php?doing_wp_cron=1560326834.5689098834991455078125 HTTP/1.0" 200 255 "https://simplydesignlife.com/wp-cron.php?doing_wp_cron=1560326834.5689098834991455078125" "WordPress/5.2.1; https://simplydesignlife.com"
45.41.134.149 - - [12/Jun/2019:08:07:14 +0000] "GET /wp-json/yoast/v1/ryte HTTP/1.0" 200 705 "https://simplydesignlife.com/wp-admin/" "Mozilla/5.0 (Windows NT 10.0; Win64; x64) AppleWebKit/537.36 (KHTML, like Gecko) Chrome/74.0.3729.169 Safari/537.36"
45.41.134.149 - - [12/Jun/2019:08:07:14 +0000] "GET /wp-json/yoast/v1/statistics HTTP/1.0" 200 945 "https://simplydesignlife.com/wp-admin/" "Mozilla/5.0 (Windows NT 10.0; Win64; x64) AppleWebKit/537.36 (KHTML, like Gecko) Chrome/74.0.3729.169 Safari/537.36"
45.41.134.149 - - [12/Jun/2019:08:07:15 +0000] "POST /wp-admin/admin-ajax.php?_fs_blog_admin=true HTTP/1.0" 200 1047 "https://simplydesignlife.com/wp-admin/" "Mozilla/5.0 (Windows NT 10.0; Win64; x64) AppleWebKit/537.36 (KHTML, like Gecko) Chrome/74.0.3729.169 Safari/537.36"
45.41.134.149 - - [12/Jun/2019:08:07:14 +0000] "GET /wp-admin/admin-ajax.php?action=dashboard-widgets&widget=dashboard_primary&pagenow=dashboard&_fs_blog_admin=true HTTP/1.0" 200 1140 "https://simplydesignlife.com/wp-admin/" "Mozilla/5.0 (Windows NT 10.0; Win64; x64) AppleWebKit/537.36 (KHTML, like Gecko) Chrome/74.0.3729.169 Safari/537.36"
198.27.82.210 - - [12/Jun/2019:08:07:06 +0000] "POST /xmlrpc.php HTTP/1.0" 200 607 "-" "Mozilla/5.0 (Windows NT 10.0; WOW64) AppleWebKit/537.36 (KHTML, like Gecko) Chrome/63.0.3239.132 Safari/537.36"
45.41.134.149 - - [12/Jun/2019:08:07:16 +0000] "POST /wp-admin/admin-ajax.php?_fs_blog_admin=true HTTP/1.0" 200 856 "https://simplydesignlife.com/wp-admin/" "Mozilla/5.0 (Windows NT 10.0; Win64; x64) AppleWebKit/537.36 (KHTML, like Gecko) Chrome/74.0.3729.169 Safari/537.36"
198.27.82.210 - - [12/Jun/2019:08:07:20 +0000] "POST /xmlrpc.php HTTP/1.0" 200 607 "-" "Mozilla/5.0 (Windows NT 10.0; WOW64) AppleWebKit/537.36 (KHTML, like Gecko) Chrome/63.0.3239.132 Safari/537.36"
198.27.82.210 - - [12/Jun/2019:08:07:35 +0000] "POST /xmlrpc.php HTTP/1.0" 200 607 "-" "Mozilla/5.0 (Windows NT 10.0; WOW64) AppleWebKit/537.36 (KHTML, like Gecko) Chrome/63.0.3239.132 Safari/537.36"
202.47.49.95 - - [12/Jun/2019:08:07:50 +0000] "GET /wp-admin/customize.php?return=%2Fwp-admin%2F HTTP/1.0" 200 104402 "https://simplydesignlife.com/wp-admin/" "Mozilla/5.0 (Windows NT 10.0; Win64; x64) AppleWebKit/537.36 (KHTML, like Gecko) Chrome/74.0.3729.169 Safari/537.36"
202.47.49.95 - - [12/Jun/2019:08:07:50 +0000] "GET /wp-admin/load-styles.php?c=0&dir=ltr&load%5B%5D=dashicons,wp-pointer,common,forms,admin-menu,dashboard,list-tables,edit,revisions,media,themes,about,nav-menus,widgets,site-icon&load%5B%5D=,l10n,buttons,customize-controls,customize-widgets,wp-color-picker,media-views,customize-nav-menus,code-editor&ver=273259ae9179de08035c9340a4134752 HTTP/1.0" 200 101646 "https://simplydesignlife.com/wp-admin/customize.php?return=%2Fwp-admin%2F" "Mozilla/5.0 (Windows NT 10.0; Win64; x64) AppleWebKit/537.36 (KHTML, like Gecko) Chrome/74.0.3729.169 Safari/537.36"
202.47.49.95 - - [12/Jun/2019:08:07:51 +0000] "GET /wp-admin/load-styles.php?c=0&dir=ltr&load%5B%5D=editor-buttons&ver=273259ae9179de08035c9340a4134752 HTTP/1.0" 200 6207 "https://simplydesignlife.com/wp-admin/customize.php?return=%2Fwp-admin%2F" "Mozilla/5.0 (Windows NT 10.0; Win64; x64) AppleWebKit/537.36 (KHTML, like Gecko) Chrome/74.0.3729.169 Safari/537.36"
202.47.49.95 - - [12/Jun/2019:08:07:53 +0000] "GET /wp-admin/load-scripts.php?c=0&load%5B%5D=jquery-core,jquery-migrate,underscore,wp-a11y,wp-util,jquery-ui-core,jquery-ui-widget,jquery-ui-mouse,jquery-ui-sortable,jquery-&load%5B%5D=ui-draggable,jquery-ui-droppable,backbone,wp-backbone,shortcode,utils,media-models,moxiejs,plupload,wp-plupload&ver=5.2.1 HTTP/1.0" 200 106465 "https://simplydesignlife.com/wp-admin/customize.php?return=%2Fwp-admin%2F" "Mozilla/5.0 (Windows NT 10.0; Win64; x64) AppleWebKit/537.36 (KHTML, like Gecko) Chrome/74.0.3729.169 Safari/537.36"
198.27.82.210 - - [12/Jun/2019:08:07:49 +0000] "POST /xmlrpc.php HTTP/1.0" 200 607 "-" "Mozilla/5.0 (Windows NT 10.0; WOW64) AppleWebKit/537.36 (KHTML, like Gecko) Chrome/63.0.3239.132 Safari/537.36"
202.47.49.95 - - [12/Jun/2019:08:08:07 +0000] "GET /?customize_changeset_uuid=eb16ca19-632b-4cc1-84b1-346400a20270&customize_theme=restored316-captivating&customize_messenger_channel=preview-0 HTTP/1.0" 200 32594 "https://simplydesignlife.com/wp-admin/customize.php?return=%2Fwp-admin%2F" "Mozilla/5.0 (Windows NT 10.0; Win64; x64) AppleWebKit/537.36 (KHTML, like Gecko) Chrome/74.0.3729.169 Safari/537.36"
202.47.49.95 - - [12/Jun/2019:08:08:12 +0000] "POST /wp-admin/admin-ajax.php?customize_changeset_uuid=eb16ca19-632b-4cc1-84b1-346400a20270&customize_preview_nonce=92a7d750bc HTTP/1.0" 200 20923 "https://simplydesignlife.com/?customize_changeset_uuid=eb16ca19-632b-4cc1-84b1-346400a20270&customize_theme=restored316-captivating&customize_messenger_channel=preview-0" "Mozilla/5.0 (Windows NT 10.0; Win64; x64) AppleWebKit/537.36 (KHTML, like Gecko) Chrome/74.0.3729.169 Safari/537.36"
198.27.82.210 - - [12/Jun/2019:08:08:03 +0000] "POST /xmlrpc.php HTTP/1.0" 200 607 "-" "Mozilla/5.0 (Windows NT 10.0; WOW64) AppleWebKit/537.36 (KHTML, like Gecko) Chrome/63.0.3239.132 Safari/537.36"
198.27.82.210 - - [12/Jun/2019:08:08:17 +0000] "POST /xmlrpc.php HTTP/1.0" 200 607 "-" "Mozilla/5.0 (Windows NT 10.0; WOW64) AppleWebKit/537.36 (KHTML, like Gecko) Chrome/63.0.3239.132 Safari/537.36"
198.27.82.210 - - [12/Jun/2019:08:08:32 +0000] "POST /xmlrpc.php HTTP/1.0" 200 607 "-" "Mozilla/5.0 (Windows NT 10.0; WOW64) AppleWebKit/537.36 (KHTML, like Gecko) Chrome/63.0.3239.132 Safari/537.36"
198.27.82.210 - - [12/Jun/2019:08:08:46 +0000] "POST /xmlrpc.php HTTP/1.0" 200 607 "-" "Mozilla/5.0 (Windows NT 10.0; WOW64) AppleWebKit/537.36 (KHTML, like Gecko) Chrome/63.0.3239.132 Safari/537.36"
202.47.49.95 - - [12/Jun/2019:08:08:59 +0000] "POST /wp-admin/admin-ajax.php HTTP/1.0" 200 2063 "https://simplydesignlife.com/wp-admin/customize.php?return=%2Fwp-admin%2F" "Mozilla/5.0 (Windows NT 10.0; Win64; x64) AppleWebKit/537.36 (KHTML, like Gecko) Chrome/74.0.3729.169 Safari/537.36"
198.27.82.210 - - [12/Jun/2019:08:09:00 +0000] "POST /xmlrpc.php HTTP/1.0" 200 607 "-" "Mozilla/5.0 (Windows NT 10.0; WOW64) AppleWebKit/537.36 (KHTML, like Gecko) Chrome/63.0.3239.132 Safari/537.36"
198.27.82.210 - - [12/Jun/2019:08:09:15 +0000] "POST /xmlrpc.php HTTP/1.0" 200 607 "-" "Mozilla/5.0 (Windows NT 10.0; WOW64) AppleWebKit/537.36 (KHTML, like Gecko) Chrome/63.0.3239.132 Safari/537.36"
198.27.82.210 - - [12/Jun/2019:08:09:29 +0000] "POST /xmlrpc.php HTTP/1.0" 200 607 "-" "Mozilla/5.0 (Windows NT 10.0; WOW64) AppleWebKit/537.36 (KHTML, like Gecko) Chrome/63.0.3239.132 Safari/537.36"
198.27.82.210 - - [12/Jun/2019:08:09:44 +0000] "POST /xmlrpc.php HTTP/1.0" 200 607 "-" "Mozilla/5.0 (Windows NT 10.0; WOW64) AppleWebKit/537.36 (KHTML, like Gecko) Chrome/63.0.3239.132 Safari/537.36"
202.47.49.95 - - [12/Jun/2019:08:09:54 +0000] "GET /wp-admin/admin.php?page=genesis HTTP/1.0" 302 482 "https://simplydesignlife.com/wp-admin/" "Mozilla/5.0 (Windows NT 10.0; Win64; x64) AppleWebKit/537.36 (KHTML, like Gecko) Chrome/74.0.3729.169 Safari/537.36"
202.47.49.95 - - [12/Jun/2019:08:09:54 +0000] "GET /wp-admin/customize.php?autofocus%5Bpanel%5D=genesis HTTP/1.0" 200 104418 "https://simplydesignlife.com/wp-admin/" "Mozilla/5.0 (Windows NT 10.0; Win64; x64) AppleWebKit/537.36 (KHTML, like Gecko) Chrome/74.0.3729.169 Safari/537.36"
202.47.49.95 - - [12/Jun/2019:08:10:00 +0000] "GET /?customize_changeset_uuid=1b862043-6091-448c-b8d3-dbfabbef4f57&customize_theme=restored316-captivating&customize_messenger_channel=preview-0 HTTP/1.0" 200 32597 "https://simplydesignlife.com/wp-admin/customize.php?autofocus%5Bpanel%5D=genesis" "Mozilla/5.0 (Windows NT 10.0; Win64; x64) AppleWebKit/537.36 (KHTML, like Gecko) Chrome/74.0.3729.169 Safari/537.36"
202.47.49.95 - - [12/Jun/2019:08:10:03 +0000] "POST /wp-admin/admin-ajax.php?_fs_blog_admin=true HTTP/1.0" 200 1047 "https://simplydesignlife.com/wp-admin/" "Mozilla/5.0 (Windows NT 10.0; Win64; x64) AppleWebKit/537.36 (KHTML, like Gecko) Chrome/74.0.3729.169 Safari/537.36"
202.47.49.95 - - [12/Jun/2019:08:10:04 +0000] "POST /wp-admin/admin-ajax.php?_fs_blog_admin=true HTTP/1.0" 200 856 "https://simplydesignlife.com/wp-admin/" "Mozilla/5.0 (Windows NT 10.0; Win64; x64) AppleWebKit/537.36 (KHTML, like Gecko) Chrome/74.0.3729.169 Safari/537.36"
198.27.82.210 - - [12/Jun/2019:08:09:58 +0000] "POST /xmlrpc.php HTTP/1.0" 200 607 "-" "Mozilla/5.0 (Windows NT 10.0; WOW64) AppleWebKit/537.36 (KHTML, like Gecko) Chrome/63.0.3239.132 Safari/537.36"
198.27.82.210 - - [12/Jun/2019:08:10:12 +0000] "POST /xmlrpc.php HTTP/1.0" 200 607 "-" "Mozilla/5.0 (Windows NT 10.0; WOW64) AppleWebKit/537.36 (KHTML, like Gecko) Chrome/63.0.3239.132 Safari/537.36"
198.27.82.210 - - [12/Jun/2019:08:10:26 +0000] "POST /xmlrpc.php HTTP/1.0" 200 607 "-" "Mozilla/5.0 (Windows NT 10.0; WOW64) AppleWebKit/537.36 (KHTML, like Gecko) Chrome/63.0.3239.132 Safari/537.36"
198.27.82.210 - - [12/Jun/2019:08:10:40 +0000] "POST /xmlrpc.php HTTP/1.0" 200 607 "-" "Mozilla/5.0 (Windows NT 10.0; WOW64) AppleWebKit/537.36 (KHTML, like Gecko) Chrome/63.0.3239.132 Safari/537.36"
198.27.82.210 - - [12/Jun/2019:08:10:55 +0000] "POST /xmlrpc.php HTTP/1.0" 200 607 "-" "Mozilla/5.0 (Windows NT 10.0; WOW64) AppleWebKit/537.36 (KHTML, like Gecko) Chrome/63.0.3239.132 Safari/537.36"
202.47.49.95 - - [12/Jun/2019:08:11:02 +0000] "GET /wp-admin/theme-editor.php HTTP/1.0" 200 32774 "https://simplydesignlife.com/wp-admin/" "Mozilla/5.0 (Windows NT 10.0; Win64; x64) AppleWebKit/537.36 (KHTML, like Gecko) Chrome/74.0.3729.169 Safari/537.36"
202.47.49.95 - - [12/Jun/2019:08:11:02 +0000] "GET /wp-admin/load-styles.php?c=0&dir=ltr&load%5B%5D=dashicons,admin-bar,wp-pointer,code-editor,common,forms,admin-menu,dashboard,list-tables,edit,revisions,media,themes,about,nav-m&load%5B%5D=enus,widgets,site-icon,l10n,buttons,wp-auth-check,wp-color-picker&ver=273259ae9179de08035c9340a4134752 HTTP/1.0" 200 84872 "https://simplydesignlife.com/wp-admin/theme-editor.php" "Mozilla/5.0 (Windows NT 10.0; Win64; x64) AppleWebKit/537.36 (KHTML, like Gecko) Chrome/74.0.3729.169 Safari/537.36"
202.47.49.95 - - [12/Jun/2019:08:11:03 +0000] "GET /wp-admin/load-scripts.php?c=0&load%5B%5D=jquery-core,jquery-migrate,utils,wp-codemirror,underscore&ver=273259ae9179de08035c9340a4134752 HTTP/1.0" 200 225037 "https://simplydesignlife.com/wp-admin/theme-editor.php" "Mozilla/5.0 (Windows NT 10.0; Win64; x64) AppleWebKit/537.36 (KHTML, like Gecko) Chrome/74.0.3729.169 Safari/537.36"
202.47.49.95 - - [12/Jun/2019:08:11:03 +0000] "GET /wp-admin/load-scripts.php?c=0&load%5B%5D=hoverIntent,common,admin-bar,jquery-ui-widget,jquery-ui-position,wp-pointer,svg-painter&ver=273259ae9179de08035c9340a4134752 HTTP/1.0" 200 15025 "https://simplydesignlife.com/wp-admin/theme-editor.php" "Mozilla/5.0 (Windows NT 10.0; Win64; x64) AppleWebKit/537.36 (KHTML, like Gecko) Chrome/74.0.3729.169 Safari/537.36"
202.47.49.95 - - [12/Jun/2019:08:11:14 +0000] "GET /wp-admin/theme-editor.php?file=functions.php&theme=restored316-captivating HTTP/1.0" 200 26096 "https://simplydesignlife.com/wp-admin/theme-editor.php" "Mozilla/5.0 (Windows NT 10.0; Win64; x64) AppleWebKit/537.36 (KHTML, like Gecko) Chrome/74.0.3729.169 Safari/537.36"
198.27.82.210 - - [12/Jun/2019:08:11:09 +0000] "POST /xmlrpc.php HTTP/1.0" 200 607 "-" "Mozilla/5.0 (Windows NT 10.0; WOW64) AppleWebKit/537.36 (KHTML, like Gecko) Chrome/63.0.3239.132 Safari/537.36"
63.143.42.247 - - [12/Jun/2019:08:11:33 +0000] "HEAD / HTTP/1.0" 200 282 "https://simplydesignlife.com/" "Mozilla/5.0+(compatible; UptimeRobot/2.0; http://www.uptimerobot.com/)"
198.27.82.210 - - [12/Jun/2019:08:11:23 +0000] "POST /xmlrpc.php HTTP/1.0" 200 607 "-" "Mozilla/5.0 (Windows NT 10.0; WOW64) AppleWebKit/537.36 (KHTML, like Gecko) Chrome/63.0.3239.132 Safari/537.36"
198.27.82.210 - - [12/Jun/2019:08:11:37 +0000] "POST /xmlrpc.php HTTP/1.0" 200 607 "-" "Mozilla/5.0 (Windows NT 10.0; WOW64) AppleWebKit/537.36 (KHTML, like Gecko) Chrome/63.0.3239.132 Safari/537.36"
198.27.82.210 - - [12/Jun/2019:08:11:51 +0000] "POST /xmlrpc.php HTTP/1.0" 200 607 "-" "Mozilla/5.0 (Windows NT 10.0; WOW64) AppleWebKit/537.36 (KHTML, like Gecko) Chrome/63.0.3239.132 Safari/537.36"
69.171.251.27 - - [12/Jun/2019:08:11:58 +0000] "GET / HTTP/1.0" 206 12890 "-" "facebookexternalhit/1.1 (+http://www.facebook.com/externalhit_uatext.php)"
69.171.251.5 - - [12/Jun/2019:08:11:58 +0000] "GET / HTTP/1.0" 206 12888 "-" "facebookexternalhit/1.1 (+http://www.facebook.com/externalhit_uatext.php)"
69.171.251.42 - - [12/Jun/2019:08:11:58 +0000] "GET / HTTP/1.0" 206 12891 "-" "facebookexternalhit/1.1 (+http://www.facebook.com/externalhit_uatext.php)"
69.171.251.8 - - [12/Jun/2019:08:11:58 +0000] "GET / HTTP/1.0" 206 12889 "-" "facebookexternalhit/1.1 (+http://www.facebook.com/externalhit_uatext.php)"
69.171.251.8 - - [12/Jun/2019:08:11:58 +0000] "GET / HTTP/1.0" 206 12889 "-" "facebookexternalhit/1.1 (+http://www.facebook.com/externalhit_uatext.php)"
69.171.251.4 - - [12/Jun/2019:08:11:58 +0000] "GET / HTTP/1.0" 206 12888 "-" "facebookexternalhit/1.1 (+http://www.facebook.com/externalhit_uatext.php)"
69.171.251.18 - - [12/Jun/2019:08:11:58 +0000] "GET / HTTP/1.0" 206 12890 "-" "facebookexternalhit/1.1 (+http://www.facebook.com/externalhit_uatext.php)"
69.171.251.34 - - [12/Jun/2019:08:11:58 +0000] "GET / HTTP/1.0" 206 12886 "-" "facebookexternalhit/1.1 (+http://www.facebook.com/externalhit_uatext.php)"
69.171.251.4 - - [12/Jun/2019:08:11:58 +0000] "GET / HTTP/1.0" 206 12889 "-" "facebookexternalhit/1.1 (+http://www.facebook.com/externalhit_uatext.php)"
69.171.251.18 - - [12/Jun/2019:08:11:58 +0000] "GET / HTTP/1.0" 206 12889 "-" "facebookexternalhit/1.1 (+http://www.facebook.com/externalhit_uatext.php)"
69.171.251.8 - - [12/Jun/2019:08:11:58 +0000] "GET / HTTP/1.0" 206 12886 "-" "facebookexternalhit/1.1 (+http://www.facebook.com/externalhit_uatext.php)"
69.171.251.29 - - [12/Jun/2019:08:11:59 +0000] "GET / HTTP/1.0" 206 12889 "-" "facebookexternalhit/1.1 (+http://www.facebook.com/externalhit_uatext.php)"
69.171.251.4 - - [12/Jun/2019:08:11:59 +0000] "GET / HTTP/1.0" 206 12890 "-" "facebookexternalhit/1.1 (+http://www.facebook.com/externalhit_uatext.php)"
69.171.251.42 - - [12/Jun/2019:08:12:01 +0000] "GET / HTTP/1.0" 206 12888 "-" "facebookexternalhit/1.1 (+http://www.facebook.com/externalhit_uatext.php)"
69.171.251.5 - - [12/Jun/2019:08:12:00 +0000] "GET / HTTP/1.0" 206 12889 "-" "facebookexternalhit/1.1 (+http://www.facebook.com/externalhit_uatext.php)"
69.171.251.8 - - [12/Jun/2019:08:12:00 +0000] "GET / HTTP/1.0" 206 12886 "-" "facebookexternalhit/1.1 (+http://www.facebook.com/externalhit_uatext.php)"
69.171.251.18 - - [12/Jun/2019:08:12:00 +0000] "GET / HTTP/1.0" 206 12885 "-" "facebookexternalhit/1.1 (+http://www.facebook.com/externalhit_uatext.php)"
69.171.251.29 - - [12/Jun/2019:08:12:01 +0000] "GET / HTTP/1.0" 206 12889 "-" "facebookexternalhit/1.1 (+http://www.facebook.com/externalhit_uatext.php)"
69.171.251.40 - - [12/Jun/2019:08:12:01 +0000] "GET / HTTP/1.0" 206 12888 "-" "facebookexternalhit/1.1 (+http://www.facebook.com/externalhit_uatext.php)"
69.171.251.41 - - [12/Jun/2019:08:12:01 +0000] "GET / HTTP/1.0" 206 12888 "-" "facebookexternalhit/1.1 (+http://www.facebook.com/externalhit_uatext.php)"
69.171.251.38 - - [12/Jun/2019:08:12:01 +0000] "GET / HTTP/1.0" 206 12888 "-" "facebookexternalhit/1.1 (+http://www.facebook.com/externalhit_uatext.php)"
69.171.251.39 - - [12/Jun/2019:08:12:00 +0000] "GET / HTTP/1.0" 206 12888 "-" "facebookexternalhit/1.1 (+http://www.facebook.com/externalhit_uatext.php)"
69.171.251.22 - - [12/Jun/2019:08:12:02 +0000] "GET / HTTP/1.0" 206 12888 "-" "facebookexternalhit/1.1 (+http://www.facebook.com/externalhit_uatext.php)"
69.171.251.42 - - [12/Jun/2019:08:12:02 +0000] "GET / HTTP/1.0" 206 12887 "-" "facebookexternalhit/1.1 (+http://www.facebook.com/externalhit_uatext.php)"
69.171.251.29 - - [12/Jun/2019:08:12:10 +0000] "GET / HTTP/1.0" 206 12891 "-" "facebookexternalhit/1.1 (+http://www.facebook.com/externalhit_uatext.php)"
69.171.251.21 - - [12/Jun/2019:08:12:11 +0000] "GET / HTTP/1.0" 206 12890 "-" "facebookexternalhit/1.1 (+http://www.facebook.com/externalhit_uatext.php)"
69.171.251.43 - - [12/Jun/2019:08:12:11 +0000] "GET / HTTP/1.0" 206 12889 "-" "facebookexternalhit/1.1 (+http://www.facebook.com/externalhit_uatext.php)"
69.171.251.11 - - [12/Jun/2019:08:12:11 +0000] "GET / HTTP/1.0" 206 12886 "-" "facebookexternalhit/1.1 (+http://www.facebook.com/externalhit_uatext.php)"
69.171.251.21 - - [12/Jun/2019:08:12:11 +0000] "GET / HTTP/1.0" 206 12888 "-" "facebookexternalhit/1.1 (+http://www.facebook.com/externalhit_uatext.php)"
69.171.251.16 - - [12/Jun/2019:08:12:11 +0000] "GET / HTTP/1.0" 206 12889 "-" "facebookexternalhit/1.1 (+http://www.facebook.com/externalhit_uatext.php)"
69.171.251.21 - - [12/Jun/2019:08:12:11 +0000] "GET / HTTP/1.0" 206 12886 "-" "facebookexternalhit/1.1 (+http://www.facebook.com/externalhit_uatext.php)"
69.171.251.35 - - [12/Jun/2019:08:12:11 +0000] "GET / HTTP/1.0" 206 12888 "-" "facebookexternalhit/1.1 (+http://www.facebook.com/externalhit_uatext.php)"
202.47.49.95 - - [12/Jun/2019:08:12:11 +0000] "GET /wp-admin/themes.php HTTP/1.0" 200 24221 "https://simplydesignlife.com/wp-admin/theme-editor.php?file=functions.php&theme=restored316-captivating" "Mozilla/5.0 (Windows NT 10.0; Win64; x64) AppleWebKit/537.36 (KHTML, like Gecko) Chrome/74.0.3729.169 Safari/537.36"
202.47.49.95 - - [12/Jun/2019:08:12:13 +0000] "GET /wp-admin/load-scripts.php?c=0&load%5B%5D=hoverIntent,common,admin-bar,jquery-ui-widget,jquery-ui-position,wp-pointer,thickbox,underscore,backbone,wp-util,wp-backbone,wp-&load%5B%5D=a11y,customize-base,theme,updates,svg-painter&ver=273259ae9179de08035c9340a4134752 HTTP/1.0" 200 48748 "https://simplydesignlife.com/wp-admin/themes.php" "Mozilla/5.0 (Windows NT 10.0; Win64; x64) AppleWebKit/537.36 (KHTML, like Gecko) Chrome/74.0.3729.169 Safari/537.36"
69.171.251.40 - - [12/Jun/2019:08:12:13 +0000] "GET / HTTP/1.0" 206 12884 "-" "facebookexternalhit/1.1 (+http://www.facebook.com/externalhit_uatext.php)"
69.171.251.34 - - [12/Jun/2019:08:12:13 +0000] "GET / HTTP/1.0" 206 12888 "-" "facebookexternalhit/1.1 (+http://www.facebook.com/externalhit_uatext.php)"
69.171.251.18 - - [12/Jun/2019:08:12:13 +0000] "GET / HTTP/1.0" 206 12887 "-" "facebookexternalhit/1.1 (+http://www.facebook.com/externalhit_uatext.php)"
69.171.251.40 - - [12/Jun/2019:08:12:13 +0000] "GET / HTTP/1.0" 206 12888 "-" "facebookexternalhit/1.1 (+http://www.facebook.com/externalhit_uatext.php)"
69.171.251.7 - - [12/Jun/2019:08:12:13 +0000] "GET / HTTP/1.0" 206 12886 "-" "facebookexternalhit/1.1 (+http://www.facebook.com/externalhit_uatext.php)"
