95.216.11.233 - - [12/Jun/2019:07:06:11 +0000] "GET /como-criar-um-blog-de-forma-simples/ HTTP/1.0" 200 17503 "-" "Mozilla/5.0 (compatible; MJ12bot/v1.4.8; http://mj12bot.com/)"
95.216.11.233 - - [12/Jun/2019:07:06:15 +0000] "GET /?p=3104 HTTP/1.0" 301 426 "-" "Mozilla/5.0 (compatible; MJ12bot/v1.4.8; http://mj12bot.com/)"
95.216.11.233 - - [12/Jun/2019:07:06:17 +0000] "GET /como-criar-um-blog-de-forma-simples/ HTTP/1.0" 200 17503 "-" "Mozilla/5.0 (compatible; MJ12bot/v1.4.8; http://mj12bot.com/)"
95.216.11.233 - - [12/Jun/2019:07:06:21 +0000] "GET /?p=3177 HTTP/1.0" 301 415 "-" "Mozilla/5.0 (compatible; MJ12bot/v1.4.8; http://mj12bot.com/)"
95.216.11.233 - - [12/Jun/2019:07:06:23 +0000] "GET /vila-joya-boutique-hotel/ HTTP/1.0" 200 15368 "-" "Mozilla/5.0 (compatible; MJ12bot/v1.4.8; http://mj12bot.com/)"
198.27.82.210 - - [12/Jun/2019:07:06:13 +0000] "POST /xmlrpc.php HTTP/1.0" 200 607 "-" "Mozilla/5.0 (Windows NT 10.0; WOW64) AppleWebKit/537.36 (KHTML, like Gecko) Chrome/63.0.3239.132 Safari/537.36"
95.216.11.233 - - [12/Jun/2019:07:06:26 +0000] "GET /?p=3177 HTTP/1.0" 301 415 "-" "Mozilla/5.0 (compatible; MJ12bot/v1.4.8; http://mj12bot.com/)"
95.216.11.233 - - [12/Jun/2019:07:06:28 +0000] "GET /vila-joya-boutique-hotel/ HTTP/1.0" 200 15368 "-" "Mozilla/5.0 (compatible; MJ12bot/v1.4.8; http://mj12bot.com/)"
95.216.11.233 - - [12/Jun/2019:07:06:32 +0000] "GET /?p=3720 HTTP/1.0" 301 415 "-" "Mozilla/5.0 (compatible; MJ12bot/v1.4.8; http://mj12bot.com/)"
198.27.82.210 - - [12/Jun/2019:07:06:27 +0000] "POST /xmlrpc.php HTTP/1.0" 200 607 "-" "Mozilla/5.0 (Windows NT 10.0; WOW64) AppleWebKit/537.36 (KHTML, like Gecko) Chrome/63.0.3239.132 Safari/537.36"
95.216.11.233 - - [12/Jun/2019:07:06:34 +0000] "GET /the-color-of-the-month-2/ HTTP/1.0" 200 15469 "-" "Mozilla/5.0 (compatible; MJ12bot/v1.4.8; http://mj12bot.com/)"
63.143.42.247 - - [12/Jun/2019:07:06:35 +0000] "HEAD / HTTP/1.0" 200 282 "https://simplydesignlife.com/" "Mozilla/5.0+(compatible; UptimeRobot/2.0; http://www.uptimerobot.com/)"
95.216.11.233 - - [12/Jun/2019:07:06:38 +0000] "GET /?p=805 HTTP/1.0" 301 373 "-" "Mozilla/5.0 (compatible; MJ12bot/v1.4.8; http://mj12bot.com/)"
95.216.11.233 - - [12/Jun/2019:07:06:40 +0000] "GET /querem-saber-qual-foi-a-minha-praia/ HTTP/1.0" 200 14588 "-" "Mozilla/5.0 (compatible; MJ12bot/v1.4.8; http://mj12bot.com/)"
95.216.11.233 - - [12/Jun/2019:07:06:44 +0000] "GET /?p=805 HTTP/1.0" 301 373 "-" "Mozilla/5.0 (compatible; MJ12bot/v1.4.8; http://mj12bot.com/)"
95.216.11.233 - - [12/Jun/2019:07:06:46 +0000] "GET /querem-saber-qual-foi-a-minha-praia/ HTTP/1.0" 200 14588 "-" "Mozilla/5.0 (compatible; MJ12bot/v1.4.8; http://mj12bot.com/)"
95.216.11.233 - - [12/Jun/2019:07:06:49 +0000] "GET /?p=830 HTTP/1.0" 301 381 "-" "Mozilla/5.0 (compatible; MJ12bot/v1.4.8; http://mj12bot.com/)"
95.216.11.233 - - [12/Jun/2019:07:06:51 +0000] "GET /a-cor-do-mes-roxo-color-of-the-month-purple/ HTTP/1.0" 200 14644 "-" "Mozilla/5.0 (compatible; MJ12bot/v1.4.8; http://mj12bot.com/)"
198.27.82.210 - - [12/Jun/2019:07:06:41 +0000] "POST /xmlrpc.php HTTP/1.0" 200 607 "-" "Mozilla/5.0 (Windows NT 10.0; WOW64) AppleWebKit/537.36 (KHTML, like Gecko) Chrome/63.0.3239.132 Safari/537.36"
95.216.11.233 - - [12/Jun/2019:07:06:55 +0000] "GET /?p=830 HTTP/1.0" 301 381 "-" "Mozilla/5.0 (compatible; MJ12bot/v1.4.8; http://mj12bot.com/)"
95.216.11.233 - - [12/Jun/2019:07:06:57 +0000] "GET /a-cor-do-mes-roxo-color-of-the-month-purple/ HTTP/1.0" 200 14644 "-" "Mozilla/5.0 (compatible; MJ12bot/v1.4.8; http://mj12bot.com/)"
95.216.11.233 - - [12/Jun/2019:07:07:02 +0000] "GET /?p=966 HTTP/1.0" 301 351 "-" "Mozilla/5.0 (compatible; MJ12bot/v1.4.8; http://mj12bot.com/)"
95.216.11.233 - - [12/Jun/2019:07:07:04 +0000] "GET /designer-pick/ HTTP/1.0" 200 14805 "-" "Mozilla/5.0 (compatible; MJ12bot/v1.4.8; http://mj12bot.com/)"
198.27.82.210 - - [12/Jun/2019:07:06:56 +0000] "POST /xmlrpc.php HTTP/1.0" 200 607 "-" "Mozilla/5.0 (Windows NT 10.0; WOW64) AppleWebKit/537.36 (KHTML, like Gecko) Chrome/63.0.3239.132 Safari/537.36"
95.216.11.233 - - [12/Jun/2019:07:07:07 +0000] "GET /?p=966 HTTP/1.0" 301 351 "-" "Mozilla/5.0 (compatible; MJ12bot/v1.4.8; http://mj12bot.com/)"
95.216.11.233 - - [12/Jun/2019:07:07:09 +0000] "GET /designer-pick/ HTTP/1.0" 200 14805 "-" "Mozilla/5.0 (compatible; MJ12bot/v1.4.8; http://mj12bot.com/)"
198.27.82.210 - - [12/Jun/2019:07:07:11 +0000] "POST /xmlrpc.php HTTP/1.0" 200 607 "-" "Mozilla/5.0 (Windows NT 10.0; WOW64) AppleWebKit/537.36 (KHTML, like Gecko) Chrome/63.0.3239.132 Safari/537.36"
198.27.82.210 - - [12/Jun/2019:07:07:26 +0000] "POST /xmlrpc.php HTTP/1.0" 200 607 "-" "Mozilla/5.0 (Windows NT 10.0; WOW64) AppleWebKit/537.36 (KHTML, like Gecko) Chrome/63.0.3239.132 Safari/537.36"
198.27.82.210 - - [12/Jun/2019:07:07:41 +0000] "POST /xmlrpc.php HTTP/1.0" 200 607 "-" "Mozilla/5.0 (Windows NT 10.0; WOW64) AppleWebKit/537.36 (KHTML, like Gecko) Chrome/63.0.3239.132 Safari/537.36"
198.27.82.210 - - [12/Jun/2019:07:07:56 +0000] "POST /xmlrpc.php HTTP/1.0" 200 607 "-" "Mozilla/5.0 (Windows NT 10.0; WOW64) AppleWebKit/537.36 (KHTML, like Gecko) Chrome/63.0.3239.132 Safari/537.36"
198.27.82.210 - - [12/Jun/2019:07:08:11 +0000] "POST /xmlrpc.php HTTP/1.0" 200 607 "-" "Mozilla/5.0 (Windows NT 10.0; WOW64) AppleWebKit/537.36 (KHTML, like Gecko) Chrome/63.0.3239.132 Safari/537.36"
198.27.82.210 - - [12/Jun/2019:07:08:26 +0000] "POST /xmlrpc.php HTTP/1.0" 200 607 "-" "Mozilla/5.0 (Windows NT 10.0; WOW64) AppleWebKit/537.36 (KHTML, like Gecko) Chrome/63.0.3239.132 Safari/537.36"
198.27.82.210 - - [12/Jun/2019:07:08:41 +0000] "POST /xmlrpc.php HTTP/1.0" 200 607 "-" "Mozilla/5.0 (Windows NT 10.0; WOW64) AppleWebKit/537.36 (KHTML, like Gecko) Chrome/63.0.3239.132 Safari/537.36"
198.27.82.210 - - [12/Jun/2019:07:08:56 +0000] "POST /xmlrpc.php HTTP/1.0" 200 607 "-" "Mozilla/5.0 (Windows NT 10.0; WOW64) AppleWebKit/537.36 (KHTML, like Gecko) Chrome/63.0.3239.132 Safari/537.36"
198.27.82.210 - - [12/Jun/2019:07:09:12 +0000] "POST /xmlrpc.php HTTP/1.0" 200 607 "-" "Mozilla/5.0 (Windows NT 10.0; WOW64) AppleWebKit/537.36 (KHTML, like Gecko) Chrome/63.0.3239.132 Safari/537.36"
198.27.82.210 - - [12/Jun/2019:07:09:26 +0000] "POST /xmlrpc.php HTTP/1.0" 200 607 "-" "Mozilla/5.0 (Windows NT 10.0; WOW64) AppleWebKit/537.36 (KHTML, like Gecko) Chrome/63.0.3239.132 Safari/537.36"
46.229.168.162 - - [12/Jun/2019:07:09:36 +0000] "GET /tag/madonna/ HTTP/1.0" 200 10087 "-" "Mozilla/5.0 (compatible; SemrushBot/3~bl; +http://www.semrush.com/bot.html)"
167.99.92.90 - - [12/Jun/2019:07:09:41 +0000] "POST /wp-cron.php?doing_wp_cron=1560323381.3363349437713623046875 HTTP/1.0" 200 255 "http://simplydesignlife.com/wp-cron.php?doing_wp_cron=1560323381.3363349437713623046875" "WordPress/5.2.1; https://simplydesignlife.com"
198.27.82.210 - - [12/Jun/2019:07:09:41 +0000] "POST /xmlrpc.php HTTP/1.0" 200 607 "-" "Mozilla/5.0 (Windows NT 10.0; WOW64) AppleWebKit/537.36 (KHTML, like Gecko) Chrome/63.0.3239.132 Safari/537.36"
198.27.82.210 - - [12/Jun/2019:07:09:55 +0000] "POST /xmlrpc.php HTTP/1.0" 200 607 "-" "Mozilla/5.0 (Windows NT 10.0; WOW64) AppleWebKit/537.36 (KHTML, like Gecko) Chrome/63.0.3239.132 Safari/537.36"
198.27.82.210 - - [12/Jun/2019:07:10:08 +0000] "POST /xmlrpc.php HTTP/1.0" 200 607 "-" "Mozilla/5.0 (Windows NT 10.0; WOW64) AppleWebKit/537.36 (KHTML, like Gecko) Chrome/63.0.3239.132 Safari/537.36"
198.27.82.210 - - [12/Jun/2019:07:10:23 +0000] "POST /xmlrpc.php HTTP/1.0" 200 607 "-" "Mozilla/5.0 (Windows NT 10.0; WOW64) AppleWebKit/537.36 (KHTML, like Gecko) Chrome/63.0.3239.132 Safari/537.36"
198.27.82.210 - - [12/Jun/2019:07:10:37 +0000] "POST /xmlrpc.php HTTP/1.0" 200 607 "-" "Mozilla/5.0 (Windows NT 10.0; WOW64) AppleWebKit/537.36 (KHTML, like Gecko) Chrome/63.0.3239.132 Safari/537.36"
198.27.82.210 - - [12/Jun/2019:07:10:51 +0000] "POST /xmlrpc.php HTTP/1.0" 200 607 "-" "Mozilla/5.0 (Windows NT 10.0; WOW64) AppleWebKit/537.36 (KHTML, like Gecko) Chrome/63.0.3239.132 Safari/537.36"
198.27.82.210 - - [12/Jun/2019:07:11:06 +0000] "POST /xmlrpc.php HTTP/1.0" 200 607 "-" "Mozilla/5.0 (Windows NT 10.0; WOW64) AppleWebKit/537.36 (KHTML, like Gecko) Chrome/63.0.3239.132 Safari/537.36"
198.27.82.210 - - [12/Jun/2019:07:11:20 +0000] "POST /xmlrpc.php HTTP/1.0" 200 607 "-" "Mozilla/5.0 (Windows NT 10.0; WOW64) AppleWebKit/537.36 (KHTML, like Gecko) Chrome/63.0.3239.132 Safari/537.36"
63.143.42.247 - - [12/Jun/2019:07:11:35 +0000] "HEAD / HTTP/1.0" 200 282 "https://simplydesignlife.com/" "Mozilla/5.0+(compatible; UptimeRobot/2.0; http://www.uptimerobot.com/)"
198.27.82.210 - - [12/Jun/2019:07:11:35 +0000] "POST /xmlrpc.php HTTP/1.0" 200 607 "-" "Mozilla/5.0 (Windows NT 10.0; WOW64) AppleWebKit/537.36 (KHTML, like Gecko) Chrome/63.0.3239.132 Safari/537.36"
198.27.82.210 - - [12/Jun/2019:07:11:49 +0000] "POST /xmlrpc.php HTTP/1.0" 200 607 "-" "Mozilla/5.0 (Windows NT 10.0; WOW64) AppleWebKit/537.36 (KHTML, like Gecko) Chrome/63.0.3239.132 Safari/537.36"
198.27.82.210 - - [12/Jun/2019:07:12:03 +0000] "POST /xmlrpc.php HTTP/1.0" 200 607 "-" "Mozilla/5.0 (Windows NT 10.0; WOW64) AppleWebKit/537.36 (KHTML, like Gecko) Chrome/63.0.3239.132 Safari/537.36"
31.13.127.29 - - [12/Jun/2019:07:12:26 +0000] "GET / HTTP/1.0" 206 12888 "-" "facebookexternalhit/1.1 (+http://www.facebook.com/externalhit_uatext.php)"
31.13.127.40 - - [12/Jun/2019:07:12:26 +0000] "GET / HTTP/1.0" 206 12887 "-" "facebookexternalhit/1.1 (+http://www.facebook.com/externalhit_uatext.php)"
31.13.127.20 - - [12/Jun/2019:07:12:26 +0000] "GET / HTTP/1.0" 206 12889 "-" "facebookexternalhit/1.1 (+http://www.facebook.com/externalhit_uatext.php)"
31.13.127.10 - - [12/Jun/2019:07:12:26 +0000] "GET / HTTP/1.0" 206 12888 "-" "facebookexternalhit/1.1 (+http://www.facebook.com/externalhit_uatext.php)"
31.13.127.35 - - [12/Jun/2019:07:12:26 +0000] "GET / HTTP/1.0" 206 12888 "-" "facebookexternalhit/1.1 (+http://www.facebook.com/externalhit_uatext.php)"
31.13.127.32 - - [12/Jun/2019:07:12:26 +0000] "GET / HTTP/1.0" 206 12888 "-" "facebookexternalhit/1.1 (+http://www.facebook.com/externalhit_uatext.php)"
31.13.127.32 - - [12/Jun/2019:07:12:27 +0000] "GET / HTTP/1.0" 206 12888 "-" "facebookexternalhit/1.1 (+http://www.facebook.com/externalhit_uatext.php)"
31.13.127.40 - - [12/Jun/2019:07:12:26 +0000] "GET / HTTP/1.0" 206 12886 "-" "facebookexternalhit/1.1 (+http://www.facebook.com/externalhit_uatext.php)"
31.13.127.15 - - [12/Jun/2019:07:12:26 +0000] "GET / HTTP/1.0" 206 12889 "-" "facebookexternalhit/1.1 (+http://www.facebook.com/externalhit_uatext.php)"
198.27.82.210 - - [12/Jun/2019:07:12:18 +0000] "POST /xmlrpc.php HTTP/1.0" 200 607 "-" "Mozilla/5.0 (Windows NT 10.0; WOW64) AppleWebKit/537.36 (KHTML, like Gecko) Chrome/63.0.3239.132 Safari/537.36"
31.13.127.44 - - [12/Jun/2019:07:12:30 +0000] "GET /contact HTTP/1.0" 301 344 "-" "facebookexternalhit/1.1 (+http://www.facebook.com/externalhit_uatext.php)"
31.13.127.35 - - [12/Jun/2019:07:12:30 +0000] "GET /contact HTTP/1.0" 301 344 "-" "facebookexternalhit/1.1 (+http://www.facebook.com/externalhit_uatext.php)"
31.13.127.29 - - [12/Jun/2019:07:12:30 +0000] "GET /contact HTTP/1.0" 301 344 "-" "facebookexternalhit/1.1 (+http://www.facebook.com/externalhit_uatext.php)"
31.13.127.32 - - [12/Jun/2019:07:12:30 +0000] "GET /contact HTTP/1.0" 301 344 "-" "facebookexternalhit/1.1 (+http://www.facebook.com/externalhit_uatext.php)"
31.13.127.32 - - [12/Jun/2019:07:12:30 +0000] "GET /contact HTTP/1.0" 301 344 "-" "facebookexternalhit/1.1 (+http://www.facebook.com/externalhit_uatext.php)"
31.13.127.32 - - [12/Jun/2019:07:12:30 +0000] "GET /contact HTTP/1.0" 301 344 "-" "facebookexternalhit/1.1 (+http://www.facebook.com/externalhit_uatext.php)"
31.13.127.45 - - [12/Jun/2019:07:12:30 +0000] "GET /contact HTTP/1.0" 301 344 "-" "facebookexternalhit/1.1 (+http://www.facebook.com/externalhit_uatext.php)"
31.13.127.44 - - [12/Jun/2019:07:12:30 +0000] "GET /contact/ HTTP/1.0" 206 15081 "-" "facebookexternalhit/1.1 (+http://www.facebook.com/externalhit_uatext.php)"
31.13.127.32 - - [12/Jun/2019:07:12:31 +0000] "GET /contact/ HTTP/1.0" 206 15081 "-" "facebookexternalhit/1.1 (+http://www.facebook.com/externalhit_uatext.php)"
31.13.127.32 - - [12/Jun/2019:07:12:31 +0000] "GET /contact/ HTTP/1.0" 206 15080 "-" "facebookexternalhit/1.1 (+http://www.facebook.com/externalhit_uatext.php)"
31.13.127.45 - - [12/Jun/2019:07:12:31 +0000] "GET /contact/ HTTP/1.0" 206 15081 "-" "facebookexternalhit/1.1 (+http://www.facebook.com/externalhit_uatext.php)"
31.13.127.32 - - [12/Jun/2019:07:12:31 +0000] "GET /contact/ HTTP/1.0" 206 15082 "-" "facebookexternalhit/1.1 (+http://www.facebook.com/externalhit_uatext.php)"
31.13.127.35 - - [12/Jun/2019:07:12:31 +0000] "GET /contact/ HTTP/1.0" 206 15081 "-" "facebookexternalhit/1.1 (+http://www.facebook.com/externalhit_uatext.php)"
31.13.127.29 - - [12/Jun/2019:07:12:31 +0000] "GET /contact/ HTTP/1.0" 206 15083 "-" "facebookexternalhit/1.1 (+http://www.facebook.com/externalhit_uatext.php)"
198.27.82.210 - - [12/Jun/2019:07:12:32 +0000] "POST /xmlrpc.php HTTP/1.0" 200 607 "-" "Mozilla/5.0 (Windows NT 10.0; WOW64) AppleWebKit/537.36 (KHTML, like Gecko) Chrome/63.0.3239.132 Safari/537.36"
198.27.82.210 - - [12/Jun/2019:07:12:46 +0000] "POST /xmlrpc.php HTTP/1.0" 200 607 "-" "Mozilla/5.0 (Windows NT 10.0; WOW64) AppleWebKit/537.36 (KHTML, like Gecko) Chrome/63.0.3239.132 Safari/537.36"
31.13.127.20 - - [12/Jun/2019:07:13:04 +0000] "GET / HTTP/1.0" 206 12888 "-" "facebookexternalhit/1.1 (+http://www.facebook.com/externalhit_uatext.php)"
31.13.127.44 - - [12/Jun/2019:07:13:04 +0000] "GET / HTTP/1.0" 206 12887 "-" "facebookexternalhit/1.1 (+http://www.facebook.com/externalhit_uatext.php)"
31.13.127.20 - - [12/Jun/2019:07:13:04 +0000] "GET / HTTP/1.0" 206 12889 "-" "facebookexternalhit/1.1 (+http://www.facebook.com/externalhit_uatext.php)"
31.13.127.45 - - [12/Jun/2019:07:13:04 +0000] "GET / HTTP/1.0" 206 12888 "-" "facebookexternalhit/1.1 (+http://www.facebook.com/externalhit_uatext.php)"
31.13.127.45 - - [12/Jun/2019:07:13:04 +0000] "GET / HTTP/1.0" 206 12890 "-" "facebookexternalhit/1.1 (+http://www.facebook.com/externalhit_uatext.php)"
31.13.127.45 - - [12/Jun/2019:07:13:04 +0000] "GET / HTTP/1.0" 206 12887 "-" "facebookexternalhit/1.1 (+http://www.facebook.com/externalhit_uatext.php)"
31.13.127.32 - - [12/Jun/2019:07:13:04 +0000] "GET / HTTP/1.0" 206 12888 "-" "facebookexternalhit/1.1 (+http://www.facebook.com/externalhit_uatext.php)"
31.13.127.19 - - [12/Jun/2019:07:13:04 +0000] "GET / HTTP/1.0" 206 12889 "-" "facebookexternalhit/1.1 (+http://www.facebook.com/externalhit_uatext.php)"
31.13.127.35 - - [12/Jun/2019:07:13:04 +0000] "GET / HTTP/1.0" 206 12886 "-" "facebookexternalhit/1.1 (+http://www.facebook.com/externalhit_uatext.php)"
198.27.82.210 - - [12/Jun/2019:07:13:01 +0000] "POST /xmlrpc.php HTTP/1.0" 200 607 "-" "Mozilla/5.0 (Windows NT 10.0; WOW64) AppleWebKit/537.36 (KHTML, like Gecko) Chrome/63.0.3239.132 Safari/537.36"
198.27.82.210 - - [12/Jun/2019:07:13:15 +0000] "POST /xmlrpc.php HTTP/1.0" 200 607 "-" "Mozilla/5.0 (Windows NT 10.0; WOW64) AppleWebKit/537.36 (KHTML, like Gecko) Chrome/63.0.3239.132 Safari/537.36"
198.27.82.210 - - [12/Jun/2019:07:13:29 +0000] "POST /xmlrpc.php HTTP/1.0" 200 607 "-" "Mozilla/5.0 (Windows NT 10.0; WOW64) AppleWebKit/537.36 (KHTML, like Gecko) Chrome/63.0.3239.132 Safari/537.36"
147.78.66.136 - - [12/Jun/2019:07:13:47 +0000] "POST /xmlrpc.php HTTP/1.0" 200 607 "-" "Mozilla/4.0 (compatible: MSIE 7.0; Windows NT 6.0)"
198.27.82.210 - - [12/Jun/2019:07:13:43 +0000] "POST /xmlrpc.php HTTP/1.0" 200 607 "-" "Mozilla/5.0 (Windows NT 10.0; WOW64) AppleWebKit/537.36 (KHTML, like Gecko) Chrome/63.0.3239.132 Safari/537.36"
198.27.82.210 - - [12/Jun/2019:07:13:58 +0000] "POST /xmlrpc.php HTTP/1.0" 200 607 "-" "Mozilla/5.0 (Windows NT 10.0; WOW64) AppleWebKit/537.36 (KHTML, like Gecko) Chrome/63.0.3239.132 Safari/537.36"
198.27.82.210 - - [12/Jun/2019:07:14:12 +0000] "POST /xmlrpc.php HTTP/1.0" 200 607 "-" "Mozilla/5.0 (Windows NT 10.0; WOW64) AppleWebKit/537.36 (KHTML, like Gecko) Chrome/63.0.3239.132 Safari/537.36"
198.27.82.210 - - [12/Jun/2019:07:14:27 +0000] "POST /xmlrpc.php HTTP/1.0" 200 607 "-" "Mozilla/5.0 (Windows NT 10.0; WOW64) AppleWebKit/537.36 (KHTML, like Gecko) Chrome/63.0.3239.132 Safari/537.36"
198.27.82.210 - - [12/Jun/2019:07:14:41 +0000] "POST /xmlrpc.php HTTP/1.0" 200 607 "-" "Mozilla/5.0 (Windows NT 10.0; WOW64) AppleWebKit/537.36 (KHTML, like Gecko) Chrome/63.0.3239.132 Safari/537.36"
198.27.82.210 - - [12/Jun/2019:07:14:55 +0000] "POST /xmlrpc.php HTTP/1.0" 200 607 "-" "Mozilla/5.0 (Windows NT 10.0; WOW64) AppleWebKit/537.36 (KHTML, like Gecko) Chrome/63.0.3239.132 Safari/537.36"
198.27.82.210 - - [12/Jun/2019:07:15:09 +0000] "POST /xmlrpc.php HTTP/1.0" 200 607 "-" "Mozilla/5.0 (Windows NT 10.0; WOW64) AppleWebKit/537.36 (KHTML, like Gecko) Chrome/63.0.3239.132 Safari/537.36"
198.27.82.210 - - [12/Jun/2019:07:15:23 +0000] "POST /xmlrpc.php HTTP/1.0" 200 607 "-" "Mozilla/5.0 (Windows NT 10.0; WOW64) AppleWebKit/537.36 (KHTML, like Gecko) Chrome/63.0.3239.132 Safari/537.36"
167.99.92.90 - - [12/Jun/2019:07:15:46 +0000] "GET /?login_required=1&user=umairqureshi_6%40hotmail.com&mainwpsignature=vMRkI%2BomY9tOImp8q43fPhqpCB7jtSTiD%2BdgvFbFZxvTvv4J9RQdg7wUN4QfCdm4aK1vCI4LRS01JI8QB4nORVkWqH3BhUTJ0CX02IcZTjmXYfmUxl9t7GZPW0FmGFRAJW617%2BUjlHKJ00ubHWPaWaofTqjPEhNmDT8fO6Kj%2FnS0RnVAM18BgZZlPtccg20uyq1cF%2BTw7KnQOI5tDVIcOX20Ib8HihR0ZxuZMZFX5D%2FftJHcY%2B23vSsuaFM4pq5EpCRCXnA608dKjdeAYe%2BUu4rln8ioYWn%2BKaitBdAmbKm3ZKejFBNB6Wyh3DNPO4Fy8X7lFg%2FiL4Ywp9%2B%2Fmomiwg%3D%3D&nonce=5008&nossl=0&where=plugins.php%3F_detect_plugins_updates%3Dyes HTTP/1.0" 302 1128 "https://simplydesignlife.com/?login_required=1&user=umairqureshi_6%40hotmail.com&mainwpsignature=vMRkI%2BomY9tOImp8q43fPhqpCB7jtSTiD%2BdgvFbFZxvTvv4J9RQdg7wUN4QfCdm4aK1vCI4LRS01JI8QB4nORVkWqH3BhUTJ0CX02IcZTjmXYfmUxl9t7GZPW0FmGFRAJW617%2BUjlHKJ00ubHWPaWaofTqjPEhNmDT8fO6Kj%2FnS0RnVAM18BgZZlPtccg20uyq1cF%2BTw7KnQOI5tDVIcOX20Ib8HihR0ZxuZMZFX5D%2FftJHcY%2B23vSsuaFM4pq5EpCRCXnA608dKjdeAYe%2BUu4rln8ioYWn%2BKaitBdAmbKm3ZKejFBNB6Wyh3DNPO4Fy8X7lFg%2FiL4Ywp9%2B%2Fmomiwg%3D%3D&nonce=5008&nossl=0&where=plugins.php%3F_detect_plugins_updates%3Dyes" "WordPress/5.2.1; https://wordpress-162778-672898.cloudwaysapps.com"
198.27.82.210 - - [12/Jun/2019:07:15:37 +0000] "POST /xmlrpc.php HTTP/1.0" 200 607 "-" "Mozilla/5.0 (Windows NT 10.0; WOW64) AppleWebKit/537.36 (KHTML, like Gecko) Chrome/63.0.3239.132 Safari/537.36"
167.99.92.90 - - [12/Jun/2019:07:15:48 +0000] "GET /wp-admin/plugins.php?_detect_plugins_updates=yes HTTP/1.0" 200 44876 "https://simplydesignlife.com/wp-admin/plugins.php?_detect_plugins_updates=yes" "WordPress/5.2.1; https://wordpress-162778-672898.cloudwaysapps.com"
198.27.82.210 - - [12/Jun/2019:07:15:52 +0000] "POST /xmlrpc.php HTTP/1.0" 200 607 "-" "Mozilla/5.0 (Windows NT 10.0; WOW64) AppleWebKit/537.36 (KHTML, like Gecko) Chrome/63.0.3239.132 Safari/537.36"
167.99.92.90 - - [12/Jun/2019:07:15:53 +0000] "POST /wp-admin/admin-ajax.php HTTP/1.0" 200 42067 "https://wordpress-162778-672898.cloudwaysapps.com" "Mozilla/5.0 (compatible; MainWP/3.5.7.1; +http://mainwp.com)"
167.99.92.90 - - [12/Jun/2019:07:16:10 +0000] "POST /wp-cron.php?doing_wp_cron=1560323770.6753571033477783203125 HTTP/1.0" 200 255 "http://simplydesignlife.com/wp-cron.php?doing_wp_cron=1560323770.6753571033477783203125" "WordPress/5.2.1; https://simplydesignlife.com"
198.27.82.210 - - [12/Jun/2019:07:16:21 +0000] "POST /xmlrpc.php HTTP/1.0" 200 282 "-" "Mozilla/5.0 (Windows NT 10.0; WOW64) AppleWebKit/537.36 (KHTML, like Gecko) Chrome/63.0.3239.132 Safari/537.36"
198.27.82.210 - - [12/Jun/2019:07:16:07 +0000] "POST /xmlrpc.php HTTP/1.0" 200 1040 "-" "Mozilla/5.0 (Windows NT 10.0; WOW64) AppleWebKit/537.36 (KHTML, like Gecko) Chrome/63.0.3239.132 Safari/537.36"
63.143.42.247 - - [12/Jun/2019:07:16:34 +0000] "HEAD / HTTP/1.0" 200 282 "https://simplydesignlife.com/" "Mozilla/5.0+(compatible; UptimeRobot/2.0; http://www.uptimerobot.com/)"
167.99.92.90 - - [12/Jun/2019:07:16:11 +0000] "POST /wp-admin/admin-ajax.php HTTP/1.0" 200 1395 "https://wordpress-162778-672898.cloudwaysapps.com" "Mozilla/5.0 (compatible; MainWP/3.5.7.1; +http://mainwp.com)"
198.27.82.210 - - [12/Jun/2019:07:16:35 +0000] "POST /xmlrpc.php HTTP/1.0" 200 282 "-" "Mozilla/5.0 (Windows NT 10.0; WOW64) AppleWebKit/537.36 (KHTML, like Gecko) Chrome/63.0.3239.132 Safari/537.36"
198.27.82.210 - - [12/Jun/2019:07:16:49 +0000] "POST /xmlrpc.php HTTP/1.0" 200 282 "-" "Mozilla/5.0 (Windows NT 10.0; WOW64) AppleWebKit/537.36 (KHTML, like Gecko) Chrome/63.0.3239.132 Safari/537.36"
198.27.82.210 - - [12/Jun/2019:07:17:02 +0000] "POST /xmlrpc.php HTTP/1.0" 200 282 "-" "Mozilla/5.0 (Windows NT 10.0; WOW64) AppleWebKit/537.36 (KHTML, like Gecko) Chrome/63.0.3239.132 Safari/537.36"
167.99.92.90 - - [12/Jun/2019:07:17:18 +0000] "POST /wp-cron.php?doing_wp_cron=1560323838.5091290473937988281250 HTTP/1.0" 200 255 "http://simplydesignlife.com/wp-cron.php?doing_wp_cron=1560323838.5091290473937988281250" "WordPress/5.2.1; https://simplydesignlife.com"
167.99.92.90 - - [12/Jun/2019:07:17:23 +0000] "POST /wp-admin/admin-ajax.php?action=wordfence_testAjax HTTP/1.0" 200 474 "https://simplydesignlife.com/wp-admin/admin-ajax.php?action=wordfence_testAjax" "WordPress/5.2.1; https://simplydesignlife.com"
167.99.92.90 - - [12/Jun/2019:07:17:23 +0000] "GET /wp-admin/admin-ajax.php?action=wordfence_doScan&isFork=0&scanMode=quick&cronKey=a819a3b9b56ca67e3f4a113bcffddf77 HTTP/1.0" 200 417 "-" "WordPress/5.2.1; https://simplydesignlife.com"
198.27.82.210 - - [12/Jun/2019:07:17:16 +0000] "POST /xmlrpc.php HTTP/1.0" 200 607 "-" "Mozilla/5.0 (Windows NT 10.0; WOW64) AppleWebKit/537.36 (KHTML, like Gecko) Chrome/63.0.3239.132 Safari/537.36"
167.99.92.90 - - [12/Jun/2019:07:17:30 +0000] "POST /wp-cron.php?doing_wp_cron=1560323850.9133009910583496093750 HTTP/1.0" 200 255 "http://simplydesignlife.com/wp-cron.php?doing_wp_cron=1560323850.9133009910583496093750" "WordPress/5.2.1; https://simplydesignlife.com"
198.27.82.210 - - [12/Jun/2019:07:17:30 +0000] "POST /xmlrpc.php HTTP/1.0" 200 607 "-" "Mozilla/5.0 (Windows NT 10.0; WOW64) AppleWebKit/537.36 (KHTML, like Gecko) Chrome/63.0.3239.132 Safari/537.36"
147.78.66.136 - - [12/Jun/2019:07:17:53 +0000] "POST /xmlrpc.php HTTP/1.0" 200 607 "-" "Mozilla/4.0 (compatible: MSIE 7.0; Windows NT 6.0)"
198.27.82.210 - - [12/Jun/2019:07:17:44 +0000] "POST /xmlrpc.php HTTP/1.0" 200 607 "-" "Mozilla/5.0 (Windows NT 10.0; WOW64) AppleWebKit/537.36 (KHTML, like Gecko) Chrome/63.0.3239.132 Safari/537.36"
198.27.82.210 - - [12/Jun/2019:07:17:59 +0000] "POST /xmlrpc.php HTTP/1.0" 200 607 "-" "Mozilla/5.0 (Windows NT 10.0; WOW64) AppleWebKit/537.36 (KHTML, like Gecko) Chrome/63.0.3239.132 Safari/537.36"
198.27.82.210 - - [12/Jun/2019:07:18:13 +0000] "POST /xmlrpc.php HTTP/1.0" 200 607 "-" "Mozilla/5.0 (Windows NT 10.0; WOW64) AppleWebKit/537.36 (KHTML, like Gecko) Chrome/63.0.3239.132 Safari/537.36"
198.27.82.210 - - [12/Jun/2019:07:18:27 +0000] "POST /xmlrpc.php HTTP/1.0" 200 607 "-" "Mozilla/5.0 (Windows NT 10.0; WOW64) AppleWebKit/537.36 (KHTML, like Gecko) Chrome/63.0.3239.132 Safari/537.36"
198.27.82.210 - - [12/Jun/2019:07:18:42 +0000] "POST /xmlrpc.php HTTP/1.0" 200 607 "-" "Mozilla/5.0 (Windows NT 10.0; WOW64) AppleWebKit/537.36 (KHTML, like Gecko) Chrome/63.0.3239.132 Safari/537.36"
198.27.82.210 - - [12/Jun/2019:07:18:57 +0000] "POST /xmlrpc.php HTTP/1.0" 200 607 "-" "Mozilla/5.0 (Windows NT 10.0; WOW64) AppleWebKit/537.36 (KHTML, like Gecko) Chrome/63.0.3239.132 Safari/537.36"
198.27.82.210 - - [12/Jun/2019:07:19:11 +0000] "POST /xmlrpc.php HTTP/1.0" 200 607 "-" "Mozilla/5.0 (Windows NT 10.0; WOW64) AppleWebKit/537.36 (KHTML, like Gecko) Chrome/63.0.3239.132 Safari/537.36"
198.27.82.210 - - [12/Jun/2019:07:19:25 +0000] "POST /xmlrpc.php HTTP/1.0" 200 607 "-" "Mozilla/5.0 (Windows NT 10.0; WOW64) AppleWebKit/537.36 (KHTML, like Gecko) Chrome/63.0.3239.132 Safari/537.36"
198.27.82.210 - - [12/Jun/2019:07:19:40 +0000] "POST /xmlrpc.php HTTP/1.0" 200 607 "-" "Mozilla/5.0 (Windows NT 10.0; WOW64) AppleWebKit/537.36 (KHTML, like Gecko) Chrome/63.0.3239.132 Safari/537.36"
198.27.82.210 - - [12/Jun/2019:07:19:54 +0000] "POST /xmlrpc.php HTTP/1.0" 200 607 "-" "Mozilla/5.0 (Windows NT 10.0; WOW64) AppleWebKit/537.36 (KHTML, like Gecko) Chrome/63.0.3239.132 Safari/537.36"
198.27.82.210 - - [12/Jun/2019:07:20:08 +0000] "POST /xmlrpc.php HTTP/1.0" 200 607 "-" "Mozilla/5.0 (Windows NT 10.0; WOW64) AppleWebKit/537.36 (KHTML, like Gecko) Chrome/63.0.3239.132 Safari/537.36"
198.27.82.210 - - [12/Jun/2019:07:20:22 +0000] "POST /xmlrpc.php HTTP/1.0" 200 607 "-" "Mozilla/5.0 (Windows NT 10.0; WOW64) AppleWebKit/537.36 (KHTML, like Gecko) Chrome/63.0.3239.132 Safari/537.36"
198.27.82.210 - - [12/Jun/2019:07:20:37 +0000] "POST /xmlrpc.php HTTP/1.0" 200 607 "-" "Mozilla/5.0 (Windows NT 10.0; WOW64) AppleWebKit/537.36 (KHTML, like Gecko) Chrome/63.0.3239.132 Safari/537.36"
198.27.82.210 - - [12/Jun/2019:07:20:51 +0000] "POST /xmlrpc.php HTTP/1.0" 200 607 "-" "Mozilla/5.0 (Windows NT 10.0; WOW64) AppleWebKit/537.36 (KHTML, like Gecko) Chrome/63.0.3239.132 Safari/537.36"
198.27.82.210 - - [12/Jun/2019:07:21:05 +0000] "POST /xmlrpc.php HTTP/1.0" 200 607 "-" "Mozilla/5.0 (Windows NT 10.0; WOW64) AppleWebKit/537.36 (KHTML, like Gecko) Chrome/63.0.3239.132 Safari/537.36"
198.27.82.210 - - [12/Jun/2019:07:21:19 +0000] "POST /xmlrpc.php HTTP/1.0" 200 607 "-" "Mozilla/5.0 (Windows NT 10.0; WOW64) AppleWebKit/537.36 (KHTML, like Gecko) Chrome/63.0.3239.132 Safari/537.36"
63.143.42.247 - - [12/Jun/2019:07:21:34 +0000] "HEAD / HTTP/1.0" 200 282 "https://simplydesignlife.com/" "Mozilla/5.0+(compatible; UptimeRobot/2.0; http://www.uptimerobot.com/)"
198.27.82.210 - - [12/Jun/2019:07:21:34 +0000] "POST /xmlrpc.php HTTP/1.0" 200 607 "-" "Mozilla/5.0 (Windows NT 10.0; WOW64) AppleWebKit/537.36 (KHTML, like Gecko) Chrome/63.0.3239.132 Safari/537.36"
198.27.82.210 - - [12/Jun/2019:07:21:48 +0000] "POST /xmlrpc.php HTTP/1.0" 200 607 "-" "Mozilla/5.0 (Windows NT 10.0; WOW64) AppleWebKit/537.36 (KHTML, like Gecko) Chrome/63.0.3239.132 Safari/537.36"
198.27.82.210 - - [12/Jun/2019:07:22:03 +0000] "POST /xmlrpc.php HTTP/1.0" 200 607 "-" "Mozilla/5.0 (Windows NT 10.0; WOW64) AppleWebKit/537.36 (KHTML, like Gecko) Chrome/63.0.3239.132 Safari/537.36"
198.27.82.210 - - [12/Jun/2019:07:22:17 +0000] "POST /xmlrpc.php HTTP/1.0" 200 607 "-" "Mozilla/5.0 (Windows NT 10.0; WOW64) AppleWebKit/537.36 (KHTML, like Gecko) Chrome/63.0.3239.132 Safari/537.36"
198.27.82.210 - - [12/Jun/2019:07:22:31 +0000] "POST /xmlrpc.php HTTP/1.0" 200 607 "-" "Mozilla/5.0 (Windows NT 10.0; WOW64) AppleWebKit/537.36 (KHTML, like Gecko) Chrome/63.0.3239.132 Safari/537.36"
147.78.66.136 - - [12/Jun/2019:07:22:48 +0000] "POST /xmlrpc.php HTTP/1.0" 200 607 "-" "Mozilla/4.0 (compatible: MSIE 7.0; Windows NT 6.0)"
198.27.82.210 - - [12/Jun/2019:07:22:46 +0000] "POST /xmlrpc.php HTTP/1.0" 200 607 "-" "Mozilla/5.0 (Windows NT 10.0; WOW64) AppleWebKit/537.36 (KHTML, like Gecko) Chrome/63.0.3239.132 Safari/537.36"
198.27.82.210 - - [12/Jun/2019:07:23:00 +0000] "POST /xmlrpc.php HTTP/1.0" 200 607 "-" "Mozilla/5.0 (Windows NT 10.0; WOW64) AppleWebKit/537.36 (KHTML, like Gecko) Chrome/63.0.3239.132 Safari/537.36"
198.27.82.210 - - [12/Jun/2019:07:23:14 +0000] "POST /xmlrpc.php HTTP/1.0" 200 607 "-" "Mozilla/5.0 (Windows NT 10.0; WOW64) AppleWebKit/537.36 (KHTML, like Gecko) Chrome/63.0.3239.132 Safari/537.36"
198.27.82.210 - - [12/Jun/2019:07:23:28 +0000] "POST /xmlrpc.php HTTP/1.0" 200 607 "-" "Mozilla/5.0 (Windows NT 10.0; WOW64) AppleWebKit/537.36 (KHTML, like Gecko) Chrome/63.0.3239.132 Safari/537.36"
198.27.82.210 - - [12/Jun/2019:07:23:43 +0000] "POST /xmlrpc.php HTTP/1.0" 200 607 "-" "Mozilla/5.0 (Windows NT 10.0; WOW64) AppleWebKit/537.36 (KHTML, like Gecko) Chrome/63.0.3239.132 Safari/537.36"
198.27.82.210 - - [12/Jun/2019:07:23:58 +0000] "POST /xmlrpc.php HTTP/1.0" 200 607 "-" "Mozilla/5.0 (Windows NT 10.0; WOW64) AppleWebKit/537.36 (KHTML, like Gecko) Chrome/63.0.3239.132 Safari/537.36"
198.27.82.210 - - [12/Jun/2019:07:24:12 +0000] "POST /xmlrpc.php HTTP/1.0" 200 607 "-" "Mozilla/5.0 (Windows NT 10.0; WOW64) AppleWebKit/537.36 (KHTML, like Gecko) Chrome/63.0.3239.132 Safari/537.36"
198.27.82.210 - - [12/Jun/2019:07:24:26 +0000] "POST /xmlrpc.php HTTP/1.0" 200 607 "-" "Mozilla/5.0 (Windows NT 10.0; WOW64) AppleWebKit/537.36 (KHTML, like Gecko) Chrome/63.0.3239.132 Safari/537.36"
198.27.82.210 - - [12/Jun/2019:07:24:40 +0000] "POST /xmlrpc.php HTTP/1.0" 200 607 "-" "Mozilla/5.0 (Windows NT 10.0; WOW64) AppleWebKit/537.36 (KHTML, like Gecko) Chrome/63.0.3239.132 Safari/537.36"
198.27.82.210 - - [12/Jun/2019:07:24:55 +0000] "POST /xmlrpc.php HTTP/1.0" 200 607 "-" "Mozilla/5.0 (Windows NT 10.0; WOW64) AppleWebKit/537.36 (KHTML, like Gecko) Chrome/63.0.3239.132 Safari/537.36"
198.27.82.210 - - [12/Jun/2019:07:25:09 +0000] "POST /xmlrpc.php HTTP/1.0" 200 607 "-" "Mozilla/5.0 (Windows NT 10.0; WOW64) AppleWebKit/537.36 (KHTML, like Gecko) Chrome/63.0.3239.132 Safari/537.36"
46.229.168.131 - - [12/Jun/2019:07:25:23 +0000] "GET /tag/ocean/ HTTP/1.0" 200 10071 "-" "Mozilla/5.0 (compatible; SemrushBot/3~bl; +http://www.semrush.com/bot.html)"
198.27.82.210 - - [12/Jun/2019:07:25:23 +0000] "POST /xmlrpc.php HTTP/1.0" 200 607 "-" "Mozilla/5.0 (Windows NT 10.0; WOW64) AppleWebKit/537.36 (KHTML, like Gecko) Chrome/63.0.3239.132 Safari/537.36"
198.27.82.210 - - [12/Jun/2019:07:25:37 +0000] "POST /xmlrpc.php HTTP/1.0" 200 607 "-" "Mozilla/5.0 (Windows NT 10.0; WOW64) AppleWebKit/537.36 (KHTML, like Gecko) Chrome/63.0.3239.132 Safari/537.36"
198.27.82.210 - - [12/Jun/2019:07:25:51 +0000] "POST /xmlrpc.php HTTP/1.0" 200 607 "-" "Mozilla/5.0 (Windows NT 10.0; WOW64) AppleWebKit/537.36 (KHTML, like Gecko) Chrome/63.0.3239.132 Safari/537.36"
198.27.82.210 - - [12/Jun/2019:07:26:06 +0000] "POST /xmlrpc.php HTTP/1.0" 200 607 "-" "Mozilla/5.0 (Windows NT 10.0; WOW64) AppleWebKit/537.36 (KHTML, like Gecko) Chrome/63.0.3239.132 Safari/537.36"
198.27.82.210 - - [12/Jun/2019:07:26:20 +0000] "POST /xmlrpc.php HTTP/1.0" 200 607 "-" "Mozilla/5.0 (Windows NT 10.0; WOW64) AppleWebKit/537.36 (KHTML, like Gecko) Chrome/63.0.3239.132 Safari/537.36"
63.143.42.247 - - [12/Jun/2019:07:26:34 +0000] "HEAD / HTTP/1.0" 200 282 "https://simplydesignlife.com/" "Mozilla/5.0+(compatible; UptimeRobot/2.0; http://www.uptimerobot.com/)"
198.27.82.210 - - [12/Jun/2019:07:26:35 +0000] "POST /xmlrpc.php HTTP/1.0" 200 607 "-" "Mozilla/5.0 (Windows NT 10.0; WOW64) AppleWebKit/537.36 (KHTML, like Gecko) Chrome/63.0.3239.132 Safari/537.36"
198.27.82.210 - - [12/Jun/2019:07:26:49 +0000] "POST /xmlrpc.php HTTP/1.0" 200 607 "-" "Mozilla/5.0 (Windows NT 10.0; WOW64) AppleWebKit/537.36 (KHTML, like Gecko) Chrome/63.0.3239.132 Safari/537.36"
198.27.82.210 - - [12/Jun/2019:07:27:04 +0000] "POST /xmlrpc.php HTTP/1.0" 200 607 "-" "Mozilla/5.0 (Windows NT 10.0; WOW64) AppleWebKit/537.36 (KHTML, like Gecko) Chrome/63.0.3239.132 Safari/537.36"
198.27.82.210 - - [12/Jun/2019:07:27:18 +0000] "POST /xmlrpc.php HTTP/1.0" 200 607 "-" "Mozilla/5.0 (Windows NT 10.0; WOW64) AppleWebKit/537.36 (KHTML, like Gecko) Chrome/63.0.3239.132 Safari/537.36"
198.27.82.210 - - [12/Jun/2019:07:27:32 +0000] "POST /xmlrpc.php HTTP/1.0" 200 607 "-" "Mozilla/5.0 (Windows NT 10.0; WOW64) AppleWebKit/537.36 (KHTML, like Gecko) Chrome/63.0.3239.132 Safari/537.36"
157.55.39.84 - - [12/Jun/2019:07:27:48 +0000] "GET /madonna-new-mansion-in-portugal/ HTTP/1.0" 200 15230 "-" "Mozilla/5.0 (compatible; bingbot/2.0; +http://www.bing.com/bingbot.htm)"
198.27.82.210 - - [12/Jun/2019:07:27:46 +0000] "POST /xmlrpc.php HTTP/1.0" 200 607 "-" "Mozilla/5.0 (Windows NT 10.0; WOW64) AppleWebKit/537.36 (KHTML, like Gecko) Chrome/63.0.3239.132 Safari/537.36"
198.27.82.210 - - [12/Jun/2019:07:28:01 +0000] "POST /xmlrpc.php HTTP/1.0" 200 607 "-" "Mozilla/5.0 (Windows NT 10.0; WOW64) AppleWebKit/537.36 (KHTML, like Gecko) Chrome/63.0.3239.132 Safari/537.36"
198.27.82.210 - - [12/Jun/2019:07:28:15 +0000] "POST /xmlrpc.php HTTP/1.0" 200 607 "-" "Mozilla/5.0 (Windows NT 10.0; WOW64) AppleWebKit/537.36 (KHTML, like Gecko) Chrome/63.0.3239.132 Safari/537.36"
198.27.82.210 - - [12/Jun/2019:07:28:29 +0000] "POST /xmlrpc.php HTTP/1.0" 200 607 "-" "Mozilla/5.0 (Windows NT 10.0; WOW64) AppleWebKit/537.36 (KHTML, like Gecko) Chrome/63.0.3239.132 Safari/537.36"
198.27.82.210 - - [12/Jun/2019:07:28:43 +0000] "POST /xmlrpc.php HTTP/1.0" 200 607 "-" "Mozilla/5.0 (Windows NT 10.0; WOW64) AppleWebKit/537.36 (KHTML, like Gecko) Chrome/63.0.3239.132 Safari/537.36"
198.27.82.210 - - [12/Jun/2019:07:28:58 +0000] "POST /xmlrpc.php HTTP/1.0" 200 607 "-" "Mozilla/5.0 (Windows NT 10.0; WOW64) AppleWebKit/537.36 (KHTML, like Gecko) Chrome/63.0.3239.132 Safari/537.36"
198.27.82.210 - - [12/Jun/2019:07:29:12 +0000] "POST /xmlrpc.php HTTP/1.0" 200 607 "-" "Mozilla/5.0 (Windows NT 10.0; WOW64) AppleWebKit/537.36 (KHTML, like Gecko) Chrome/63.0.3239.132 Safari/537.36"
198.27.82.210 - - [12/Jun/2019:07:29:27 +0000] "POST /xmlrpc.php HTTP/1.0" 200 607 "-" "Mozilla/5.0 (Windows NT 10.0; WOW64) AppleWebKit/537.36 (KHTML, like Gecko) Chrome/63.0.3239.132 Safari/537.36"
198.27.82.210 - - [12/Jun/2019:07:29:41 +0000] "POST /xmlrpc.php HTTP/1.0" 200 607 "-" "Mozilla/5.0 (Windows NT 10.0; WOW64) AppleWebKit/537.36 (KHTML, like Gecko) Chrome/63.0.3239.132 Safari/537.36"
198.27.82.210 - - [12/Jun/2019:07:29:55 +0000] "POST /xmlrpc.php HTTP/1.0" 200 607 "-" "Mozilla/5.0 (Windows NT 10.0; WOW64) AppleWebKit/537.36 (KHTML, like Gecko) Chrome/63.0.3239.132 Safari/537.36"
198.27.82.210 - - [12/Jun/2019:07:30:09 +0000] "POST /xmlrpc.php HTTP/1.0" 200 607 "-" "Mozilla/5.0 (Windows NT 10.0; WOW64) AppleWebKit/537.36 (KHTML, like Gecko) Chrome/63.0.3239.132 Safari/537.36"
198.27.82.210 - - [12/Jun/2019:07:30:23 +0000] "POST /xmlrpc.php HTTP/1.0" 200 607 "-" "Mozilla/5.0 (Windows NT 10.0; WOW64) AppleWebKit/537.36 (KHTML, like Gecko) Chrome/63.0.3239.132 Safari/537.36"
202.47.49.95 - - [12/Jun/2019:07:30:37 +0000] "GET /shop-here/ HTTP/1.0" 200 10142 "-" "Mozilla/5.0 (Macintosh; Intel Mac OS X 10_14_5) AppleWebKit/537.36 (KHTML, like Gecko) Chrome/74.0.3729.169 Safari/537.36"
202.47.49.95 - - [12/Jun/2019:07:30:42 +0000] "GET /wp-content/plugins/social-warfare/assets/fonts/sw-icon-font.woff?ver=3.6.1 HTTP/1.0" 200 5246 "http://simplydesignlife.com/shop-here/" "Mozilla/5.0 (Macintosh; Intel Mac OS X 10_14_5) AppleWebKit/537.36 (KHTML, like Gecko) Chrome/74.0.3729.169 Safari/537.36"
202.47.49.95 - - [12/Jun/2019:07:30:43 +0000] "POST /wp-admin/admin-ajax.php HTTP/1.0" 200 20922 "http://simplydesignlife.com/shop-here/" "Mozilla/5.0 (Macintosh; Intel Mac OS X 10_14_5) AppleWebKit/537.36 (KHTML, like Gecko) Chrome/74.0.3729.169 Safari/537.36"
198.27.82.210 - - [12/Jun/2019:07:30:37 +0000] "POST /xmlrpc.php HTTP/1.0" 200 607 "-" "Mozilla/5.0 (Windows NT 10.0; WOW64) AppleWebKit/537.36 (KHTML, like Gecko) Chrome/63.0.3239.132 Safari/537.36"
3.81.125.144 - - [12/Jun/2019:07:30:53 +0000] "GET /shop-here/ HTTP/1.0" 206 15486 "-" "Slackbot-LinkExpanding 1.0 (+https://api.slack.com/robots)"
198.27.82.210 - - [12/Jun/2019:07:30:51 +0000] "POST /xmlrpc.php HTTP/1.0" 200 607 "-" "Mozilla/5.0 (Windows NT 10.0; WOW64) AppleWebKit/537.36 (KHTML, like Gecko) Chrome/63.0.3239.132 Safari/537.36"
198.27.82.210 - - [12/Jun/2019:07:31:06 +0000] "POST /xmlrpc.php HTTP/1.0" 200 607 "-" "Mozilla/5.0 (Windows NT 10.0; WOW64) AppleWebKit/537.36 (KHTML, like Gecko) Chrome/63.0.3239.132 Safari/537.36"
198.27.82.210 - - [12/Jun/2019:07:31:20 +0000] "POST /xmlrpc.php HTTP/1.0" 200 607 "-" "Mozilla/5.0 (Windows NT 10.0; WOW64) AppleWebKit/537.36 (KHTML, like Gecko) Chrome/63.0.3239.132 Safari/537.36"
63.143.42.247 - - [12/Jun/2019:07:31:34 +0000] "HEAD / HTTP/1.0" 200 282 "https://simplydesignlife.com/" "Mozilla/5.0+(compatible; UptimeRobot/2.0; http://www.uptimerobot.com/)"
198.27.82.210 - - [12/Jun/2019:07:31:35 +0000] "POST /xmlrpc.php HTTP/1.0" 200 607 "-" "Mozilla/5.0 (Windows NT 10.0; WOW64) AppleWebKit/537.36 (KHTML, like Gecko) Chrome/63.0.3239.132 Safari/537.36"
198.27.82.210 - - [12/Jun/2019:07:31:49 +0000] "POST /xmlrpc.php HTTP/1.0" 200 607 "-" "Mozilla/5.0 (Windows NT 10.0; WOW64) AppleWebKit/537.36 (KHTML, like Gecko) Chrome/63.0.3239.132 Safari/537.36"
198.27.82.210 - - [12/Jun/2019:07:32:03 +0000] "POST /xmlrpc.php HTTP/1.0" 200 607 "-" "Mozilla/5.0 (Windows NT 10.0; WOW64) AppleWebKit/537.36 (KHTML, like Gecko) Chrome/63.0.3239.132 Safari/537.36"
198.27.82.210 - - [12/Jun/2019:07:32:17 +0000] "POST /xmlrpc.php HTTP/1.0" 200 607 "-" "Mozilla/5.0 (Windows NT 10.0; WOW64) AppleWebKit/537.36 (KHTML, like Gecko) Chrome/63.0.3239.132 Safari/537.36"
198.27.82.210 - - [12/Jun/2019:07:32:32 +0000] "POST /xmlrpc.php HTTP/1.0" 200 607 "-" "Mozilla/5.0 (Windows NT 10.0; WOW64) AppleWebKit/537.36 (KHTML, like Gecko) Chrome/63.0.3239.132 Safari/537.36"
198.27.82.210 - - [12/Jun/2019:07:32:46 +0000] "POST /xmlrpc.php HTTP/1.0" 200 607 "-" "Mozilla/5.0 (Windows NT 10.0; WOW64) AppleWebKit/537.36 (KHTML, like Gecko) Chrome/63.0.3239.132 Safari/537.36"
198.27.82.210 - - [12/Jun/2019:07:33:00 +0000] "POST /xmlrpc.php HTTP/1.0" 200 607 "-" "Mozilla/5.0 (Windows NT 10.0; WOW64) AppleWebKit/537.36 (KHTML, like Gecko) Chrome/63.0.3239.132 Safari/537.36"
45.41.134.149 - - [12/Jun/2019:07:33:12 +0000] "GET /shop-here/ HTTP/1.0" 200 15437 "-" "Mozilla/5.0 (Windows NT 10.0; Win64; x64) AppleWebKit/537.36 (KHTML, like Gecko) Chrome/74.0.3729.169 Safari/537.36"
45.41.134.149 - - [12/Jun/2019:07:33:14 +0000] "GET /wp-content/plugins/social-warfare/assets/fonts/sw-icon-font.woff?ver=3.6.1 HTTP/1.0" 200 5246 "http://simplydesignlife.com/shop-here/" "Mozilla/5.0 (Windows NT 10.0; Win64; x64) AppleWebKit/537.36 (KHTML, like Gecko) Chrome/74.0.3729.169 Safari/537.36"
45.41.134.149 - - [12/Jun/2019:07:33:17 +0000] "POST /wp-admin/admin-ajax.php HTTP/1.0" 200 20922 "http://simplydesignlife.com/shop-here/" "Mozilla/5.0 (Windows NT 10.0; Win64; x64) AppleWebKit/537.36 (KHTML, like Gecko) Chrome/74.0.3729.169 Safari/537.36"
198.27.82.210 - - [12/Jun/2019:07:33:15 +0000] "POST /xmlrpc.php HTTP/1.0" 200 607 "-" "Mozilla/5.0 (Windows NT 10.0; WOW64) AppleWebKit/537.36 (KHTML, like Gecko) Chrome/63.0.3239.132 Safari/537.36"
198.27.82.210 - - [12/Jun/2019:07:33:29 +0000] "POST /xmlrpc.php HTTP/1.0" 200 607 "-" "Mozilla/5.0 (Windows NT 10.0; WOW64) AppleWebKit/537.36 (KHTML, like Gecko) Chrome/63.0.3239.132 Safari/537.36"
45.41.134.149 - - [12/Jun/2019:07:33:42 +0000] "GET /shop-my-home-decor/ HTTP/1.0" 301 365 "http://simplydesignlife.com/shop-here/" "Mozilla/5.0 (Windows NT 10.0; Win64; x64) AppleWebKit/537.36 (KHTML, like Gecko) Chrome/74.0.3729.169 Safari/537.36"
45.41.134.149 - - [12/Jun/2019:07:33:42 +0000] "GET /about-me/shop-my-home-decor/ HTTP/1.0" 200 15581 "http://simplydesignlife.com/shop-here/" "Mozilla/5.0 (Windows NT 10.0; Win64; x64) AppleWebKit/537.36 (KHTML, like Gecko) Chrome/74.0.3729.169 Safari/537.36"
45.41.134.149 - - [12/Jun/2019:07:33:44 +0000] "GET /wp-content/plugins/social-warfare/assets/fonts/sw-icon-font.woff?ver=3.6.1 HTTP/1.0" 200 5246 "https://simplydesignlife.com/about-me/shop-my-home-decor/" "Mozilla/5.0 (Windows NT 10.0; Win64; x64) AppleWebKit/537.36 (KHTML, like Gecko) Chrome/74.0.3729.169 Safari/537.36"
45.41.134.149 - - [12/Jun/2019:07:33:45 +0000] "POST /wp-admin/admin-ajax.php HTTP/1.0" 200 20923 "https://simplydesignlife.com/about-me/shop-my-home-decor/" "Mozilla/5.0 (Windows NT 10.0; Win64; x64) AppleWebKit/537.36 (KHTML, like Gecko) Chrome/74.0.3729.169 Safari/537.36"
198.27.82.210 - - [12/Jun/2019:07:33:43 +0000] "POST /xmlrpc.php HTTP/1.0" 200 607 "-" "Mozilla/5.0 (Windows NT 10.0; WOW64) AppleWebKit/537.36 (KHTML, like Gecko) Chrome/63.0.3239.132 Safari/537.36"
202.47.49.95 - - [12/Jun/2019:07:33:51 +0000] "GET /shop-my-home-decor/ HTTP/1.0" 301 365 "http://simplydesignlife.com/shop-here/" "Mozilla/5.0 (Macintosh; Intel Mac OS X 10_14_5) AppleWebKit/537.36 (KHTML, like Gecko) Chrome/74.0.3729.169 Safari/537.36"
202.47.49.95 - - [12/Jun/2019:07:33:51 +0000] "GET /about-me/shop-my-home-decor/ HTTP/1.0" 200 15564 "http://simplydesignlife.com/shop-here/" "Mozilla/5.0 (Macintosh; Intel Mac OS X 10_14_5) AppleWebKit/537.36 (KHTML, like Gecko) Chrome/74.0.3729.169 Safari/537.36"
202.47.49.95 - - [12/Jun/2019:07:33:51 +0000] "GET /shop-my-fashion-style/ HTTP/1.0" 200 10254 "http://simplydesignlife.com/shop-here/" "Mozilla/5.0 (Macintosh; Intel Mac OS X 10_14_5) AppleWebKit/537.36 (KHTML, like Gecko) Chrome/74.0.3729.169 Safari/537.36"
202.47.49.95 - - [12/Jun/2019:07:33:54 +0000] "POST /wp-admin/admin-ajax.php HTTP/1.0" 200 20923 "https://simplydesignlife.com/about-me/shop-my-home-decor/" "Mozilla/5.0 (Macintosh; Intel Mac OS X 10_14_5) AppleWebKit/537.36 (KHTML, like Gecko) Chrome/74.0.3729.169 Safari/537.36"
45.41.134.149 - - [12/Jun/2019:07:33:54 +0000] "POST /wp-admin/admin-ajax.php HTTP/1.0" 200 20922 "http://simplydesignlife.com/shop-here/" "Mozilla/5.0 (Windows NT 10.0; Win64; x64) AppleWebKit/537.36 (KHTML, like Gecko) Chrome/74.0.3729.169 Safari/537.36"
202.47.49.95 - - [12/Jun/2019:07:33:54 +0000] "POST /wp-admin/admin-ajax.php HTTP/1.0" 200 20922 "http://simplydesignlife.com/shop-my-fashion-style/" "Mozilla/5.0 (Macintosh; Intel Mac OS X 10_14_5) AppleWebKit/537.36 (KHTML, like Gecko) Chrome/74.0.3729.169 Safari/537.36"
198.27.82.210 - - [12/Jun/2019:07:33:57 +0000] "POST /xmlrpc.php HTTP/1.0" 200 607 "-" "Mozilla/5.0 (Windows NT 10.0; WOW64) AppleWebKit/537.36 (KHTML, like Gecko) Chrome/63.0.3239.132 Safari/537.36"
45.41.134.149 - - [12/Jun/2019:07:34:03 +0000] "GET / HTTP/1.0" 200 18858 "http://simplydesignlife.com/shop-here/" "Mozilla/5.0 (Windows NT 10.0; Win64; x64) AppleWebKit/537.36 (KHTML, like Gecko) Chrome/74.0.3729.169 Safari/537.36"
45.41.134.149 - - [12/Jun/2019:07:34:05 +0000] "POST /wp-admin/admin-ajax.php HTTP/1.0" 200 20923 "https://simplydesignlife.com/" "Mozilla/5.0 (Windows NT 10.0; Win64; x64) AppleWebKit/537.36 (KHTML, like Gecko) Chrome/74.0.3729.169 Safari/537.36"
45.41.134.149 - - [12/Jun/2019:07:34:12 +0000] "GET /shop-here/ HTTP/1.0" 200 15439 "https://simplydesignlife.com/" "Mozilla/5.0 (Windows NT 10.0; Win64; x64) AppleWebKit/537.36 (KHTML, like Gecko) Chrome/74.0.3729.169 Safari/537.36"
45.41.134.149 - - [12/Jun/2019:07:34:14 +0000] "POST /wp-admin/admin-ajax.php HTTP/1.0" 200 20923 "https://simplydesignlife.com/shop-here/" "Mozilla/5.0 (Windows NT 10.0; Win64; x64) AppleWebKit/537.36 (KHTML, like Gecko) Chrome/74.0.3729.169 Safari/537.36"
198.27.82.210 - - [12/Jun/2019:07:34:12 +0000] "POST /xmlrpc.php HTTP/1.0" 200 607 "-" "Mozilla/5.0 (Windows NT 10.0; WOW64) AppleWebKit/537.36 (KHTML, like Gecko) Chrome/63.0.3239.132 Safari/537.36"
198.27.82.210 - - [12/Jun/2019:07:34:26 +0000] "POST /xmlrpc.php HTTP/1.0" 200 607 "-" "Mozilla/5.0 (Windows NT 10.0; WOW64) AppleWebKit/537.36 (KHTML, like Gecko) Chrome/63.0.3239.132 Safari/537.36"
45.41.134.149 - - [12/Jun/2019:07:34:41 +0000] "GET /shop-here/ HTTP/1.0" 304 222 "-" "Mozilla/5.0 (Windows NT 10.0; Win64; x64) AppleWebKit/537.36 (KHTML, like Gecko) Chrome/74.0.3729.169 Safari/537.36"
198.27.82.210 - - [12/Jun/2019:07:34:40 +0000] "POST /xmlrpc.php HTTP/1.0" 200 607 "-" "Mozilla/5.0 (Windows NT 10.0; WOW64) AppleWebKit/537.36 (KHTML, like Gecko) Chrome/63.0.3239.132 Safari/537.36"
45.41.134.149 - - [12/Jun/2019:07:34:43 +0000] "POST /wp-admin/admin-ajax.php HTTP/1.0" 200 20922 "http://simplydesignlife.com/shop-here/" "Mozilla/5.0 (Windows NT 10.0; Win64; x64) AppleWebKit/537.36 (KHTML, like Gecko) Chrome/74.0.3729.169 Safari/537.36"
3.82.203.202 - - [12/Jun/2019:07:34:56 +0000] "GET /shop-here/ HTTP/1.0" 206 15488 "-" "Slackbot-LinkExpanding 1.0 (+https://api.slack.com/robots)"
202.47.49.95 - - [12/Jun/2019:07:35:03 +0000] "GET /shop-here/ HTTP/1.0" 200 15439 "-" "Mozilla/5.0 (Windows NT 10.0; Win64; x64) AppleWebKit/537.36 (KHTML, like Gecko) Chrome/74.0.3729.169 Safari/537.36"
202.47.49.95 - - [12/Jun/2019:07:35:05 +0000] "GET /wp-content/plugins/social-warfare/assets/fonts/sw-icon-font.woff?ver=3.6.1 HTTP/1.0" 200 5246 "https://simplydesignlife.com/shop-here/" "Mozilla/5.0 (Windows NT 10.0; Win64; x64) AppleWebKit/537.36 (KHTML, like Gecko) Chrome/74.0.3729.169 Safari/537.36"
198.27.82.210 - - [12/Jun/2019:07:34:54 +0000] "POST /xmlrpc.php HTTP/1.0" 200 607 "-" "Mozilla/5.0 (Windows NT 10.0; WOW64) AppleWebKit/537.36 (KHTML, like Gecko) Chrome/63.0.3239.132 Safari/537.36"
202.47.49.95 - - [12/Jun/2019:07:35:06 +0000] "POST /wp-admin/admin-ajax.php HTTP/1.0" 200 20923 "https://simplydesignlife.com/shop-here/" "Mozilla/5.0 (Windows NT 10.0; Win64; x64) AppleWebKit/537.36 (KHTML, like Gecko) Chrome/74.0.3729.169 Safari/537.36"
198.27.82.210 - - [12/Jun/2019:07:35:09 +0000] "POST /xmlrpc.php HTTP/1.0" 200 607 "-" "Mozilla/5.0 (Windows NT 10.0; WOW64) AppleWebKit/537.36 (KHTML, like Gecko) Chrome/63.0.3239.132 Safari/537.36"
202.47.49.95 - - [12/Jun/2019:07:35:26 +0000] "GET /shop-here/ HTTP/1.0" 304 222 "-" "Mozilla/5.0 (Windows NT 10.0; Win64; x64) AppleWebKit/537.36 (KHTML, like Gecko) Chrome/74.0.3729.169 Safari/537.36"
202.47.49.95 - - [12/Jun/2019:07:35:28 +0000] "POST /wp-admin/admin-ajax.php HTTP/1.0" 200 20923 "https://simplydesignlife.com/shop-here/" "Mozilla/5.0 (Windows NT 10.0; Win64; x64) AppleWebKit/537.36 (KHTML, like Gecko) Chrome/74.0.3729.169 Safari/537.36"
198.27.82.210 - - [12/Jun/2019:07:35:23 +0000] "POST /xmlrpc.php HTTP/1.0" 200 607 "-" "Mozilla/5.0 (Windows NT 10.0; WOW64) AppleWebKit/537.36 (KHTML, like Gecko) Chrome/63.0.3239.132 Safari/537.36"
45.41.134.149 - - [12/Jun/2019:07:35:39 +0000] "GET / HTTP/1.0" 304 222 "https://simplydesignlife.com/shop-here/" "Mozilla/5.0 (Windows NT 10.0; Win64; x64) AppleWebKit/537.36 (KHTML, like Gecko) Chrome/74.0.3729.169 Safari/537.36"
45.41.134.149 - - [12/Jun/2019:07:35:41 +0000] "POST /wp-admin/admin-ajax.php HTTP/1.0" 200 20923 "https://simplydesignlife.com/" "Mozilla/5.0 (Windows NT 10.0; Win64; x64) AppleWebKit/537.36 (KHTML, like Gecko) Chrome/74.0.3729.169 Safari/537.36"
45.41.134.149 - - [12/Jun/2019:07:35:45 +0000] "GET /shop-here/ HTTP/1.0" 304 222 "https://simplydesignlife.com/" "Mozilla/5.0 (Windows NT 10.0; Win64; x64) AppleWebKit/537.36 (KHTML, like Gecko) Chrome/74.0.3729.169 Safari/537.36"
45.41.134.149 - - [12/Jun/2019:07:35:47 +0000] "POST /wp-admin/admin-ajax.php HTTP/1.0" 200 20923 "https://simplydesignlife.com/shop-here/" "Mozilla/5.0 (Windows NT 10.0; Win64; x64) AppleWebKit/537.36 (KHTML, like Gecko) Chrome/74.0.3729.169 Safari/537.36"
198.27.82.210 - - [12/Jun/2019:07:35:37 +0000] "POST /xmlrpc.php HTTP/1.0" 200 607 "-" "Mozilla/5.0 (Windows NT 10.0; WOW64) AppleWebKit/537.36 (KHTML, like Gecko) Chrome/63.0.3239.132 Safari/537.36"
198.27.82.210 - - [12/Jun/2019:07:35:51 +0000] "POST /xmlrpc.php HTTP/1.0" 200 607 "-" "Mozilla/5.0 (Windows NT 10.0; WOW64) AppleWebKit/537.36 (KHTML, like Gecko) Chrome/63.0.3239.132 Safari/537.36"
198.27.82.210 - - [12/Jun/2019:07:36:06 +0000] "POST /xmlrpc.php HTTP/1.0" 200 607 "-" "Mozilla/5.0 (Windows NT 10.0; WOW64) AppleWebKit/537.36 (KHTML, like Gecko) Chrome/63.0.3239.132 Safari/537.36"
198.27.82.210 - - [12/Jun/2019:07:36:20 +0000] "POST /xmlrpc.php HTTP/1.0" 200 607 "-" "Mozilla/5.0 (Windows NT 10.0; WOW64) AppleWebKit/537.36 (KHTML, like Gecko) Chrome/63.0.3239.132 Safari/537.36"
63.143.42.247 - - [12/Jun/2019:07:36:34 +0000] "HEAD / HTTP/1.0" 200 282 "https://simplydesignlife.com/" "Mozilla/5.0+(compatible; UptimeRobot/2.0; http://www.uptimerobot.com/)"
198.27.82.210 - - [12/Jun/2019:07:36:34 +0000] "POST /xmlrpc.php HTTP/1.0" 200 607 "-" "Mozilla/5.0 (Windows NT 10.0; WOW64) AppleWebKit/537.36 (KHTML, like Gecko) Chrome/63.0.3239.132 Safari/537.36"
198.27.82.210 - - [12/Jun/2019:07:36:49 +0000] "POST /xmlrpc.php HTTP/1.0" 200 607 "-" "Mozilla/5.0 (Windows NT 10.0; WOW64) AppleWebKit/537.36 (KHTML, like Gecko) Chrome/63.0.3239.132 Safari/537.36"
198.27.82.210 - - [12/Jun/2019:07:37:03 +0000] "POST /xmlrpc.php HTTP/1.0" 200 607 "-" "Mozilla/5.0 (Windows NT 10.0; WOW64) AppleWebKit/537.36 (KHTML, like Gecko) Chrome/63.0.3239.132 Safari/537.36"
198.27.82.210 - - [12/Jun/2019:07:37:17 +0000] "POST /xmlrpc.php HTTP/1.0" 200 607 "-" "Mozilla/5.0 (Windows NT 10.0; WOW64) AppleWebKit/537.36 (KHTML, like Gecko) Chrome/63.0.3239.132 Safari/537.36"
198.27.82.210 - - [12/Jun/2019:07:37:32 +0000] "POST /xmlrpc.php HTTP/1.0" 200 607 "-" "Mozilla/5.0 (Windows NT 10.0; WOW64) AppleWebKit/537.36 (KHTML, like Gecko) Chrome/63.0.3239.132 Safari/537.36"
198.27.82.210 - - [12/Jun/2019:07:37:46 +0000] "POST /xmlrpc.php HTTP/1.0" 200 607 "-" "Mozilla/5.0 (Windows NT 10.0; WOW64) AppleWebKit/537.36 (KHTML, like Gecko) Chrome/63.0.3239.132 Safari/537.36"
198.27.82.210 - - [12/Jun/2019:07:38:00 +0000] "POST /xmlrpc.php HTTP/1.0" 200 607 "-" "Mozilla/5.0 (Windows NT 10.0; WOW64) AppleWebKit/537.36 (KHTML, like Gecko) Chrome/63.0.3239.132 Safari/537.36"
198.27.82.210 - - [12/Jun/2019:07:38:15 +0000] "POST /xmlrpc.php HTTP/1.0" 200 607 "-" "Mozilla/5.0 (Windows NT 10.0; WOW64) AppleWebKit/537.36 (KHTML, like Gecko) Chrome/63.0.3239.132 Safari/537.36"
198.27.82.210 - - [12/Jun/2019:07:38:29 +0000] "POST /xmlrpc.php HTTP/1.0" 200 607 "-" "Mozilla/5.0 (Windows NT 10.0; WOW64) AppleWebKit/537.36 (KHTML, like Gecko) Chrome/63.0.3239.132 Safari/537.36"
198.27.82.210 - - [12/Jun/2019:07:38:43 +0000] "POST /xmlrpc.php HTTP/1.0" 200 607 "-" "Mozilla/5.0 (Windows NT 10.0; WOW64) AppleWebKit/537.36 (KHTML, like Gecko) Chrome/63.0.3239.132 Safari/537.36"
198.27.82.210 - - [12/Jun/2019:07:38:58 +0000] "POST /xmlrpc.php HTTP/1.0" 200 607 "-" "Mozilla/5.0 (Windows NT 10.0; WOW64) AppleWebKit/537.36 (KHTML, like Gecko) Chrome/63.0.3239.132 Safari/537.36"
198.27.82.210 - - [12/Jun/2019:07:39:12 +0000] "POST /xmlrpc.php HTTP/1.0" 200 607 "-" "Mozilla/5.0 (Windows NT 10.0; WOW64) AppleWebKit/537.36 (KHTML, like Gecko) Chrome/63.0.3239.132 Safari/537.36"
