94.23.45.141 - - [12/Jun/2019:11:29:03 +0000] "POST /wp-login.php HTTP/1.0" 200 2056 "-" "Mozilla/5.0 (X11; Ubuntu; Linux x86_64; rv:62.0) Gecko/20100101 Firefox/62.0"
94.23.45.141 - - [12/Jun/2019:11:29:04 +0000] "GET /wp-login.php HTTP/1.0" 200 1700 "-" "Mozilla/5.0 (X11; Ubuntu; Linux x86_64; rv:62.0) Gecko/20100101 Firefox/62.0"
94.23.45.141 - - [12/Jun/2019:11:29:05 +0000] "POST /wp-login.php HTTP/1.0" 200 2067 "-" "Mozilla/5.0 (X11; Ubuntu; Linux x86_64; rv:62.0) Gecko/20100101 Firefox/62.0"
198.27.82.210 - - [12/Jun/2019:11:28:50 +0000] "POST /xmlrpc.php HTTP/1.0" 200 607 "-" "Mozilla/5.0 (Windows NT 10.0; WOW64) AppleWebKit/537.36 (KHTML, like Gecko) Chrome/63.0.3239.132 Safari/537.36"
198.27.82.210 - - [12/Jun/2019:11:29:05 +0000] "POST /xmlrpc.php HTTP/1.0" 200 607 "-" "Mozilla/5.0 (Windows NT 10.0; WOW64) AppleWebKit/537.36 (KHTML, like Gecko) Chrome/63.0.3239.132 Safari/537.36"
198.27.82.210 - - [12/Jun/2019:11:29:19 +0000] "POST /xmlrpc.php HTTP/1.0" 200 607 "-" "Mozilla/5.0 (Windows NT 10.0; WOW64) AppleWebKit/537.36 (KHTML, like Gecko) Chrome/63.0.3239.132 Safari/537.36"
198.27.82.210 - - [12/Jun/2019:11:29:34 +0000] "POST /xmlrpc.php HTTP/1.0" 200 607 "-" "Mozilla/5.0 (Windows NT 10.0; WOW64) AppleWebKit/537.36 (KHTML, like Gecko) Chrome/63.0.3239.132 Safari/537.36"
198.27.82.210 - - [12/Jun/2019:11:29:48 +0000] "POST /xmlrpc.php HTTP/1.0" 200 607 "-" "Mozilla/5.0 (Windows NT 10.0; WOW64) AppleWebKit/537.36 (KHTML, like Gecko) Chrome/63.0.3239.132 Safari/537.36"
202.47.49.95 - - [12/Jun/2019:11:30:08 +0000] "GET /wp-admin/admin.php?page=WordfenceWAF&subpage=waf_options HTTP/1.0" 200 34873 "https://simplydesignlife.com/wp-admin/" "Mozilla/5.0 (Macintosh; Intel Mac OS X 10_14_5) AppleWebKit/537.36 (KHTML, like Gecko) Chrome/74.0.3729.169 Safari/537.36"
202.47.49.95 - - [12/Jun/2019:11:30:19 +0000] "GET /wp-admin/load-scripts.php?c=0&load%5B%5D=jquery-core,jquery-migrate,utils,jquery-ui-widget,jquery-ui-position,jquery-ui-core,jquery-ui-menu&ver=273259ae9179de08035c9340a4134752 HTTP/1.0" 200 45976 "https://simplydesignlife.com/wp-admin/admin.php?page=WordfenceWAF&subpage=waf_options" "Mozilla/5.0 (Macintosh; Intel Mac OS X 10_14_5) AppleWebKit/537.36 (KHTML, like Gecko) Chrome/74.0.3729.169 Safari/537.36"
198.27.82.210 - - [12/Jun/2019:11:30:03 +0000] "POST /xmlrpc.php HTTP/1.0" 200 607 "-" "Mozilla/5.0 (Windows NT 10.0; WOW64) AppleWebKit/537.36 (KHTML, like Gecko) Chrome/63.0.3239.132 Safari/537.36"
202.47.49.95 - - [12/Jun/2019:11:30:19 +0000] "GET /wp-content/plugins/wordfence/fonts/ionicons.woff?v=2.0.0 HTTP/1.0" 200 67248 "https://simplydesignlife.com/wp-content/plugins/wordfence/css/wf-ionicons.1560275180.css?ver=7.3.3" "Mozilla/5.0 (Macintosh; Intel Mac OS X 10_14_5) AppleWebKit/537.36 (KHTML, like Gecko) Chrome/74.0.3729.169 Safari/537.36"
198.27.82.210 - - [12/Jun/2019:11:30:17 +0000] "POST /xmlrpc.php HTTP/1.0" 200 607 "-" "Mozilla/5.0 (Windows NT 10.0; WOW64) AppleWebKit/537.36 (KHTML, like Gecko) Chrome/63.0.3239.132 Safari/537.36"
202.47.49.95 - - [12/Jun/2019:11:30:22 +0000] "GET /favicon.ico HTTP/1.0" 200 261 "https://simplydesignlife.com/wp-admin/admin.php?page=WordfenceWAF&subpage=waf_options" "Mozilla/5.0 (Macintosh; Intel Mac OS X 10_14_5) AppleWebKit/537.36 (KHTML, like Gecko) Chrome/74.0.3729.169 Safari/537.36"
198.27.82.210 - - [12/Jun/2019:11:30:31 +0000] "POST /xmlrpc.php HTTP/1.0" 200 607 "-" "Mozilla/5.0 (Windows NT 10.0; WOW64) AppleWebKit/537.36 (KHTML, like Gecko) Chrome/63.0.3239.132 Safari/537.36"
198.27.82.210 - - [12/Jun/2019:11:30:45 +0000] "POST /xmlrpc.php HTTP/1.0" 200 607 "-" "Mozilla/5.0 (Windows NT 10.0; WOW64) AppleWebKit/537.36 (KHTML, like Gecko) Chrome/63.0.3239.132 Safari/537.36"
198.27.82.210 - - [12/Jun/2019:11:31:00 +0000] "POST /xmlrpc.php HTTP/1.0" 200 607 "-" "Mozilla/5.0 (Windows NT 10.0; WOW64) AppleWebKit/537.36 (KHTML, like Gecko) Chrome/63.0.3239.132 Safari/537.36"
198.27.82.210 - - [12/Jun/2019:11:31:14 +0000] "POST /xmlrpc.php HTTP/1.0" 200 607 "-" "Mozilla/5.0 (Windows NT 10.0; WOW64) AppleWebKit/537.36 (KHTML, like Gecko) Chrome/63.0.3239.132 Safari/537.36"
198.27.82.210 - - [12/Jun/2019:11:31:28 +0000] "POST /xmlrpc.php HTTP/1.0" 200 607 "-" "Mozilla/5.0 (Windows NT 10.0; WOW64) AppleWebKit/537.36 (KHTML, like Gecko) Chrome/63.0.3239.132 Safari/537.36"
198.27.82.210 - - [12/Jun/2019:11:31:42 +0000] "POST /xmlrpc.php HTTP/1.0" 200 607 "-" "Mozilla/5.0 (Windows NT 10.0; WOW64) AppleWebKit/537.36 (KHTML, like Gecko) Chrome/63.0.3239.132 Safari/537.36"
198.27.82.210 - - [12/Jun/2019:11:31:57 +0000] "POST /xmlrpc.php HTTP/1.0" 200 607 "-" "Mozilla/5.0 (Windows NT 10.0; WOW64) AppleWebKit/537.36 (KHTML, like Gecko) Chrome/63.0.3239.132 Safari/537.36"
202.47.49.95 - - [12/Jun/2019:11:32:21 +0000] "POST /wp-admin/admin-ajax.php?_fs_blog_admin=true HTTP/1.0" 200 694 "https://simplydesignlife.com/wp-admin/admin.php?page=WordfenceWAF&subpage=waf_options" "Mozilla/5.0 (Macintosh; Intel Mac OS X 10_14_5) AppleWebKit/537.36 (KHTML, like Gecko) Chrome/74.0.3729.169 Safari/537.36"
198.27.82.210 - - [12/Jun/2019:11:32:11 +0000] "POST /xmlrpc.php HTTP/1.0" 200 607 "-" "Mozilla/5.0 (Windows NT 10.0; WOW64) AppleWebKit/537.36 (KHTML, like Gecko) Chrome/63.0.3239.132 Safari/537.36"
202.47.49.95 - - [12/Jun/2019:11:32:28 +0000] "POST /wp-admin/admin-ajax.php?_fs_blog_admin=true HTTP/1.0" 200 694 "https://simplydesignlife.com/wp-admin/admin.php?page=WordfenceWAF&subpage=waf_options" "Mozilla/5.0 (Macintosh; Intel Mac OS X 10_14_5) AppleWebKit/537.36 (KHTML, like Gecko) Chrome/74.0.3729.169 Safari/537.36"
198.27.82.210 - - [12/Jun/2019:11:32:26 +0000] "POST /xmlrpc.php HTTP/1.0" 200 607 "-" "Mozilla/5.0 (Windows NT 10.0; WOW64) AppleWebKit/537.36 (KHTML, like Gecko) Chrome/63.0.3239.132 Safari/537.36"
198.27.82.210 - - [12/Jun/2019:11:32:40 +0000] "POST /xmlrpc.php HTTP/1.0" 200 607 "-" "Mozilla/5.0 (Windows NT 10.0; WOW64) AppleWebKit/537.36 (KHTML, like Gecko) Chrome/63.0.3239.132 Safari/537.36"
207.46.13.185 - - [12/Jun/2019:11:32:59 +0000] "GET /whats-your-september-mood/ HTTP/1.0" 200 14793 "-" "Mozilla/5.0 (compatible; bingbot/2.0; +http://www.bing.com/bingbot.htm)"
198.27.82.210 - - [12/Jun/2019:11:32:54 +0000] "POST /xmlrpc.php HTTP/1.0" 200 607 "-" "Mozilla/5.0 (Windows NT 10.0; WOW64) AppleWebKit/537.36 (KHTML, like Gecko) Chrome/63.0.3239.132 Safari/537.36"
198.27.82.210 - - [12/Jun/2019:11:33:09 +0000] "POST /xmlrpc.php HTTP/1.0" 200 607 "-" "Mozilla/5.0 (Windows NT 10.0; WOW64) AppleWebKit/537.36 (KHTML, like Gecko) Chrome/63.0.3239.132 Safari/537.36"
198.27.82.210 - - [12/Jun/2019:11:33:23 +0000] "POST /xmlrpc.php HTTP/1.0" 200 607 "-" "Mozilla/5.0 (Windows NT 10.0; WOW64) AppleWebKit/537.36 (KHTML, like Gecko) Chrome/63.0.3239.132 Safari/537.36"
198.27.82.210 - - [12/Jun/2019:11:33:37 +0000] "POST /xmlrpc.php HTTP/1.0" 200 607 "-" "Mozilla/5.0 (Windows NT 10.0; WOW64) AppleWebKit/537.36 (KHTML, like Gecko) Chrome/63.0.3239.132 Safari/537.36"
198.27.82.210 - - [12/Jun/2019:11:33:52 +0000] "POST /xmlrpc.php HTTP/1.0" 200 607 "-" "Mozilla/5.0 (Windows NT 10.0; WOW64) AppleWebKit/537.36 (KHTML, like Gecko) Chrome/63.0.3239.132 Safari/537.36"
63.143.42.247 - - [12/Jun/2019:11:34:02 +0000] "HEAD / HTTP/1.0" 200 282 "https://simplydesignlife.com/" "Mozilla/5.0+(compatible; UptimeRobot/2.0; http://www.uptimerobot.com/)"
198.27.82.210 - - [12/Jun/2019:11:34:06 +0000] "POST /xmlrpc.php HTTP/1.0" 200 607 "-" "Mozilla/5.0 (Windows NT 10.0; WOW64) AppleWebKit/537.36 (KHTML, like Gecko) Chrome/63.0.3239.132 Safari/537.36"
202.47.49.95 - - [12/Jun/2019:11:34:27 +0000] "POST /wp-admin/admin-ajax.php?_fs_blog_admin=true HTTP/1.0" 200 3784 "https://simplydesignlife.com/wp-admin/admin.php?page=WordfenceWAF&subpage=waf_options" "Mozilla/5.0 (Macintosh; Intel Mac OS X 10_14_5) AppleWebKit/537.36 (KHTML, like Gecko) Chrome/74.0.3729.169 Safari/537.36"
198.27.82.210 - - [12/Jun/2019:11:34:21 +0000] "POST /xmlrpc.php HTTP/1.0" 200 607 "-" "Mozilla/5.0 (Windows NT 10.0; WOW64) AppleWebKit/537.36 (KHTML, like Gecko) Chrome/63.0.3239.132 Safari/537.36"
198.27.82.210 - - [12/Jun/2019:11:34:35 +0000] "POST /xmlrpc.php HTTP/1.0" 200 607 "-" "Mozilla/5.0 (Windows NT 10.0; WOW64) AppleWebKit/537.36 (KHTML, like Gecko) Chrome/63.0.3239.132 Safari/537.36"
198.27.82.210 - - [12/Jun/2019:11:34:49 +0000] "POST /xmlrpc.php HTTP/1.0" 200 607 "-" "Mozilla/5.0 (Windows NT 10.0; WOW64) AppleWebKit/537.36 (KHTML, like Gecko) Chrome/63.0.3239.132 Safari/537.36"
198.27.82.210 - - [12/Jun/2019:11:35:04 +0000] "POST /xmlrpc.php HTTP/1.0" 200 607 "-" "Mozilla/5.0 (Windows NT 10.0; WOW64) AppleWebKit/537.36 (KHTML, like Gecko) Chrome/63.0.3239.132 Safari/537.36"
202.47.49.95 - - [12/Jun/2019:11:35:15 +0000] "POST /wp-admin/admin-ajax.php?_fs_blog_admin=true HTTP/1.0" 200 3784 "https://simplydesignlife.com/wp-admin/admin.php?page=WordfenceWAF&subpage=waf_options" "Mozilla/5.0 (Macintosh; Intel Mac OS X 10_14_5) AppleWebKit/537.36 (KHTML, like Gecko) Chrome/74.0.3729.169 Safari/537.36"
198.27.82.210 - - [12/Jun/2019:11:35:18 +0000] "POST /xmlrpc.php HTTP/1.0" 200 607 "-" "Mozilla/5.0 (Windows NT 10.0; WOW64) AppleWebKit/537.36 (KHTML, like Gecko) Chrome/63.0.3239.132 Safari/537.36"
198.27.82.210 - - [12/Jun/2019:11:35:32 +0000] "POST /xmlrpc.php HTTP/1.0" 200 607 "-" "Mozilla/5.0 (Windows NT 10.0; WOW64) AppleWebKit/537.36 (KHTML, like Gecko) Chrome/63.0.3239.132 Safari/537.36"
198.27.82.210 - - [12/Jun/2019:11:35:47 +0000] "POST /xmlrpc.php HTTP/1.0" 200 607 "-" "Mozilla/5.0 (Windows NT 10.0; WOW64) AppleWebKit/537.36 (KHTML, like Gecko) Chrome/63.0.3239.132 Safari/537.36"
198.27.82.210 - - [12/Jun/2019:11:36:01 +0000] "POST /xmlrpc.php HTTP/1.0" 200 607 "-" "Mozilla/5.0 (Windows NT 10.0; WOW64) AppleWebKit/537.36 (KHTML, like Gecko) Chrome/63.0.3239.132 Safari/537.36"
198.27.82.210 - - [12/Jun/2019:11:36:16 +0000] "POST /xmlrpc.php HTTP/1.0" 200 607 "-" "Mozilla/5.0 (Windows NT 10.0; WOW64) AppleWebKit/537.36 (KHTML, like Gecko) Chrome/63.0.3239.132 Safari/537.36"
5.39.217.136 - - [12/Jun/2019:11:36:32 +0000] "GET / HTTP/1.0" 200 18858 "-" "Mozilla/5.0 (compatible; MSIE 9.0; Windows NT 6.0; Trident/5.0; chromeframe/11.0.696.57)"
198.27.82.210 - - [12/Jun/2019:11:36:30 +0000] "POST /xmlrpc.php HTTP/1.0" 200 607 "-" "Mozilla/5.0 (Windows NT 10.0; WOW64) AppleWebKit/537.36 (KHTML, like Gecko) Chrome/63.0.3239.132 Safari/537.36"
198.27.82.210 - - [12/Jun/2019:11:36:44 +0000] "POST /xmlrpc.php HTTP/1.0" 200 607 "-" "Mozilla/5.0 (Windows NT 10.0; WOW64) AppleWebKit/537.36 (KHTML, like Gecko) Chrome/63.0.3239.132 Safari/537.36"
198.27.82.210 - - [12/Jun/2019:11:36:59 +0000] "POST /xmlrpc.php HTTP/1.0" 200 607 "-" "Mozilla/5.0 (Windows NT 10.0; WOW64) AppleWebKit/537.36 (KHTML, like Gecko) Chrome/63.0.3239.132 Safari/537.36"
66.249.64.22 - - [12/Jun/2019:11:37:18 +0000] "GET / HTTP/1.0" 200 18858 "-" "Mozilla/5.0 (Linux; Android 6.0.1; Nexus 5X Build/MMB29P) AppleWebKit/537.36 (KHTML, like Gecko) Chrome/41.0.2272.96 Mobile Safari/537.36 (compatible; Googlebot/2.1; +http://www.google.com/bot.html)"
198.27.82.210 - - [12/Jun/2019:11:37:13 +0000] "POST /xmlrpc.php HTTP/1.0" 200 607 "-" "Mozilla/5.0 (Windows NT 10.0; WOW64) AppleWebKit/537.36 (KHTML, like Gecko) Chrome/63.0.3239.132 Safari/537.36"
198.27.82.210 - - [12/Jun/2019:11:37:28 +0000] "POST /xmlrpc.php HTTP/1.0" 200 607 "-" "Mozilla/5.0 (Windows NT 10.0; WOW64) AppleWebKit/537.36 (KHTML, like Gecko) Chrome/63.0.3239.132 Safari/537.36"
198.27.82.210 - - [12/Jun/2019:11:37:42 +0000] "POST /xmlrpc.php HTTP/1.0" 200 607 "-" "Mozilla/5.0 (Windows NT 10.0; WOW64) AppleWebKit/537.36 (KHTML, like Gecko) Chrome/63.0.3239.132 Safari/537.36"
198.27.82.210 - - [12/Jun/2019:11:37:57 +0000] "POST /xmlrpc.php HTTP/1.0" 200 607 "-" "Mozilla/5.0 (Windows NT 10.0; WOW64) AppleWebKit/537.36 (KHTML, like Gecko) Chrome/63.0.3239.132 Safari/537.36"
198.27.82.210 - - [12/Jun/2019:11:38:11 +0000] "POST /xmlrpc.php HTTP/1.0" 200 607 "-" "Mozilla/5.0 (Windows NT 10.0; WOW64) AppleWebKit/537.36 (KHTML, like Gecko) Chrome/63.0.3239.132 Safari/537.36"
198.27.82.210 - - [12/Jun/2019:11:38:26 +0000] "POST /xmlrpc.php HTTP/1.0" 200 607 "-" "Mozilla/5.0 (Windows NT 10.0; WOW64) AppleWebKit/537.36 (KHTML, like Gecko) Chrome/63.0.3239.132 Safari/537.36"
198.27.82.210 - - [12/Jun/2019:11:38:40 +0000] "POST /xmlrpc.php HTTP/1.0" 200 607 "-" "Mozilla/5.0 (Windows NT 10.0; WOW64) AppleWebKit/537.36 (KHTML, like Gecko) Chrome/63.0.3239.132 Safari/537.36"
63.143.42.247 - - [12/Jun/2019:11:39:02 +0000] "HEAD / HTTP/1.0" 200 282 "https://simplydesignlife.com/" "Mozilla/5.0+(compatible; UptimeRobot/2.0; http://www.uptimerobot.com/)"
198.27.82.210 - - [12/Jun/2019:11:38:54 +0000] "POST /xmlrpc.php HTTP/1.0" 200 607 "-" "Mozilla/5.0 (Windows NT 10.0; WOW64) AppleWebKit/537.36 (KHTML, like Gecko) Chrome/63.0.3239.132 Safari/537.36"
198.27.82.210 - - [12/Jun/2019:11:39:09 +0000] "POST /xmlrpc.php HTTP/1.0" 200 607 "-" "Mozilla/5.0 (Windows NT 10.0; WOW64) AppleWebKit/537.36 (KHTML, like Gecko) Chrome/63.0.3239.132 Safari/537.36"
198.27.82.210 - - [12/Jun/2019:11:39:23 +0000] "POST /xmlrpc.php HTTP/1.0" 200 607 "-" "Mozilla/5.0 (Windows NT 10.0; WOW64) AppleWebKit/537.36 (KHTML, like Gecko) Chrome/63.0.3239.132 Safari/537.36"
202.47.49.95 - - [12/Jun/2019:11:39:33 +0000] "GET /wp-admin/admin.php?page=WordfenceWAF&subpage=waf_options HTTP/1.0" 200 37986 "https://simplydesignlife.com/wp-admin/" "Mozilla/5.0 (Macintosh; Intel Mac OS X 10_14_5) AppleWebKit/537.36 (KHTML, like Gecko) Chrome/74.0.3729.169 Safari/537.36"
202.47.49.95 - - [12/Jun/2019:11:39:33 +0000] "GET /wp-admin/load-styles.php?c=0&dir=ltr&load%5B%5D=dashicons,admin-bar,wp-pointer,common,forms,admin-menu,dashboard,list-tables,edit,revisions,media,themes,about,nav-menus,widgets&load%5B%5D=,site-icon,l10n,buttons,wp-auth-check,wp-color-picker&ver=273259ae9179de08035c9340a4134752 HTTP/1.0" 200 84609 "https://simplydesignlife.com/wp-admin/admin.php?page=WordfenceWAF&subpage=waf_options" "Mozilla/5.0 (Macintosh; Intel Mac OS X 10_14_5) AppleWebKit/537.36 (KHTML, like Gecko) Chrome/74.0.3729.169 Safari/537.36"
202.47.49.95 - - [12/Jun/2019:11:39:34 +0000] "GET /wp-admin/load-scripts.php?c=0&load%5B%5D=jquery-core,jquery-migrate,utils,jquery-ui-widget,jquery-ui-position,jquery-ui-core,jquery-ui-menu&ver=273259ae9179de08035c9340a4134752 HTTP/1.0" 200 45976 "https://simplydesignlife.com/wp-admin/admin.php?page=WordfenceWAF&subpage=waf_options" "Mozilla/5.0 (Macintosh; Intel Mac OS X 10_14_5) AppleWebKit/537.36 (KHTML, like Gecko) Chrome/74.0.3729.169 Safari/537.36"
202.47.49.95 - - [12/Jun/2019:11:39:38 +0000] "GET /wp-admin/load-scripts.php?c=0&load%5B%5D=hoverIntent,common,admin-bar,wp-pointer,svg-painter&ver=273259ae9179de08035c9340a4134752 HTTP/1.0" 200 10631 "https://simplydesignlife.com/wp-admin/admin.php?page=WordfenceWAF&subpage=waf_options" "Mozilla/5.0 (Macintosh; Intel Mac OS X 10_14_5) AppleWebKit/537.36 (KHTML, like Gecko) Chrome/74.0.3729.169 Safari/537.36"
202.47.49.95 - - [12/Jun/2019:11:39:38 +0000] "GET /wp-content/themes/genesis/lib/css/fonts/genesis-icon.woff HTTP/1.0" 200 1385 "https://simplydesignlife.com/wp-content/themes/genesis/lib/css/admin.min.css?ver=2.10.1" "Mozilla/5.0 (Macintosh; Intel Mac OS X 10_14_5) AppleWebKit/537.36 (KHTML, like Gecko) Chrome/74.0.3729.169 Safari/537.36"
202.47.49.95 - - [12/Jun/2019:11:39:38 +0000] "GET /wp-content/plugins/elementor/assets/lib/eicons/fonts/eicons.woff2?4.3.0 HTTP/1.0" 200 60377 "https://simplydesignlife.com/wp-content/plugins/elementor/assets/lib/eicons/css/elementor-icons.min.css?ver=4.3.0" "Mozilla/5.0 (Macintosh; Intel Mac OS X 10_14_5) AppleWebKit/537.36 (KHTML, like Gecko) Chrome/74.0.3729.169 Safari/537.36"
202.47.49.95 - - [12/Jun/2019:11:39:38 +0000] "GET /wp-content/plugins/wordfence/fonts/ionicons.woff?v=2.0.0 HTTP/1.0" 200 67248 "https://simplydesignlife.com/wp-content/plugins/wordfence/css/wf-ionicons.1560275180.css?ver=7.3.3" "Mozilla/5.0 (Macintosh; Intel Mac OS X 10_14_5) AppleWebKit/537.36 (KHTML, like Gecko) Chrome/74.0.3729.169 Safari/537.36"
186.35.230.172 - - [12/Jun/2019:11:39:41 +0000] "GET /a-cor-que-vai-dominar-2019-na-decoracao/ HTTP/1.0" 200 15492 "https://pinterest.com/pin/201184308340875223/?source_app=android" "Mozilla/5.0 (Linux; Android 8.0.0; LDN-LX3 Build/HUAWEILDN-LX3; wv) AppleWebKit/537.36 (KHTML, like Gecko) Version/4.0 Chrome/74.0.3729.157 Mobile Safari/537.36 [Pinterest/Android]"
186.35.230.172 - - [12/Jun/2019:11:39:42 +0000] "GET /favicon.ico HTTP/1.0" 200 261 "https://simplydesignlife.com/a-cor-que-vai-dominar-2019-na-decoracao/" "Mozilla/5.0 (Linux; Android 8.0.0; LDN-LX3 Build/HUAWEILDN-LX3; wv) AppleWebKit/537.36 (KHTML, like Gecko) Version/4.0 Chrome/74.0.3729.157 Mobile Safari/537.36 [Pinterest/Android]"
202.47.49.95 - - [12/Jun/2019:11:39:43 +0000] "GET /favicon.ico HTTP/1.0" 200 261 "https://simplydesignlife.com/wp-admin/admin.php?page=WordfenceWAF&subpage=waf_options" "Mozilla/5.0 (Macintosh; Intel Mac OS X 10_14_5) AppleWebKit/537.36 (KHTML, like Gecko) Chrome/74.0.3729.169 Safari/537.36"
54.236.1.18 - - [12/Jun/2019:11:39:44 +0000] "GET /a-cor-que-vai-dominar-2019-na-decoracao/ HTTP/1.0" 200 15455 "-" "Mozilla/5.0 (compatible; Pinterestbot/1.0; +http://www.pinterest.com/bot.html)"
198.27.82.210 - - [12/Jun/2019:11:39:37 +0000] "POST /xmlrpc.php HTTP/1.0" 200 607 "-" "Mozilla/5.0 (Windows NT 10.0; WOW64) AppleWebKit/537.36 (KHTML, like Gecko) Chrome/63.0.3239.132 Safari/537.36"
167.99.92.90 - - [12/Jun/2019:11:39:51 +0000] "POST /wp-cron.php?doing_wp_cron=1560339591.7581069469451904296875 HTTP/1.0" 200 255 "http://simplydesignlife.com/wp-cron.php?doing_wp_cron=1560339591.7581069469451904296875" "WordPress/5.2.1; https://simplydesignlife.com"
198.27.82.210 - - [12/Jun/2019:11:39:51 +0000] "POST /xmlrpc.php HTTP/1.0" 200 607 "-" "Mozilla/5.0 (Windows NT 10.0; WOW64) AppleWebKit/537.36 (KHTML, like Gecko) Chrome/63.0.3239.132 Safari/537.36"
198.27.82.210 - - [12/Jun/2019:11:40:06 +0000] "POST /xmlrpc.php HTTP/1.0" 200 607 "-" "Mozilla/5.0 (Windows NT 10.0; WOW64) AppleWebKit/537.36 (KHTML, like Gecko) Chrome/63.0.3239.132 Safari/537.36"
202.47.49.95 - - [12/Jun/2019:11:40:13 +0000] "POST /wp-admin/admin-ajax.php?_fs_blog_admin=true HTTP/1.0" 200 590 "https://simplydesignlife.com/wp-admin/admin.php?page=WordfenceWAF&subpage=waf_options" "Mozilla/5.0 (Macintosh; Intel Mac OS X 10_14_5) AppleWebKit/537.36 (KHTML, like Gecko) Chrome/74.0.3729.169 Safari/537.36"
202.47.49.95 - - [12/Jun/2019:11:40:13 +0000] "GET /wp-admin/admin.php?page=WordfenceWAF&subpage=waf_options HTTP/1.0" 200 37988 "https://simplydesignlife.com/wp-admin/admin.php?page=WordfenceWAF&subpage=waf_options" "Mozilla/5.0 (Macintosh; Intel Mac OS X 10_14_5) AppleWebKit/537.36 (KHTML, like Gecko) Chrome/74.0.3729.169 Safari/537.36"
202.47.49.95 - - [12/Jun/2019:11:40:16 +0000] "GET /wp-admin/admin-ajax.php?action=rocket_ignore&box=rocket_warning_plugin_modification&_wpnonce=f25d2df745&_fs_blog_admin=true HTTP/1.0" 200 463 "https://simplydesignlife.com/wp-admin/admin.php?page=WordfenceWAF&subpage=waf_options" "Mozilla/5.0 (Macintosh; Intel Mac OS X 10_14_5) AppleWebKit/537.36 (KHTML, like Gecko) Chrome/74.0.3729.169 Safari/537.36"
198.27.82.210 - - [12/Jun/2019:11:40:20 +0000] "POST /xmlrpc.php HTTP/1.0" 200 607 "-" "Mozilla/5.0 (Windows NT 10.0; WOW64) AppleWebKit/537.36 (KHTML, like Gecko) Chrome/63.0.3239.132 Safari/537.36"
198.27.82.210 - - [12/Jun/2019:11:40:34 +0000] "POST /xmlrpc.php HTTP/1.0" 200 607 "-" "Mozilla/5.0 (Windows NT 10.0; WOW64) AppleWebKit/537.36 (KHTML, like Gecko) Chrome/63.0.3239.132 Safari/537.36"
202.47.49.95 - - [12/Jun/2019:11:40:45 +0000] "GET /wp-admin/admin.php?page=Wordfence HTTP/1.0" 200 24360 "https://simplydesignlife.com/wp-admin/admin.php?page=WordfenceWAF&subpage=waf_options" "Mozilla/5.0 (Macintosh; Intel Mac OS X 10_14_5) AppleWebKit/537.36 (KHTML, like Gecko) Chrome/74.0.3729.169 Safari/537.36"
198.27.82.210 - - [12/Jun/2019:11:40:48 +0000] "POST /xmlrpc.php HTTP/1.0" 200 607 "-" "Mozilla/5.0 (Windows NT 10.0; WOW64) AppleWebKit/537.36 (KHTML, like Gecko) Chrome/63.0.3239.132 Safari/537.36"
167.99.92.90 - - [12/Jun/2019:11:41:03 +0000] "POST /wp-cron.php?doing_wp_cron=1560339663.5410299301147460937500 HTTP/1.0" 200 255 "http://simplydesignlife.com/wp-cron.php?doing_wp_cron=1560339663.5410299301147460937500" "WordPress/5.2.1; https://simplydesignlife.com"
202.47.49.95 - - [12/Jun/2019:11:41:05 +0000] "GET /wp-admin/admin.php?page=WordfenceScan HTTP/1.0" 200 44089 "https://simplydesignlife.com/wp-admin/admin.php?page=Wordfence" "Mozilla/5.0 (Macintosh; Intel Mac OS X 10_14_5) AppleWebKit/537.36 (KHTML, like Gecko) Chrome/74.0.3729.169 Safari/537.36"
198.27.82.210 - - [12/Jun/2019:11:41:02 +0000] "POST /xmlrpc.php HTTP/1.0" 200 607 "-" "Mozilla/5.0 (Windows NT 10.0; WOW64) AppleWebKit/537.36 (KHTML, like Gecko) Chrome/63.0.3239.132 Safari/537.36"
202.47.49.95 - - [12/Jun/2019:11:41:14 +0000] "GET /wp-admin/admin.php?page=WordfenceTools HTTP/1.0" 200 26742 "https://simplydesignlife.com/wp-admin/admin.php?page=Wordfence" "Mozilla/5.0 (Macintosh; Intel Mac OS X 10_14_5) AppleWebKit/537.36 (KHTML, like Gecko) Chrome/74.0.3729.169 Safari/537.36"
202.47.49.95 - - [12/Jun/2019:11:41:16 +0000] "POST /wp-admin/admin-ajax.php?_fs_blog_admin=true HTTP/1.0" 200 4345 "https://simplydesignlife.com/wp-admin/admin.php?page=WordfenceTools" "Mozilla/5.0 (Macintosh; Intel Mac OS X 10_14_5) AppleWebKit/537.36 (KHTML, like Gecko) Chrome/74.0.3729.169 Safari/537.36"
202.47.49.95 - - [12/Jun/2019:11:41:24 +0000] "POST /wp-admin/admin-ajax.php?_fs_blog_admin=true HTTP/1.0" 200 4363 "https://simplydesignlife.com/wp-admin/admin.php?page=WordfenceTools" "Mozilla/5.0 (Macintosh; Intel Mac OS X 10_14_5) AppleWebKit/537.36 (KHTML, like Gecko) Chrome/74.0.3729.169 Safari/537.36"
202.47.49.95 - - [12/Jun/2019:11:41:25 +0000] "POST /wp-admin/admin-ajax.php?_fs_blog_admin=true HTTP/1.0" 200 749 "https://simplydesignlife.com/wp-admin/admin.php?page=WordfenceTools" "Mozilla/5.0 (Macintosh; Intel Mac OS X 10_14_5) AppleWebKit/537.36 (KHTML, like Gecko) Chrome/74.0.3729.169 Safari/537.36"
202.47.49.95 - - [12/Jun/2019:11:41:26 +0000] "POST /wp-admin/admin-ajax.php?_fs_blog_admin=true HTTP/1.0" 200 665 "https://simplydesignlife.com/wp-admin/admin.php?page=WordfenceTools" "Mozilla/5.0 (Macintosh; Intel Mac OS X 10_14_5) AppleWebKit/537.36 (KHTML, like Gecko) Chrome/74.0.3729.169 Safari/537.36"
198.27.82.210 - - [12/Jun/2019:11:41:17 +0000] "POST /xmlrpc.php HTTP/1.0" 200 607 "-" "Mozilla/5.0 (Windows NT 10.0; WOW64) AppleWebKit/537.36 (KHTML, like Gecko) Chrome/63.0.3239.132 Safari/537.36"
202.47.49.95 - - [12/Jun/2019:11:41:28 +0000] "POST /wp-admin/admin-ajax.php?_fs_blog_admin=true HTTP/1.0" 200 665 "https://simplydesignlife.com/wp-admin/admin.php?page=WordfenceTools" "Mozilla/5.0 (Macintosh; Intel Mac OS X 10_14_5) AppleWebKit/537.36 (KHTML, like Gecko) Chrome/74.0.3729.169 Safari/537.36"
202.47.49.95 - - [12/Jun/2019:11:41:30 +0000] "POST /wp-admin/admin-ajax.php?_fs_blog_admin=true HTTP/1.0" 200 665 "https://simplydesignlife.com/wp-admin/admin.php?page=WordfenceTools" "Mozilla/5.0 (Macintosh; Intel Mac OS X 10_14_5) AppleWebKit/537.36 (KHTML, like Gecko) Chrome/74.0.3729.169 Safari/537.36"
202.47.49.95 - - [12/Jun/2019:11:41:32 +0000] "POST /wp-admin/admin-ajax.php?_fs_blog_admin=true HTTP/1.0" 200 665 "https://simplydesignlife.com/wp-admin/admin.php?page=WordfenceTools" "Mozilla/5.0 (Macintosh; Intel Mac OS X 10_14_5) AppleWebKit/537.36 (KHTML, like Gecko) Chrome/74.0.3729.169 Safari/537.36"
202.47.49.95 - - [12/Jun/2019:11:41:25 +0000] "POST /wp-admin/admin-ajax.php?_fs_blog_admin=true HTTP/1.0" 200 1367 "https://simplydesignlife.com/wp-admin/admin.php?page=WordfenceTools" "Mozilla/5.0 (Macintosh; Intel Mac OS X 10_14_5) AppleWebKit/537.36 (KHTML, like Gecko) Chrome/74.0.3729.169 Safari/537.36"
202.47.49.95 - - [12/Jun/2019:11:41:34 +0000] "POST /wp-admin/admin-ajax.php?_fs_blog_admin=true HTTP/1.0" 200 665 "https://simplydesignlife.com/wp-admin/admin.php?page=WordfenceTools" "Mozilla/5.0 (Macintosh; Intel Mac OS X 10_14_5) AppleWebKit/537.36 (KHTML, like Gecko) Chrome/74.0.3729.169 Safari/537.36"
202.47.49.95 - - [12/Jun/2019:11:41:36 +0000] "POST /wp-admin/admin-ajax.php?_fs_blog_admin=true HTTP/1.0" 200 665 "https://simplydesignlife.com/wp-admin/admin.php?page=WordfenceTools" "Mozilla/5.0 (Macintosh; Intel Mac OS X 10_14_5) AppleWebKit/537.36 (KHTML, like Gecko) Chrome/74.0.3729.169 Safari/537.36"
202.47.49.95 - - [12/Jun/2019:11:41:38 +0000] "POST /wp-admin/admin-ajax.php?_fs_blog_admin=true HTTP/1.0" 200 665 "https://simplydesignlife.com/wp-admin/admin.php?page=WordfenceTools" "Mozilla/5.0 (Macintosh; Intel Mac OS X 10_14_5) AppleWebKit/537.36 (KHTML, like Gecko) Chrome/74.0.3729.169 Safari/537.36"
202.47.49.95 - - [12/Jun/2019:11:41:40 +0000] "POST /wp-admin/admin-ajax.php?_fs_blog_admin=true HTTP/1.0" 200 666 "https://simplydesignlife.com/wp-admin/admin.php?page=WordfenceTools" "Mozilla/5.0 (Macintosh; Intel Mac OS X 10_14_5) AppleWebKit/537.36 (KHTML, like Gecko) Chrome/74.0.3729.169 Safari/537.36"
202.47.49.95 - - [12/Jun/2019:11:41:42 +0000] "POST /wp-admin/admin-ajax.php?_fs_blog_admin=true HTTP/1.0" 200 653 "https://simplydesignlife.com/wp-admin/admin.php?page=WordfenceTools" "Mozilla/5.0 (Macintosh; Intel Mac OS X 10_14_5) AppleWebKit/537.36 (KHTML, like Gecko) Chrome/74.0.3729.169 Safari/537.36"
198.27.82.210 - - [12/Jun/2019:11:41:31 +0000] "POST /xmlrpc.php HTTP/1.0" 200 607 "-" "Mozilla/5.0 (Windows NT 10.0; WOW64) AppleWebKit/537.36 (KHTML, like Gecko) Chrome/63.0.3239.132 Safari/537.36"
202.47.49.95 - - [12/Jun/2019:11:41:43 +0000] "POST /wp-admin/admin-ajax.php?_fs_blog_admin=true HTTP/1.0" 200 3607 "https://simplydesignlife.com/wp-admin/admin.php?page=WordfenceTools" "Mozilla/5.0 (Macintosh; Intel Mac OS X 10_14_5) AppleWebKit/537.36 (KHTML, like Gecko) Chrome/74.0.3729.169 Safari/537.36"
202.47.49.95 - - [12/Jun/2019:11:41:44 +0000] "POST /wp-admin/admin-ajax.php?_fs_blog_admin=true HTTP/1.0" 200 653 "https://simplydesignlife.com/wp-admin/admin.php?page=WordfenceTools" "Mozilla/5.0 (Macintosh; Intel Mac OS X 10_14_5) AppleWebKit/537.36 (KHTML, like Gecko) Chrome/74.0.3729.169 Safari/537.36"
202.47.49.95 - - [12/Jun/2019:11:41:46 +0000] "POST /wp-admin/admin-ajax.php?_fs_blog_admin=true HTTP/1.0" 200 666 "https://simplydesignlife.com/wp-admin/admin.php?page=WordfenceTools" "Mozilla/5.0 (Macintosh; Intel Mac OS X 10_14_5) AppleWebKit/537.36 (KHTML, like Gecko) Chrome/74.0.3729.169 Safari/537.36"
202.47.49.95 - - [12/Jun/2019:11:41:48 +0000] "POST /wp-admin/admin-ajax.php?_fs_blog_admin=true HTTP/1.0" 200 665 "https://simplydesignlife.com/wp-admin/admin.php?page=WordfenceTools" "Mozilla/5.0 (Macintosh; Intel Mac OS X 10_14_5) AppleWebKit/537.36 (KHTML, like Gecko) Chrome/74.0.3729.169 Safari/537.36"
202.47.49.95 - - [12/Jun/2019:11:41:45 +0000] "POST /wp-admin/admin-ajax.php?_fs_blog_admin=true HTTP/1.0" 200 1358 "https://simplydesignlife.com/wp-admin/admin.php?page=WordfenceTools" "Mozilla/5.0 (Macintosh; Intel Mac OS X 10_14_5) AppleWebKit/537.36 (KHTML, like Gecko) Chrome/74.0.3729.169 Safari/537.36"
202.47.49.95 - - [12/Jun/2019:11:41:48 +0000] "GET /wp-admin/admin.php?page=WordfenceOptions HTTP/1.0" 200 188916 "https://simplydesignlife.com/wp-admin/admin.php?page=WordfenceTools" "Mozilla/5.0 (Macintosh; Intel Mac OS X 10_14_5) AppleWebKit/537.36 (KHTML, like Gecko) Chrome/74.0.3729.169 Safari/537.36"
198.27.82.210 - - [12/Jun/2019:11:41:46 +0000] "POST /xmlrpc.php HTTP/1.0" 200 607 "-" "Mozilla/5.0 (Windows NT 10.0; WOW64) AppleWebKit/537.36 (KHTML, like Gecko) Chrome/63.0.3239.132 Safari/537.36"
202.47.49.95 - - [12/Jun/2019:11:41:52 +0000] "POST /wp-admin/admin-ajax.php?_fs_blog_admin=true HTTP/1.0" 200 590 "https://simplydesignlife.com/wp-admin/admin.php?page=WordfenceOptions" "Mozilla/5.0 (Macintosh; Intel Mac OS X 10_14_5) AppleWebKit/537.36 (KHTML, like Gecko) Chrome/74.0.3729.169 Safari/537.36"
202.47.49.95 - - [12/Jun/2019:11:41:58 +0000] "POST /wp-admin/admin-ajax.php?_fs_blog_admin=true HTTP/1.0" 200 590 "https://simplydesignlife.com/wp-admin/admin.php?page=WordfenceOptions" "Mozilla/5.0 (Macintosh; Intel Mac OS X 10_14_5) AppleWebKit/537.36 (KHTML, like Gecko) Chrome/74.0.3729.169 Safari/537.36"
46.229.168.153 - - [12/Jun/2019:11:41:59 +0000] "GET /tag/color-of-the-month/ HTTP/1.0" 200 10606 "-" "Mozilla/5.0 (compatible; SemrushBot/3~bl; +http://www.semrush.com/bot.html)"
202.47.49.95 - - [12/Jun/2019:11:42:05 +0000] "POST /wp-admin/admin-ajax.php?_fs_blog_admin=true HTTP/1.0" 200 590 "https://simplydesignlife.com/wp-admin/admin.php?page=WordfenceOptions" "Mozilla/5.0 (Macintosh; Intel Mac OS X 10_14_5) AppleWebKit/537.36 (KHTML, like Gecko) Chrome/74.0.3729.169 Safari/537.36"
202.47.49.95 - - [12/Jun/2019:11:42:08 +0000] "POST /wp-admin/admin-ajax.php?_fs_blog_admin=true HTTP/1.0" 200 590 "https://simplydesignlife.com/wp-admin/admin.php?page=WordfenceOptions" "Mozilla/5.0 (Macintosh; Intel Mac OS X 10_14_5) AppleWebKit/537.36 (KHTML, like Gecko) Chrome/74.0.3729.169 Safari/537.36"
198.27.82.210 - - [12/Jun/2019:11:42:00 +0000] "POST /xmlrpc.php HTTP/1.0" 200 607 "-" "Mozilla/5.0 (Windows NT 10.0; WOW64) AppleWebKit/537.36 (KHTML, like Gecko) Chrome/63.0.3239.132 Safari/537.36"
202.47.49.95 - - [12/Jun/2019:11:42:20 +0000] "POST /wp-admin/admin-ajax.php?_fs_blog_admin=true HTTP/1.0" 200 590 "https://simplydesignlife.com/wp-admin/admin.php?page=WordfenceOptions" "Mozilla/5.0 (Macintosh; Intel Mac OS X 10_14_5) AppleWebKit/537.36 (KHTML, like Gecko) Chrome/74.0.3729.169 Safari/537.36"
202.47.49.95 - - [12/Jun/2019:11:42:25 +0000] "POST /wp-admin/admin-ajax.php?_fs_blog_admin=true HTTP/1.0" 200 590 "https://simplydesignlife.com/wp-admin/admin.php?page=WordfenceOptions" "Mozilla/5.0 (Macintosh; Intel Mac OS X 10_14_5) AppleWebKit/537.36 (KHTML, like Gecko) Chrome/74.0.3729.169 Safari/537.36"
198.27.82.210 - - [12/Jun/2019:11:42:15 +0000] "POST /xmlrpc.php HTTP/1.0" 200 607 "-" "Mozilla/5.0 (Windows NT 10.0; WOW64) AppleWebKit/537.36 (KHTML, like Gecko) Chrome/63.0.3239.132 Safari/537.36"
202.47.49.95 - - [12/Jun/2019:11:42:37 +0000] "POST /wp-admin/admin-ajax.php?_fs_blog_admin=true HTTP/1.0" 200 590 "https://simplydesignlife.com/wp-admin/admin.php?page=WordfenceOptions" "Mozilla/5.0 (Macintosh; Intel Mac OS X 10_14_5) AppleWebKit/537.36 (KHTML, like Gecko) Chrome/74.0.3729.169 Safari/537.36"
202.47.49.95 - - [12/Jun/2019:11:42:40 +0000] "POST /wp-admin/admin-ajax.php?_fs_blog_admin=true HTTP/1.0" 200 590 "https://simplydesignlife.com/wp-admin/admin.php?page=WordfenceOptions" "Mozilla/5.0 (Macintosh; Intel Mac OS X 10_14_5) AppleWebKit/537.36 (KHTML, like Gecko) Chrome/74.0.3729.169 Safari/537.36"
198.27.82.210 - - [12/Jun/2019:11:42:29 +0000] "POST /xmlrpc.php HTTP/1.0" 200 607 "-" "Mozilla/5.0 (Windows NT 10.0; WOW64) AppleWebKit/537.36 (KHTML, like Gecko) Chrome/63.0.3239.132 Safari/537.36"
202.47.49.95 - - [12/Jun/2019:11:42:46 +0000] "POST /wp-admin/admin-ajax.php?_fs_blog_admin=true HTTP/1.0" 200 590 "https://simplydesignlife.com/wp-admin/admin.php?page=WordfenceOptions" "Mozilla/5.0 (Macintosh; Intel Mac OS X 10_14_5) AppleWebKit/537.36 (KHTML, like Gecko) Chrome/74.0.3729.169 Safari/537.36"
198.27.82.210 - - [12/Jun/2019:11:42:43 +0000] "POST /xmlrpc.php HTTP/1.0" 200 607 "-" "Mozilla/5.0 (Windows NT 10.0; WOW64) AppleWebKit/537.36 (KHTML, like Gecko) Chrome/63.0.3239.132 Safari/537.36"
202.47.49.95 - - [12/Jun/2019:11:42:56 +0000] "POST /wp-admin/admin-ajax.php?_fs_blog_admin=true HTTP/1.0" 200 590 "https://simplydesignlife.com/wp-admin/admin.php?page=WordfenceOptions" "Mozilla/5.0 (Macintosh; Intel Mac OS X 10_14_5) AppleWebKit/537.36 (KHTML, like Gecko) Chrome/74.0.3729.169 Safari/537.36"
202.47.49.95 - - [12/Jun/2019:11:43:08 +0000] "POST /wp-admin/admin-ajax.php?_fs_blog_admin=true HTTP/1.0" 200 615 "https://simplydesignlife.com/wp-admin/admin.php?page=WordfenceScan" "Mozilla/5.0 (Macintosh; Intel Mac OS X 10_14_5) AppleWebKit/537.36 (KHTML, like Gecko) Chrome/74.0.3729.169 Safari/537.36"
198.27.82.210 - - [12/Jun/2019:11:42:58 +0000] "POST /xmlrpc.php HTTP/1.0" 200 607 "-" "Mozilla/5.0 (Windows NT 10.0; WOW64) AppleWebKit/537.36 (KHTML, like Gecko) Chrome/63.0.3239.132 Safari/537.36"
198.27.82.210 - - [12/Jun/2019:11:43:12 +0000] "POST /xmlrpc.php HTTP/1.0" 200 607 "-" "Mozilla/5.0 (Windows NT 10.0; WOW64) AppleWebKit/537.36 (KHTML, like Gecko) Chrome/63.0.3239.132 Safari/537.36"
167.99.92.90 - - [12/Jun/2019:11:43:32 +0000] "POST /wp-cron.php?doing_wp_cron=1560339812.2733430862426757812500 HTTP/1.0" 200 255 "https://simplydesignlife.com/wp-cron.php?doing_wp_cron=1560339812.2733430862426757812500" "WordPress/5.2.1; https://simplydesignlife.com"
202.47.49.95 - - [12/Jun/2019:11:43:32 +0000] "POST /wp-admin/admin-ajax.php?_fs_blog_admin=true HTTP/1.0" 200 598 "https://simplydesignlife.com/wp-admin/admin.php?page=WordfenceOptions" "Mozilla/5.0 (Macintosh; Intel Mac OS X 10_14_5) AppleWebKit/537.36 (KHTML, like Gecko) Chrome/74.0.3729.169 Safari/537.36"
202.47.49.95 - - [12/Jun/2019:11:43:32 +0000] "GET /wp-admin/admin.php?page=WordfenceOptions HTTP/1.0" 200 188971 "https://simplydesignlife.com/wp-admin/admin.php?page=WordfenceOptions" "Mozilla/5.0 (Macintosh; Intel Mac OS X 10_14_5) AppleWebKit/537.36 (KHTML, like Gecko) Chrome/74.0.3729.169 Safari/537.36"
198.27.82.210 - - [12/Jun/2019:11:43:27 +0000] "POST /xmlrpc.php HTTP/1.0" 200 607 "-" "Mozilla/5.0 (Windows NT 10.0; WOW64) AppleWebKit/537.36 (KHTML, like Gecko) Chrome/63.0.3239.132 Safari/537.36"
202.47.49.95 - - [12/Jun/2019:11:43:50 +0000] "POST /wp-admin/admin-ajax.php?_fs_blog_admin=true HTTP/1.0" 200 18522 "https://simplydesignlife.com/wp-admin/admin.php?page=WordfenceScan" "Mozilla/5.0 (Macintosh; Intel Mac OS X 10_14_5) AppleWebKit/537.36 (KHTML, like Gecko) Chrome/74.0.3729.169 Safari/537.36"
202.47.49.95 - - [12/Jun/2019:11:43:51 +0000] "POST /wp-admin/admin-ajax.php?_fs_blog_admin=true HTTP/1.0" 200 979 "https://simplydesignlife.com/wp-admin/admin.php?page=WordfenceScan" "Mozilla/5.0 (Macintosh; Intel Mac OS X 10_14_5) AppleWebKit/537.36 (KHTML, like Gecko) Chrome/74.0.3729.169 Safari/537.36"
198.27.82.210 - - [12/Jun/2019:11:43:41 +0000] "POST /xmlrpc.php HTTP/1.0" 200 607 "-" "Mozilla/5.0 (Windows NT 10.0; WOW64) AppleWebKit/537.36 (KHTML, like Gecko) Chrome/63.0.3239.132 Safari/537.36"
63.143.42.247 - - [12/Jun/2019:11:44:02 +0000] "HEAD / HTTP/1.0" 200 282 "https://simplydesignlife.com/" "Mozilla/5.0+(compatible; UptimeRobot/2.0; http://www.uptimerobot.com/)"
73.55.251.34 - - [12/Jun/2019:11:44:02 +0000] "GET /a-cor-que-vai-dominar-2019-na-decoracao/ HTTP/1.0" 200 15492 "https://www.pinterest.com/pin/201184308340875223" "Mozilla/5.0 (iPhone; CPU iPhone OS 12_3_1 like Mac OS X) AppleWebKit/605.1.15 (KHTML, like Gecko) Mobile/15E148 [Pinterest/iOS]"
73.55.251.34 - - [12/Jun/2019:11:44:03 +0000] "GET /wp-content/plugins/social-warfare/assets/fonts/sw-icon-font.woff?ver=3.6.1 HTTP/1.0" 200 5246 "https://simplydesignlife.com/a-cor-que-vai-dominar-2019-na-decoracao/" "Mozilla/5.0 (iPhone; CPU iPhone OS 12_3_1 like Mac OS X) AppleWebKit/605.1.15 (KHTML, like Gecko) Mobile/15E148 [Pinterest/iOS]"
73.55.251.34 - - [12/Jun/2019:11:44:03 +0000] "POST /wp-admin/admin-ajax.php HTTP/1.0" 200 618 "https://simplydesignlife.com/a-cor-que-vai-dominar-2019-na-decoracao/" "Mozilla/5.0 (iPhone; CPU iPhone OS 12_3_1 like Mac OS X) AppleWebKit/605.1.15 (KHTML, like Gecko) Mobile/15E148 [Pinterest/iOS]"
73.55.251.34 - - [12/Jun/2019:11:44:04 +0000] "POST /wp-admin/admin-ajax.php HTTP/1.0" 200 516 "https://simplydesignlife.com/a-cor-que-vai-dominar-2019-na-decoracao/" "Mozilla/5.0 (iPhone; CPU iPhone OS 12_3_1 like Mac OS X) AppleWebKit/605.1.15 (KHTML, like Gecko) Mobile/15E148 [Pinterest/iOS]"
73.55.251.34 - - [12/Jun/2019:11:44:04 +0000] "POST /wp-admin/admin-ajax.php HTTP/1.0" 200 516 "https://simplydesignlife.com/a-cor-que-vai-dominar-2019-na-decoracao/" "Mozilla/5.0 (iPhone; CPU iPhone OS 12_3_1 like Mac OS X) AppleWebKit/605.1.15 (KHTML, like Gecko) Mobile/15E148 [Pinterest/iOS]"
198.27.82.210 - - [12/Jun/2019:11:43:55 +0000] "POST /xmlrpc.php HTTP/1.0" 200 607 "-" "Mozilla/5.0 (Windows NT 10.0; WOW64) AppleWebKit/537.36 (KHTML, like Gecko) Chrome/63.0.3239.132 Safari/537.36"
198.27.82.210 - - [12/Jun/2019:11:44:09 +0000] "POST /xmlrpc.php HTTP/1.0" 200 607 "-" "Mozilla/5.0 (Windows NT 10.0; WOW64) AppleWebKit/537.36 (KHTML, like Gecko) Chrome/63.0.3239.132 Safari/537.36"
198.27.82.210 - - [12/Jun/2019:11:44:24 +0000] "POST /xmlrpc.php HTTP/1.0" 200 607 "-" "Mozilla/5.0 (Windows NT 10.0; WOW64) AppleWebKit/537.36 (KHTML, like Gecko) Chrome/63.0.3239.132 Safari/537.36"
198.27.82.210 - - [12/Jun/2019:11:44:38 +0000] "POST /xmlrpc.php HTTP/1.0" 200 607 "-" "Mozilla/5.0 (Windows NT 10.0; WOW64) AppleWebKit/537.36 (KHTML, like Gecko) Chrome/63.0.3239.132 Safari/537.36"
73.55.251.34 - - [12/Jun/2019:11:44:51 +0000] "GET /shop-here/ HTTP/1.0" 200 15438 "-" "Mozilla/5.0 (iPhone; CPU iPhone OS 12_3_1 like Mac OS X) AppleWebKit/605.1.15 (KHTML, like Gecko) Mobile/15E148 [Pinterest/iOS]"
73.55.251.34 - - [12/Jun/2019:11:44:52 +0000] "GET /wp-content/plugins/social-warfare/assets/fonts/sw-icon-font.woff?ver=3.6.1 HTTP/1.0" 200 5246 "http://simplydesignlife.com/shop-here/" "Mozilla/5.0 (iPhone; CPU iPhone OS 12_3_1 like Mac OS X) AppleWebKit/605.1.15 (KHTML, like Gecko) Mobile/15E148 [Pinterest/iOS]"
73.55.251.34 - - [12/Jun/2019:11:44:53 +0000] "POST /wp-admin/admin-ajax.php HTTP/1.0" 200 617 "http://simplydesignlife.com/shop-here/" "Mozilla/5.0 (iPhone; CPU iPhone OS 12_3_1 like Mac OS X) AppleWebKit/605.1.15 (KHTML, like Gecko) Mobile/15E148 [Pinterest/iOS]"
73.55.251.34 - - [12/Jun/2019:11:44:54 +0000] "POST /wp-admin/admin-ajax.php HTTP/1.0" 200 515 "http://simplydesignlife.com/shop-here/" "Mozilla/5.0 (iPhone; CPU iPhone OS 12_3_1 like Mac OS X) AppleWebKit/605.1.15 (KHTML, like Gecko) Mobile/15E148 [Pinterest/iOS]"
73.55.251.34 - - [12/Jun/2019:11:44:54 +0000] "POST /wp-admin/admin-ajax.php HTTP/1.0" 200 515 "http://simplydesignlife.com/shop-here/" "Mozilla/5.0 (iPhone; CPU iPhone OS 12_3_1 like Mac OS X) AppleWebKit/605.1.15 (KHTML, like Gecko) Mobile/15E148 [Pinterest/iOS]"
73.55.251.34 - - [12/Jun/2019:11:44:59 +0000] "GET /shop-my-fashion-style/ HTTP/1.0" 200 15698 "http://simplydesignlife.com/shop-here/" "Mozilla/5.0 (iPhone; CPU iPhone OS 12_3_1 like Mac OS X) AppleWebKit/605.1.15 (KHTML, like Gecko) Mobile/15E148 [Pinterest/iOS]"
73.55.251.34 - - [12/Jun/2019:11:45:00 +0000] "POST /wp-admin/admin-ajax.php HTTP/1.0" 200 20864 "http://simplydesignlife.com/shop-my-fashion-style/" "Mozilla/5.0 (iPhone; CPU iPhone OS 12_3_1 like Mac OS X) AppleWebKit/605.1.15 (KHTML, like Gecko) Mobile/15E148 [Pinterest/iOS]"
198.27.82.210 - - [12/Jun/2019:11:44:52 +0000] "POST /xmlrpc.php HTTP/1.0" 200 607 "-" "Mozilla/5.0 (Windows NT 10.0; WOW64) AppleWebKit/537.36 (KHTML, like Gecko) Chrome/63.0.3239.132 Safari/537.36"
198.27.82.210 - - [12/Jun/2019:11:45:07 +0000] "POST /xmlrpc.php HTTP/1.0" 200 607 "-" "Mozilla/5.0 (Windows NT 10.0; WOW64) AppleWebKit/537.36 (KHTML, like Gecko) Chrome/63.0.3239.132 Safari/537.36"
198.27.82.210 - - [12/Jun/2019:11:45:21 +0000] "POST /xmlrpc.php HTTP/1.0" 200 607 "-" "Mozilla/5.0 (Windows NT 10.0; WOW64) AppleWebKit/537.36 (KHTML, like Gecko) Chrome/63.0.3239.132 Safari/537.36"
198.27.82.210 - - [12/Jun/2019:11:45:35 +0000] "POST /xmlrpc.php HTTP/1.0" 200 607 "-" "Mozilla/5.0 (Windows NT 10.0; WOW64) AppleWebKit/537.36 (KHTML, like Gecko) Chrome/63.0.3239.132 Safari/537.36"
198.27.82.210 - - [12/Jun/2019:11:45:49 +0000] "POST /xmlrpc.php HTTP/1.0" 200 607 "-" "Mozilla/5.0 (Windows NT 10.0; WOW64) AppleWebKit/537.36 (KHTML, like Gecko) Chrome/63.0.3239.132 Safari/537.36"
198.27.82.210 - - [12/Jun/2019:11:46:04 +0000] "POST /xmlrpc.php HTTP/1.0" 200 607 "-" "Mozilla/5.0 (Windows NT 10.0; WOW64) AppleWebKit/537.36 (KHTML, like Gecko) Chrome/63.0.3239.132 Safari/537.36"
198.27.82.210 - - [12/Jun/2019:11:46:18 +0000] "POST /xmlrpc.php HTTP/1.0" 200 607 "-" "Mozilla/5.0 (Windows NT 10.0; WOW64) AppleWebKit/537.36 (KHTML, like Gecko) Chrome/63.0.3239.132 Safari/537.36"
198.27.82.210 - - [12/Jun/2019:11:46:33 +0000] "POST /xmlrpc.php HTTP/1.0" 200 607 "-" "Mozilla/5.0 (Windows NT 10.0; WOW64) AppleWebKit/537.36 (KHTML, like Gecko) Chrome/63.0.3239.132 Safari/537.36"
198.27.82.210 - - [12/Jun/2019:11:46:47 +0000] "POST /xmlrpc.php HTTP/1.0" 200 607 "-" "Mozilla/5.0 (Windows NT 10.0; WOW64) AppleWebKit/537.36 (KHTML, like Gecko) Chrome/63.0.3239.132 Safari/537.36"
198.27.82.210 - - [12/Jun/2019:11:47:01 +0000] "POST /xmlrpc.php HTTP/1.0" 200 607 "-" "Mozilla/5.0 (Windows NT 10.0; WOW64) AppleWebKit/537.36 (KHTML, like Gecko) Chrome/63.0.3239.132 Safari/537.36"
202.47.49.95 - - [12/Jun/2019:11:47:17 +0000] "GET /wp-admin/ HTTP/1.0" 302 434 "-" "Mozilla/5.0 (Windows NT 10.0; Win64; x64) AppleWebKit/537.36 (KHTML, like Gecko) Chrome/74.0.3729.169 Safari/537.36"
202.47.49.95 - - [12/Jun/2019:11:47:18 +0000] "GET /wp-login.php?redirect_to=https%3A%2F%2Fsimplydesignlife.com%2Fwp-admin%2F&reauth=1 HTTP/1.0" 200 3725 "-" "Mozilla/5.0 (Windows NT 10.0; Win64; x64) AppleWebKit/537.36 (KHTML, like Gecko) Chrome/74.0.3729.169 Safari/537.36"
202.47.49.95 - - [12/Jun/2019:11:47:20 +0000] "POST /wp-login.php HTTP/1.0" 302 1262 "https://simplydesignlife.com/wp-login.php?redirect_to=https%3A%2F%2Fsimplydesignlife.com%2Fwp-admin%2F&reauth=1" "Mozilla/5.0 (Windows NT 10.0; Win64; x64) AppleWebKit/537.36 (KHTML, like Gecko) Chrome/74.0.3729.169 Safari/537.36"
202.47.49.95 - - [12/Jun/2019:11:47:21 +0000] "GET /wp-admin/ HTTP/1.0" 200 32170 "https://simplydesignlife.com/wp-login.php?redirect_to=https%3A%2F%2Fsimplydesignlife.com%2Fwp-admin%2F&reauth=1" "Mozilla/5.0 (Windows NT 10.0; Win64; x64) AppleWebKit/537.36 (KHTML, like Gecko) Chrome/74.0.3729.169 Safari/537.36"
202.47.49.95 - - [12/Jun/2019:11:47:25 +0000] "GET /wp-json/wp/v2/ HTTP/1.0" 200 5474 "https://simplydesignlife.com/wp-admin/" "Mozilla/5.0 (Windows NT 10.0; Win64; x64) AppleWebKit/537.36 (KHTML, like Gecko) Chrome/74.0.3729.169 Safari/537.36"
202.47.49.95 - - [12/Jun/2019:11:47:26 +0000] "GET /wp-json/yoast/v1/statistics HTTP/1.0" 200 945 "https://simplydesignlife.com/wp-admin/" "Mozilla/5.0 (Windows NT 10.0; Win64; x64) AppleWebKit/537.36 (KHTML, like Gecko) Chrome/74.0.3729.169 Safari/537.36"
202.47.49.95 - - [12/Jun/2019:11:47:26 +0000] "GET /wp-json/yoast/v1/ryte HTTP/1.0" 200 705 "https://simplydesignlife.com/wp-admin/" "Mozilla/5.0 (Windows NT 10.0; Win64; x64) AppleWebKit/537.36 (KHTML, like Gecko) Chrome/74.0.3729.169 Safari/537.36"
198.27.82.210 - - [12/Jun/2019:11:47:15 +0000] "POST /xmlrpc.php HTTP/1.0" 200 607 "-" "Mozilla/5.0 (Windows NT 10.0; WOW64) AppleWebKit/537.36 (KHTML, like Gecko) Chrome/63.0.3239.132 Safari/537.36"
202.47.49.95 - - [12/Jun/2019:11:47:27 +0000] "POST /wp-admin/admin-ajax.php?_fs_blog_admin=true HTTP/1.0" 200 856 "https://simplydesignlife.com/wp-admin/" "Mozilla/5.0 (Windows NT 10.0; Win64; x64) AppleWebKit/537.36 (KHTML, like Gecko) Chrome/74.0.3729.169 Safari/537.36"
202.47.49.95 - - [12/Jun/2019:11:47:38 +0000] "GET / HTTP/1.0" 200 18103 "https://simplydesignlife.com/wp-admin/" "Mozilla/5.0 (Windows NT 10.0; Win64; x64) AppleWebKit/537.36 (KHTML, like Gecko) Chrome/74.0.3729.169 Safari/537.36"
198.27.82.210 - - [12/Jun/2019:11:47:29 +0000] "POST /xmlrpc.php HTTP/1.0" 200 607 "-" "Mozilla/5.0 (Windows NT 10.0; WOW64) AppleWebKit/537.36 (KHTML, like Gecko) Chrome/63.0.3239.132 Safari/537.36"
202.47.49.95 - - [12/Jun/2019:11:47:42 +0000] "POST /wp-admin/admin-ajax.php HTTP/1.0" 200 20865 "https://simplydesignlife.com/" "Mozilla/5.0 (Windows NT 10.0; Win64; x64) AppleWebKit/537.36 (KHTML, like Gecko) Chrome/74.0.3729.169 Safari/537.36"
198.27.82.210 - - [12/Jun/2019:11:47:43 +0000] "POST /xmlrpc.php HTTP/1.0" 200 607 "-" "Mozilla/5.0 (Windows NT 10.0; WOW64) AppleWebKit/537.36 (KHTML, like Gecko) Chrome/63.0.3239.132 Safari/537.36"
202.47.49.95 - - [12/Jun/2019:11:47:55 +0000] "GET /shop-here/ HTTP/1.0" 200 15570 "https://simplydesignlife.com/" "Mozilla/5.0 (Windows NT 10.0; Win64; x64) AppleWebKit/537.36 (KHTML, like Gecko) Chrome/74.0.3729.169 Safari/537.36"
202.47.49.95 - - [12/Jun/2019:11:47:58 +0000] "POST /wp-admin/admin-ajax.php HTTP/1.0" 200 20865 "https://simplydesignlife.com/shop-here/" "Mozilla/5.0 (Windows NT 10.0; Win64; x64) AppleWebKit/537.36 (KHTML, like Gecko) Chrome/74.0.3729.169 Safari/537.36"
198.27.82.210 - - [12/Jun/2019:11:47:58 +0000] "POST /xmlrpc.php HTTP/1.0" 200 607 "-" "Mozilla/5.0 (Windows NT 10.0; WOW64) AppleWebKit/537.36 (KHTML, like Gecko) Chrome/63.0.3239.132 Safari/537.36"
202.47.49.95 - - [12/Jun/2019:11:48:09 +0000] "GET /wp-admin/post.php?post=2870&action=edit HTTP/1.0" 200 64933 "https://simplydesignlife.com/shop-here/" "Mozilla/5.0 (Windows NT 10.0; Win64; x64) AppleWebKit/537.36 (KHTML, like Gecko) Chrome/74.0.3729.169 Safari/537.36"
202.47.49.95 - - [12/Jun/2019:11:48:10 +0000] "GET /wp-admin/load-styles.php?c=0&dir=ltr&load%5B%5D=dashicons,admin-bar,wp-pointer,buttons,media-views,common,forms,admin-menu,dashboard,list-tables,edit,revisions,media,themes,abo&load%5B%5D=ut,nav-menus,widgets,site-icon,l10n,wp-auth-check,wp-color-picker&ver=273259ae9179de08035c9340a4134752 HTTP/1.0" 200 91492 "https://simplydesignlife.com/wp-admin/post.php?post=2870&action=edit" "Mozilla/5.0 (Windows NT 10.0; Win64; x64) AppleWebKit/537.36 (KHTML, like Gecko) Chrome/74.0.3729.169 Safari/537.36"
202.47.49.95 - - [12/Jun/2019:11:48:11 +0000] "GET /wp-admin/load-styles.php?c=0&dir=ltr&load%5B%5D=farbtastic&ver=273259ae9179de08035c9340a4134752 HTTP/1.0" 200 556 "https://simplydesignlife.com/wp-admin/post.php?post=2870&action=edit" "Mozilla/5.0 (Windows NT 10.0; Win64; x64) AppleWebKit/537.36 (KHTML, like Gecko) Chrome/74.0.3729.169 Safari/537.36"
198.27.82.210 - - [12/Jun/2019:11:48:13 +0000] "POST /xmlrpc.php HTTP/1.0" 200 607 "-" "Mozilla/5.0 (Windows NT 10.0; WOW64) AppleWebKit/537.36 (KHTML, like Gecko) Chrome/63.0.3239.132 Safari/537.36"
202.47.49.95 - - [12/Jun/2019:11:48:23 +0000] "GET /wp-json/wp/v2/ HTTP/1.0" 200 5474 "https://simplydesignlife.com/wp-admin/post.php?post=2870&action=edit" "Mozilla/5.0 (Windows NT 10.0; Win64; x64) AppleWebKit/537.36 (KHTML, like Gecko) Chrome/74.0.3729.169 Safari/537.36"
202.47.49.95 - - [12/Jun/2019:11:48:23 +0000] "GET /wp-admin/load-scripts.php?c=0&load%5B%5D=hoverIntent,common,admin-bar,jquery-ui-widget,jquery-ui-position,wp-pointer,heartbeat,autosave,wp-ajax-response,jquery-color,wp-&load%5B%5D=lists,quicktags,jquery-query,admin-comments,suggest,jquery-ui-mouse,jquery-ui-sortable,postbox,jquery-ui-menu,jquery-ui-autocomp&load%5B%5D=lete,tags-suggest,tags-box,word-count,post,editor-expand,thickbox,shortcode,wp-backbone,media-models,wp-plupload,wp-mediaelement&load%5B%5D=,media-views,media-editor,media-audiovideo,mce-view,imgareaselect,image-edit,svg-painter,wp-auth-check,jquery-ui-draggable,jquer&load%5B%5D=y-ui-slider,jquery-touch-punch,iris,wp-color-picker,wp-sanitize,wp-annotations,jquery-ui-button,farbtastic&ver=273259ae9179de08035c9340a4134752 HTTP/1.0" 200 134513 "https://simplydesignlife.com/wp-admin/post.php?post=2870&action=edit" "Mozilla/5.0 (Windows NT 10.0; Win64; x64) AppleWebKit/537.36 (KHTML, like Gecko) Chrome/74.0.3729.169 Safari/537.36"
202.47.49.95 - - [12/Jun/2019:11:48:26 +0000] "POST /wp-admin/admin-ajax.php?_fs_blog_admin=true HTTP/1.0" 200 979 "https://simplydesignlife.com/wp-admin/admin.php?page=WordfenceScan" "Mozilla/5.0 (Macintosh; Intel Mac OS X 10_14_5) AppleWebKit/537.36 (KHTML, like Gecko) Chrome/74.0.3729.169 Safari/537.36"
202.47.49.95 - - [12/Jun/2019:11:48:27 +0000] "POST /wp-admin/admin-ajax.php?_fs_blog_admin=true HTTP/1.0" 200 979 "https://simplydesignlife.com/wp-admin/admin.php?page=WordfenceScan" "Mozilla/5.0 (Macintosh; Intel Mac OS X 10_14_5) AppleWebKit/537.36 (KHTML, like Gecko) Chrome/74.0.3729.169 Safari/537.36"
202.47.49.95 - - [12/Jun/2019:11:48:29 +0000] "POST /wp-admin/admin-ajax.php?_fs_blog_admin=true HTTP/1.0" 200 594 "https://simplydesignlife.com/wp-admin/post.php?post=2870&action=edit" "Mozilla/5.0 (Windows NT 10.0; Win64; x64) AppleWebKit/537.36 (KHTML, like Gecko) Chrome/74.0.3729.169 Safari/537.36"
202.47.49.95 - - [12/Jun/2019:11:48:29 +0000] "POST /wp-admin/admin-ajax.php?_fs_blog_admin=true HTTP/1.0" 200 668 "https://simplydesignlife.com/wp-admin/post.php?post=2870&action=edit" "Mozilla/5.0 (Windows NT 10.0; Win64; x64) AppleWebKit/537.36 (KHTML, like Gecko) Chrome/74.0.3729.169 Safari/537.36"
202.47.49.95 - - [12/Jun/2019:11:48:29 +0000] "POST /wp-admin/admin-ajax.php?_fs_blog_admin=true HTTP/1.0" 200 979 "https://simplydesignlife.com/wp-admin/admin.php?page=WordfenceScan" "Mozilla/5.0 (Macintosh; Intel Mac OS X 10_14_5) AppleWebKit/537.36 (KHTML, like Gecko) Chrome/74.0.3729.169 Safari/537.36"
202.47.49.95 - - [12/Jun/2019:11:48:31 +0000] "POST /wp-admin/admin-ajax.php?_fs_blog_admin=true HTTP/1.0" 200 979 "https://simplydesignlife.com/wp-admin/admin.php?page=WordfenceScan" "Mozilla/5.0 (Macintosh; Intel Mac OS X 10_14_5) AppleWebKit/537.36 (KHTML, like Gecko) Chrome/74.0.3729.169 Safari/537.36"
167.99.92.90 - - [12/Jun/2019:11:48:34 +0000] "POST /wp-cron.php?doing_wp_cron=1560340114.6302399635314941406250 HTTP/1.0" 200 255 "https://simplydesignlife.com/wp-cron.php?doing_wp_cron=1560340114.6302399635314941406250" "WordPress/5.2.1; https://simplydesignlife.com"
202.47.49.95 - - [12/Jun/2019:11:48:33 +0000] "POST /wp-admin/admin-ajax.php?_fs_blog_admin=true HTTP/1.0" 200 979 "https://simplydesignlife.com/wp-admin/admin.php?page=WordfenceScan" "Mozilla/5.0 (Macintosh; Intel Mac OS X 10_14_5) AppleWebKit/537.36 (KHTML, like Gecko) Chrome/74.0.3729.169 Safari/537.36"
